11-04 10:16:49.513  1487  1538 I ActivityManager: Start proc 2379:com.google.android.ext.services/u0a34 for on-hold
11-04 10:16:49.513  1771  2257 D Tile.CellularTile: cb=enabled=true, airplaneModeEnabled=false, signalContentDescription=No SIM card, enabledDesc=No SIM card, noSim=true, dataContentDescription=null, subId=0
11-04 10:16:49.514   867  2091 D FingerGoodix: wait_for_boot_complete,boot_complete_value:1
11-04 10:16:49.514   867  2091 D FingerGoodix: wait_for_boot_complete OK
11-04 10:16:49.517   867  2091 D FingerGoodix: get FingerPrintService num,1,gFingerPrintMSBinder:1.
11-04 10:16:49.517   867  2091 D FingerGoodix: Check finger print
11-04 10:16:49.517  1487  1538 D ActivityManager: Finishing user boot 0
11-04 10:16:49.519  1487  1538 V ActivityManager: Enqueueing ordered broadcast BroadcastRecord{54f992e u0 android.intent.action.LOCKED_BOOT_COMPLETED}: prev had 1
11-04 10:16:49.519  1487  1538 I ActivityManager: Enqueueing broadcast android.intent.action.LOCKED_BOOT_COMPLETED
11-04 10:16:49.521   867  2091 D FingerGoodix: getFrameworkFingerID reply size: 60
11-04 10:16:49.521   867  2091 D FingerGoodix: getFrameworkFingerID ret: 0
11-04 10:16:49.521   867  2091 D FingerGoodix: final finger state: 0
11-04 10:16:49.522   867  2091 D FingerGoodix: checkFrameworkToHal,check_consistence-->current_num:1
11-04 10:16:49.522  1487  1538 D CryptdConnector: SND -> {5 cryptfs prepare_user_storage ! 0 0 2}
11-04 10:16:49.522   867  2091 D FingerGoodix: checkFrameworkToHal,check_consistence:1786481821
11-04 10:16:49.523   867  2091 D FingerGoodix: checkFrameworkToHal,is_consistence:1
11-04 10:16:49.523   867  2091 D FingerGoodix: checkFrameworkToHal,check_consistence:0
11-04 10:16:49.523   867  2091 D FingerGoodix: Check finger print
11-04 10:16:49.523   490   497 D vold    : e4crypt_prepare_user_storage for volume null, user 0, serial 0, flags 2
11-04 10:16:49.523  2382  2382 I bootstat: Service started: /system/bin/bootstat --record_time_since_factory_reset 
11-04 10:16:49.524   490   497 D vold    : Preparing: /data/system_ce/0
11-04 10:16:49.524  2382  2382 I bootstat: Logging histogram: factory_reset_current_time 1509761809
11-04 10:16:49.524   490   497 D vold    : Preparing: /data/misc_ce/0
11-04 10:16:49.524   490   497 D vold    : Preparing: /data/media/0
11-04 10:16:49.524   490   497 D vold    : Preparing: /data/data
11-04 10:16:49.525  1487  1658 D CryptdConnector: RCV <- {200 5 Command succeeded}
11-04 10:16:49.526   867  2091 D FingerGoodix: getFrameworkFingerID reply size: 60
11-04 10:16:49.526   867  2091 D FingerGoodix: getFrameworkFingerID ret: 0
11-04 10:16:49.526   867  2091 D FingerGoodix: final finger state: 0
11-04 10:16:49.526   867  2091 D FingerGoodix: checkHalToFramework,check_consistence-->current_num:1
11-04 10:16:49.526  1487  1538 V UserManagerService: Found /data/user/0 with serial number 0
11-04 10:16:49.527   867  2091 D FingerGoodix: checkHalToFramework,check_consistence:1786481821
11-04 10:16:49.527   867  2091 D FingerGoodix: checkHalToFramework,is_consistence:1
11-04 10:16:49.527  1487  1538 V UserManagerService: Found /data/system_ce/0 with serial number 0
11-04 10:16:49.527   867  2091 D FingerGoodix: checkHalToFramework,check_consistence:0
11-04 10:16:49.527   867  2091 D FingerGoodix: checkHalToFramework,check_consistence:0
11-04 10:16:49.527   867  2091 D FingerGoodix: checkHalToFramework,check_consistence:0
11-04 10:16:49.528   867  2091 D FingerGoodix: checkHalToFramework,check_consistence:0
11-04 10:16:49.528   867  2091 D FingerGoodix: check_consistence:end
11-04 10:16:49.528  1487  1538 V PackageManager: reconcileAppsData for null u0 0x2
11-04 10:16:49.530  2382  2382 I bootstat: Logging histogram: bootstat_mtime_matches_content 1
11-04 10:16:49.530  2382  2382 I bootstat: Logging histogram: factory_reset_record_value 915246
11-04 10:16:49.542  1771  2257 D Tile.CellularTile: cb=enabled=true, airplaneModeEnabled=false, signalContentDescription=No SIM card, enabledDesc=No SIM card, noSim=true, dataContentDescription=null, subId=0
11-04 10:16:49.550  2391  2391 I bootstat: Service started: /system/bin/bootstat -l 
11-04 10:16:49.551  2391  2391 I bootstat: Logging histogram: bootstat_mtime_matches_content 1
11-04 10:16:49.552  2391  2391 I bootstat: Logging histogram: bootstat_mtime_matches_content 1
11-04 10:16:49.552  2391  2391 I bootstat: Logging histogram: bootstat_mtime_matches_content 1
11-04 10:16:49.553  2391  2391 I bootstat: Logging histogram: bootstat_mtime_matches_content 1
11-04 10:16:49.555  2391  2391 I bootstat: Logging histogram: bootstat_mtime_matches_content 1
11-04 10:16:49.556  2391  2391 I bootstat: Logging histogram: bootstat_mtime_matches_content 1
11-04 10:16:49.556  2391  2391 I bootstat: Logging histogram: bootstat_mtime_matches_content 1
11-04 10:16:49.557  1771  2257 D Tile.CellularTile: cb=enabled=true, airplaneModeEnabled=false, signalContentDescription=No SIM card, enabledDesc=No SIM card, noSim=true, dataContentDescription=null, subId=0
11-04 10:16:49.557  2391  2391 I bootstat: Logging histogram: bootstat_mtime_matches_content 1
11-04 10:16:49.557  2391  2391 I bootstat: Logging histogram: bootstat_mtime_matches_content 1
11-04 10:16:49.557  2391  2391 I bootstat: Logging histogram: bootstat_mtime_matches_content 1
11-04 10:16:49.558  2391  2391 I bootstat: Logging histogram: bootstat_mtime_matches_content 1
11-04 10:16:49.558  2391  2391 I bootstat: Logging histogram: bootstat_mtime_matches_content 1
11-04 10:16:49.558  2391  2391 I bootstat: Logging histogram: bootstat_mtime_matches_content 1
11-04 10:16:49.559  2391  2391 I bootstat: Logging histogram: bootstat_mtime_matches_content 1
11-04 10:16:49.559  2391  2391 I bootstat: Logging histogram: post_decrypt_time_elapsed 23
11-04 10:16:49.559  2391  2391 I bootstat: Logging histogram: last_boot_time_utc 1509761809
11-04 10:16:49.560  2391  2391 I bootstat: Logging histogram: build_date 1501613785
11-04 10:16:49.560  2391  2391 I bootstat: Logging histogram: boot_decryption_complete 43
11-04 10:16:49.560  2391  2391 I bootstat: Logging histogram: ota_boot_complete_post_decrypt 201
11-04 10:16:49.491  2378  2378 W bootstat: type=1400 audit(0.0:24): avc: denied { getattr } for path="/vendor" dev="rootfs" ino=14596 scontext=u:r:bootstat:s0 tcontext=u:object_r:rootfs:s0 tclass=lnk_file permissive=0
11-04 10:16:49.561  2391  2391 I bootstat: Logging histogram: ota_boot_complete 263
11-04 10:16:49.561  2391  2391 I bootstat: Logging histogram: boot_reason 1
11-04 10:16:49.561  2391  2391 I bootstat: Logging histogram: factory_reset_current_time 1509761809
11-04 10:16:49.561  2391  2391 I bootstat: Logging histogram: factory_reset 915246
11-04 10:16:49.562  2391  2391 I bootstat: Logging histogram: time_since_last_boot 481404
11-04 10:16:49.562  2391  2391 I bootstat: Logging histogram: boot_complete_post_decrypt 20
11-04 10:16:49.562  2391  2391 I bootstat: Logging histogram: boot_complete 43
11-04 10:16:49.563  2391  2391 I bootstat: Logging histogram: factory_reset_record_value 915246
11-04 10:16:49.563  2391  2391 I bootstat: Logging histogram: time_since_factory_reset 1508846563
11-04 10:16:49.614  2397  2397 D RF_SAR_DAEMON: sar_daemon main,persist.sys.sar.enabled is 0.
11-04 10:16:49.614  2397  2397 E RF_SAR_DAEMON: sar_daemon main,SAR Feature is disabled.
11-04 10:16:49.631  1487  2246 D DisplayPowerController: requestPowerState: policy=BRIGHT, useProximitySensor=false, screenBrightness=102, screenAutoBrightnessAdjustment=0.0, brightnessSetByUser=true, useAutoBrightness=false, blockScreenOn=false, lowPowerMode=false, boostScreenBrightness=false, dozeScreenBrightness=-1, dozeScreenState=UNKNOWN, forceWakeUpEnable=false, useTwilight=false, waitForNegativeProximity=false
11-04 10:16:49.632  1487  1540 D PowerManagerService: handle sandman startDreaming=false isDreaming=false mSandmanSummoned=false  mWakefulness1 wakefulness=1
11-04 10:16:49.640  1487  2017 D DisplayPowerController: requestPowerState: policy=BRIGHT, useProximitySensor=false, screenBrightness=102, screenAutoBrightnessAdjustment=0.0, brightnessSetByUser=true, useAutoBrightness=false, blockScreenOn=false, lowPowerMode=false, boostScreenBrightness=false, dozeScreenBrightness=-1, dozeScreenState=UNKNOWN, forceWakeUpEnable=false, useTwilight=false, waitForNegativeProximity=false
11-04 10:16:49.640  1487  1540 D PowerManagerService: handle sandman startDreaming=false isDreaming=false mSandmanSummoned=false  mWakefulness1 wakefulness=1
11-04 10:16:49.670  2401  2401 D Feedback_smcd: SMC Daemon (smcd) V2.1.14 starting
11-04 10:16:49.670  2401  2401 D Feedback_smcd: In mass_traceability_read line 227, reposition 64-bit read/write file offset to 0xe7000
11-04 10:16:49.671  2401  2401 D Feedback_smcd: In mass_traceability_read line 231, read traceability ram dump as 0x0 from offset 0xe7000
11-04 10:16:49.671  2401  2401 D Feedback_smcd: In mass_traceability_ram_dump_reader line 331, get ram dump mask in offset 0Xe7000 as 0x0
11-04 10:16:49.511  2382  2382 W bootstat: type=1400 audit(0.0:25): avc: denied { getattr } for path="/vendor" dev="rootfs" ino=14596 scontext=u:r:bootstat:s0 tcontext=u:object_r:rootfs:s0 tclass=lnk_file permissive=0
11-04 10:16:49.704  2401  2401 D Feedback_smcd: In read_logs_config line 245, read config from /data/endusertest/smc_sharedpreference.xml
11-04 10:16:49.531  2391  2391 W bootstat: type=1400 audit(0.0:26): avc: denied { getattr } for path="/vendor" dev="rootfs" ino=14596 scontext=u:r:bootstat:s0 tcontext=u:object_r:rootfs:s0 tclass=lnk_file permissive=0
11-04 10:16:49.705  2401  2409 D Feedback_smcd: In ramDumpFolderCheck line 420, will excute command preprd -c
11-04 10:16:49.706  2401  2401 D Feedback_smcd: In read_logs_config line 288, Read config file result=0
11-04 10:16:49.706  2401  2401 D Feedback_smcd: In init line 175, get AutoStart Mask 0x0 from config file
11-04 10:16:49.707  2401  2401 E Feedback_smcd: In init line 177, can't access /sdcard 0, errno=2, No such file or directory
11-04 10:16:49.571  2397  2397 W sar_daemon: type=1400 audit(0.0:27): avc: denied { getattr } for path="/vendor" dev="rootfs" ino=14596 scontext=u:r:sar_daemon:s0 tcontext=u:object_r:rootfs:s0 tclass=lnk_file permissive=0
11-04 10:16:49.746  2401  2409 D Feedback_smcd: In ramDumpFolderCheck line 423, command stattus:WIFEXITED(ret) = 1, WEXITSTATUS(ret) = 0, WIFSIGNALED(ret) = 0,WTERMSIG(ret) = 0, WIFSTOPPED(ret) = 0, WSTOPSIG(ret) = 0
11-04 10:16:49.746  2401  2409 D Feedback_smcd: In ramDumpFolderCheck line 429, check partition /storage/sdcard1
11-04 10:16:49.748  2401  2409 D Feedback_smcd: In ramDumpFolderCheck line 499, will excute command unpackrd /data/endusertest/ramdump.bin -c
11-04 10:16:49.641  2401  2401 W smcd    : type=1400 audit(0.0:28): avc: denied { getattr } for path="/vendor" dev="rootfs" ino=14596 scontext=u:r:smcd:s0 tcontext=u:object_r:rootfs:s0 tclass=lnk_file permissive=0
11-04 10:16:49.671  2395  2395 W sh      : type=1400 audit(0.0:29): avc: denied { write } for name="interactive" dev="sysfs" ino=45129 scontext=u:r:qti_init_shell:s0 tcontext=u:object_r:sysfs:s0 tclass=dir permissive=0
11-04 10:16:49.800  2401  2409 D Feedback_smcd: In ramDumpFolderCheck line 503, command stattus:WIFEXITED(ret) = 1, WEXITSTATUS(ret) = 255,WIFSIGNALED(ret) = 0, WTERMSIG(ret) = 0, WIFSTOPPED(ret) = 0, WSTOPSIG(ret) = 255
11-04 10:16:49.800  2401  2409 D Feedback_smcd: In ramDumpFolderCheck line 530, will excute command preprd /data/endusertest/ramdump.bin
11-04 10:16:49.701  2411  2411 W sh      : type=1400 audit(0.0:30): avc: denied { getattr } for path="/vendor" dev="rootfs" ino=14596 scontext=u:r:smcd:s0 tcontext=u:object_r:rootfs:s0 tclass=lnk_file permissive=0
11-04 10:16:49.751  2415  2415 W sh      : type=1400 audit(0.0:31): avc: denied { getattr } for path="/vendor" dev="rootfs" ino=14596 scontext=u:r:smcd:s0 tcontext=u:object_r:rootfs:s0 tclass=lnk_file permissive=0
11-04 10:16:49.836  1487  2273 D DisplayPowerController: requestPowerState: policy=BRIGHT, useProximitySensor=false, screenBrightness=102, screenAutoBrightnessAdjustment=0.0, brightnessSetByUser=true, useAutoBrightness=false, blockScreenOn=false, lowPowerMode=false, boostScreenBrightness=false, dozeScreenBrightness=-1, dozeScreenState=UNKNOWN, forceWakeUpEnable=false, useTwilight=false, waitForNegativeProximity=false
11-04 10:16:49.836  1487  1540 D PowerManagerService: handle sandman startDreaming=false isDreaming=false mSandmanSummoned=false  mWakefulness1 wakefulness=1
11-04 10:16:49.801  2418  2418 W sh      : type=1400 audit(0.0:32): avc: denied { getattr } for path="/vendor" dev="rootfs" ino=14596 scontext=u:r:smcd:s0 tcontext=u:object_r:rootfs:s0 tclass=lnk_file permissive=0
11-04 10:16:49.858  1487  2271 D DisplayPowerController: requestPowerState: policy=BRIGHT, useProximitySensor=false, screenBrightness=102, screenAutoBrightnessAdjustment=0.0, brightnessSetByUser=true, useAutoBrightness=false, blockScreenOn=false, lowPowerMode=false, boostScreenBrightness=false, dozeScreenBrightness=-1, dozeScreenState=UNKNOWN, forceWakeUpEnable=false, useTwilight=false, waitForNegativeProximity=false
11-04 10:16:49.859  1487  1540 D PowerManagerService: handle sandman startDreaming=false isDreaming=false mSandmanSummoned=false  mWakefulness1 wakefulness=1
11-04 10:16:49.883  1487  1517 D DisplayPowerController: requestPowerState: policy=BRIGHT, useProximitySensor=false, screenBrightness=102, screenAutoBrightnessAdjustment=0.0, brightnessSetByUser=true, useAutoBrightness=false, blockScreenOn=false, lowPowerMode=false, boostScreenBrightness=false, dozeScreenBrightness=-1, dozeScreenState=UNKNOWN, forceWakeUpEnable=false, useTwilight=false, waitForNegativeProximity=false
11-04 10:16:49.884  1487  1540 D PowerManagerService: handle sandman startDreaming=false isDreaming=false mSandmanSummoned=false  mWakefulness1 wakefulness=1
11-04 10:16:50.027  1487  1506 D DisplayPowerController: requestPowerState: policy=BRIGHT, useProximitySensor=false, screenBrightness=102, screenAutoBrightnessAdjustment=0.0, brightnessSetByUser=true, useAutoBrightness=false, blockScreenOn=false, lowPowerMode=false, boostScreenBrightness=false, dozeScreenBrightness=-1, dozeScreenState=UNKNOWN, forceWakeUpEnable=false, useTwilight=false, waitForNegativeProximity=false
11-04 10:16:50.031  1487  1540 D PowerManagerService: handle sandman startDreaming=false isDreaming=false mSandmanSummoned=false  mWakefulness1 wakefulness=1
11-04 10:16:50.034  2231  2231 D QcrilMsgTunnelIfaceManager: handleMessage what = 0
11-04 10:16:50.035  1487  2272 D DisplayPowerController: requestPowerState: policy=BRIGHT, useProximitySensor=false, screenBrightness=102, screenAutoBrightnessAdjustment=0.0, brightnessSetByUser=true, useAutoBrightness=false, blockScreenOn=false, lowPowerMode=false, boostScreenBrightness=false, dozeScreenBrightness=-1, dozeScreenState=UNKNOWN, forceWakeUpEnable=false, useTwilight=false, waitForNegativeProximity=false
11-04 10:16:50.037  1487  1540 D PowerManagerService: handle sandman startDreaming=false isDreaming=false mSandmanSummoned=false  mWakefulness1 wakefulness=1
11-04 10:16:50.049  1487  2017 D DisplayPowerController: requestPowerState: policy=BRIGHT, useProximitySensor=false, screenBrightness=102, screenAutoBrightnessAdjustment=0.0, brightnessSetByUser=true, useAutoBrightness=false, blockScreenOn=false, lowPowerMode=false, boostScreenBrightness=false, dozeScreenBrightness=-1, dozeScreenState=UNKNOWN, forceWakeUpEnable=false, useTwilight=false, waitForNegativeProximity=false
11-04 10:16:50.051  1487  2273 D DisplayPowerController: requestPowerState: policy=BRIGHT, useProximitySensor=false, screenBrightness=102, screenAutoBrightnessAdjustment=0.0, brightnessSetByUser=true, useAutoBrightness=false, blockScreenOn=false, lowPowerMode=false, boostScreenBrightness=false, dozeScreenBrightness=-1, dozeScreenState=UNKNOWN, forceWakeUpEnable=false, useTwilight=false, waitForNegativeProximity=false
11-04 10:16:50.052  1487  1540 D PowerManagerService: handle sandman startDreaming=false isDreaming=false mSandmanSummoned=false  mWakefulness1 wakefulness=1
11-04 10:16:50.055  1487  2271 D DisplayPowerController: requestPowerState: policy=BRIGHT, useProximitySensor=false, screenBrightness=102, screenAutoBrightnessAdjustment=0.0, brightnessSetByUser=true, useAutoBrightness=false, blockScreenOn=false, lowPowerMode=false, boostScreenBrightness=false, dozeScreenBrightness=-1, dozeScreenState=UNKNOWN, forceWakeUpEnable=false, useTwilight=false, waitForNegativeProximity=false
11-04 10:16:50.056  1487  1540 D PowerManagerService: handle sandman startDreaming=false isDreaming=false mSandmanSummoned=false  mWakefulness1 wakefulness=1
11-04 10:16:50.063  1487  1517 D DisplayPowerController: requestPowerState: policy=BRIGHT, useProximitySensor=false, screenBrightness=102, screenAutoBrightnessAdjustment=0.0, brightnessSetByUser=true, useAutoBrightness=false, blockScreenOn=false, lowPowerMode=false, boostScreenBrightness=false, dozeScreenBrightness=-1, dozeScreenState=UNKNOWN, forceWakeUpEnable=false, useTwilight=false, waitForNegativeProximity=false
11-04 10:16:50.064  1487  1540 D PowerManagerService: handle sandman startDreaming=false isDreaming=false mSandmanSummoned=false  mWakefulness1 wakefulness=1
11-04 10:16:50.066  1487  1506 D DisplayPowerController: requestPowerState: policy=BRIGHT, useProximitySensor=false, screenBrightness=102, screenAutoBrightnessAdjustment=0.0, brightnessSetByUser=true, useAutoBrightness=false, blockScreenOn=false, lowPowerMode=false, boostScreenBrightness=false, dozeScreenBrightness=-1, dozeScreenState=UNKNOWN, forceWakeUpEnable=false, useTwilight=false, waitForNegativeProximity=false
11-04 10:16:50.067  1487  1540 D PowerManagerService: handle sandman startDreaming=false isDreaming=false mSandmanSummoned=false  mWakefulness1 wakefulness=1
11-04 10:16:50.105   586   586 E SELinux : avc:  denied  { find } for service=batteryproperties pid=588 uid=1000 scontext=u:r:surfaceflinger:s0 tcontext=u:object_r:batteryproperties_service:s0 tclass=service_manager permissive=0
11-04 10:16:50.107   588   719 I ServiceManager: Waiting for service batteryproperties...
11-04 10:16:50.130   499   499 E ANDR-PERF-MPCTL: Boot complete, post boot executed
11-04 10:16:50.131   499   499 E ANDR-PERF-TARGET-INIT: Inside InitializeTarget
11-04 10:16:50.132   499   499 E ANDR-PERF-TARGET-INIT: Init msm8953
11-04 10:16:50.150   499   499 E ANDR-PERF-OPTSDATA: Error: core_ctl_cpu is not initialized for this target
11-04 10:16:50.151   499   499 E ANDR-PERF-OPTSDATA: Error: Core ctl not present
11-04 10:16:50.151   499   499 E ANDR-PERF-OPTSDATA: Error: core_ctl not present or min/max cpu nodes initialization failed
11-04 10:16:50.154   902   902 I MSM-irqbalance: Discovered a new IRQ: 179
11-04 10:16:50.156   499   499 E ANDR-PERF-OPTSHANDLER: Error: Sched Frequency Aggregation support not present
11-04 10:16:50.157   902   902 I MSM-irqbalance: Decided to move IRQ5 from CPU2 [P:0] to CPU4 [P:1] (banned)
11-04 10:16:50.157   499  2435 E ANDR-PERF-MPCTL: perflock: Workload detect thread created
11-04 10:16:50.158   902   902 I MSM-irqbalance: Decided to move IRQ551 from CPU0 [P:0] to CPU6 [P:1] (banned)
11-04 10:16:50.158   499  2435 E ANDR-PERF-MPCTL: perflock: iobusy pfd initialized
11-04 10:16:50.158   499  2435 E ANDR-PERF-MPCTL: perflock: mode pfd initialized
11-04 10:16:50.158   499  2435 E ANDR-PERF-MPCTL: perflock: Read file 0: 0
11-04 10:16:50.158   499  2435 E ANDR-PERF-MPCTL: perflock: Read file 1: 0
11-04 10:16:50.158   499  2435 E ANDR-PERF-MPCTL: perflock: Mode change 0
11-04 10:16:50.158   902   902 I MSM-irqbalance: Decided to move IRQ196 from CPU0 [P:0] to CPU7 [P:1] (banned)
11-04 10:16:50.159   902   902 I MSM-irqbalance: Decided to move IRQ179 from CPU0 [P:0] to CPU5 [P:1] (banned)
11-04 10:16:50.160   902   902 I MSM-irqbalance: Decided to move IRQ5 from CPU1 [P:0] to CPU4 [P:1] (banned)
11-04 10:16:50.160   499  2436 E ANDR-PERF-MPCTL:  before pthread_cond_wait 1782, chk_core_online_poll
11-04 10:16:50.160   902   902 I MSM-irqbalance: Decided to move IRQ5 from CPU3 [P:0] to CPU6 [P:1] (banned)
11-04 10:16:50.161  2434  2434 W perfd   : type=1400 audit(0.0:33): avc: denied { open } for path="/dev/cpuset/top-app/cpus" dev="tmpfs" ino=5454 scontext=u:r:perfd:s0 tcontext=u:object_r:device:s0 tclass=file permissive=0
11-04 10:16:50.161  2434  2434 W perfd   : type=1400 audit(0.0:34): avc: denied { open } for path="/dev/cpuset/foreground/cpus" dev="tmpfs" ino=5442 scontext=u:r:perfd:s0 tcontext=u:object_r:device:s0 tclass=file permissive=0
11-04 10:16:50.161  2434  2434 W perfd   : type=1400 audit(0.0:35): avc: denied { open } for path="/dev/cpuset/system-background/cpus" dev="tmpfs" ino=5451 scontext=u:r:perfd:s0 tcontext=u:object_r:device:s0 tclass=file permissive=0
11-04 10:16:50.270  1487  2273 D DisplayPowerController: requestPowerState: policy=BRIGHT, useProximitySensor=false, screenBrightness=102, screenAutoBrightnessAdjustment=0.0, brightnessSetByUser=true, useAutoBrightness=false, blockScreenOn=false, lowPowerMode=false, boostScreenBrightness=false, dozeScreenBrightness=-1, dozeScreenState=UNKNOWN, forceWakeUpEnable=false, useTwilight=false, waitForNegativeProximity=false
11-04 10:16:50.161  2434  2434 W perfd   : type=1400 audit(0.0:36): avc: denied { open } for path="/dev/cpuset/background/cpus" dev="tmpfs" ino=5448 scontext=u:r:perfd:s0 tcontext=u:object_r:device:s0 tclass=file permissive=0
11-04 10:16:50.271  1487  1540 D PowerManagerService: handle sandman startDreaming=false isDreaming=false mSandmanSummoned=false  mWakefulness1 wakefulness=1
11-04 10:16:50.603  1487  2271 D DisplayPowerController: requestPowerState: policy=BRIGHT, useProximitySensor=false, screenBrightness=102, screenAutoBrightnessAdjustment=0.0, brightnessSetByUser=true, useAutoBrightness=false, blockScreenOn=false, lowPowerMode=false, boostScreenBrightness=false, dozeScreenBrightness=-1, dozeScreenState=UNKNOWN, forceWakeUpEnable=false, useTwilight=false, waitForNegativeProximity=false
11-04 10:16:50.604  1487  1540 D PowerManagerService: handle sandman startDreaming=false isDreaming=false mSandmanSummoned=false  mWakefulness1 wakefulness=1
11-04 10:16:50.708  2401  2401 E Feedback_smcd: In init line 177, can't access /sdcard 1, errno=2, No such file or directory
11-04 10:16:50.893  1487  1538 V PackageManager: reconcileAppsData finished 234 packages
11-04 10:16:50.894  1487  1996 I chatty  : uid=1000(system) Binder:1487_5 expire 1 line
11-04 10:16:50.894  1487  1538 D LowStorageHandle: register filter
11-04 10:16:50.894  1487  1538 D LowStorageHandle: register receiver
11-04 10:16:50.896  1487  1996 V ActivityManager: Enqueueing parallel broadcast BroadcastRecord{4a506eb u-1 android.intent.action.ANY_DATA_STATE} intent Intent { act=android.intent.action.ANY_DATA_STATE flg=0x10 (has extras) }
11-04 10:16:50.896  1487  1770 I chatty  : uid=1000(system) Binder:1487_4 expire 2 lines
11-04 10:16:50.897  1487  1531 I chatty  : uid=1000(system) ActivityManager expire 6 lines
11-04 10:16:50.901  1771  2088 D NetworkController: DATA_CONNECTION apnType = hipri
11-04 10:16:50.901  1771  2088 D NetworkController: DATA_CONNECTION state = DISCONNECTED
11-04 10:16:50.901  1771  2088 D NetworkController: DATA_CONNECTION mIsMobileMMS = false
11-04 10:16:50.901  1487  2246 I chatty  : uid=1000(system) Binder:1487_7 expire 1 line
11-04 10:16:50.902  1487  1531 D BluetoothManagerService: User 0 unlocked
11-04 10:16:50.902  1487  1538 I chatty  : uid=1000(system) android.display expire 7 lines
11-04 10:16:50.902  1487  1531 D MountService: onUnlockUser 0
11-04 10:16:50.902  1487  1537 D BluetoothManagerService: Message: 301
11-04 10:16:50.903  1487  1537 D BluetoothManagerService: MESSAGE_USER_UNLOCKED
11-04 10:16:50.903  1487  1531 D VoldConnector: SND -> {7 volume user_started 0}
11-04 10:16:50.903  1487  2246 V ActivityManager: Enqueueing parallel broadcast BroadcastRecord{74b26c7 u0 com.qualcomm.intent.action.ACTION_UNSOL_RESPONSE_OEM_HOOK_RAW} intent Intent { act=com.qualcomm.intent.action.ACTION_UNSOL_RESPONSE_OEM_HOOK_RAW flg=0x10 (has extras) }
11-04 10:16:50.906   490   496 D vold    : Linking /storage/emulated/0 to /mnt/user/0/primary
11-04 10:16:50.908  1487  1657 D VoldConnector: RCV <- {200 7 Command succeeded}
11-04 10:16:50.911  2231  2231 D QcrilMsgTunnelIfaceManager: handleMessage what = 0
11-04 10:16:50.912  1487  1656 D MountService: Volume emulated broadcasting mounted to UserHandle{0}
11-04 10:16:50.913  1487  1656 V ActivityManager: Enqueueing ordered broadcast BroadcastRecord{76027bf u0 android.intent.action.MEDIA_MOUNTED}: prev had 2
11-04 10:16:50.914  1487  1656 I ActivityManager: Enqueueing broadcast android.intent.action.MEDIA_MOUNTED
11-04 10:16:50.915  1487  2271 V ActivityManager: Enqueueing parallel broadcast BroadcastRecord{cc74e8c u0 com.qualcomm.intent.action.ACTION_UNSOL_RESPONSE_OEM_HOOK_RAW} intent Intent { act=com.qualcomm.intent.action.ACTION_UNSOL_RESPONSE_OEM_HOOK_RAW flg=0x10 (has extras) }
11-04 10:16:50.916  1487  1487 V ActivityManager: Enqueueing ordered broadcast BroadcastRecord{71349d5 u0 android.intent.action.DROPBOX_ENTRY_ADDED}: prev had 3
11-04 10:16:50.916  1487  1487 I ActivityManager: Enqueueing broadcast android.intent.action.DROPBOX_ENTRY_ADDED
11-04 10:16:50.923  2379  2394 D SmartContainerConfig: Configured features : all
11-04 10:16:50.932  1487  1996 V ActivityManager: Enqueueing parallel broadcast BroadcastRecord{c387eaf u-1 android.intent.action.ANY_DATA_STATE} intent Intent { act=android.intent.action.ANY_DATA_STATE flg=0x10 (has extras) }
11-04 10:16:50.936  1771  1771 D KeyguardUpdateMonitor: sendKeyguardBouncerChanged(false)
11-04 10:16:50.938  1487  2272 D DisplayPowerController: requestPowerState: policy=BRIGHT, useProximitySensor=false, screenBrightness=102, screenAutoBrightnessAdjustment=0.0, brightnessSetByUser=true, useAutoBrightness=false, blockScreenOn=false, lowPowerMode=false, boostScreenBrightness=false, dozeScreenBrightness=-1, dozeScreenState=UNKNOWN, forceWakeUpEnable=false, useTwilight=false, waitForNegativeProximity=false
11-04 10:16:50.939  1487  2272 I chatty  : uid=1000(system) Binder:1487_9 expire 2 lines
11-04 10:16:50.939  1487  1540 D PowerManagerService: handle sandman startDreaming=false isDreaming=false mSandmanSummoned=false  mWakefulness1 wakefulness=1
11-04 10:16:50.964  2379  2379 W System  : ClassLoader referenced unknown path: /system/priv-app/GoogleExtServices/lib/arm64
11-04 10:16:51.019  1487  1517 V ActivityManager: Enqueueing parallel broadcast BroadcastRecord{751e5f2 u-1 android.intent.action.ANY_DATA_STATE} intent Intent { act=android.intent.action.ANY_DATA_STATE flg=0x10 (has extras) }
11-04 10:16:51.019  1771  1771 D KeyguardViewMediator: adjustStatusBarLocked: mShowing=true mOccluded=false isSecure=true --> flags=0x3200000
11-04 10:16:51.021  1487  2246 D DisplayPowerController: requestPowerState: policy=BRIGHT, useProximitySensor=false, screenBrightness=102, screenAutoBrightnessAdjustment=0.0, brightnessSetByUser=true, useAutoBrightness=false, blockScreenOn=false, lowPowerMode=false, boostScreenBrightness=false, dozeScreenBrightness=-1, dozeScreenState=UNKNOWN, forceWakeUpEnable=false, useTwilight=false, waitForNegativeProximity=false
11-04 10:16:51.022  1487  1540 D PowerManagerService: handle sandman startDreaming=false isDreaming=false mSandmanSummoned=false  mWakefulness1 wakefulness=1
11-04 10:16:51.025  1487  2273 D DisplayPowerController: requestPowerState: policy=BRIGHT, useProximitySensor=false, screenBrightness=102, screenAutoBrightnessAdjustment=0.0, brightnessSetByUser=true, useAutoBrightness=false, blockScreenOn=false, lowPowerMode=false, boostScreenBrightness=false, dozeScreenBrightness=-1, dozeScreenState=UNKNOWN, forceWakeUpEnable=false, useTwilight=false, waitForNegativeProximity=false
11-04 10:16:51.026  1487  1540 D PowerManagerService: handle sandman startDreaming=false isDreaming=false mSandmanSummoned=false  mWakefulness1 wakefulness=1
11-04 10:16:51.026  1771  1771 V KeyguardDisplayManager: show
11-04 10:16:51.035  1487  1531 V BackupManagerService: No ancestral data
11-04 10:16:51.057  1487  2273 V ActivityManager: Enqueueing parallel broadcast BroadcastRecord{69c4d69 u-1 android.intent.action.ANY_DATA_STATE} intent Intent { act=android.intent.action.ANY_DATA_STATE flg=0x10 (has extras) }
11-04 10:16:51.086  1487  2246 V ActivityManager: Enqueueing parallel broadcast BroadcastRecord{690f108 u-1 android.intent.action.ANY_DATA_STATE} intent Intent { act=android.intent.action.ANY_DATA_STATE flg=0x10 (has extras) }
11-04 10:16:51.087  1487  1531 V BackupManagerService: Starting with transport com.google.android.gms/.backup.BackupTransportService
11-04 10:16:51.087  1487  1531 V BackupManagerService: Found transports: 2
11-04 10:16:51.103  1487  2443 V KeyValueBackupJob: Scheduling k/v pass in 249 minutes
11-04 10:16:51.108   586   586 E SELinux : avc:  denied  { find } for service=batteryproperties pid=588 uid=1000 scontext=u:r:surfaceflinger:s0 tcontext=u:object_r:batteryproperties_service:s0 tclass=service_manager permissive=0
11-04 10:16:51.109   588   719 I ServiceManager: Waiting for service batteryproperties...
11-04 10:16:51.128  1487  1531 I ActivityManager: Start proc 2445:com.google.android.gms.persistent/u0a33 for service com.google.android.gms/.backup.BackupTransportService
11-04 10:16:51.129  1487  2273 V ActivityManager: Enqueueing parallel broadcast BroadcastRecord{2826976 u-1 android.intent.action.ANY_DATA_STATE} intent Intent { act=android.intent.action.ANY_DATA_STATE flg=0x10 (has extras) }
11-04 10:16:51.130  1487  1531 I BackupManagerService: Backup enabled => false
11-04 10:16:51.136  1771  1771 D KeyguardViewMediator: handleNotifyWakingUp
11-04 10:16:51.139  1487  1487 V BackupManagerService: Connected to transport ComponentInfo{android/com.android.internal.backup.LocalTransportService}
11-04 10:16:51.140  1487  1487 V BackupManagerService: Registering transport android/com.android.internal.backup.LocalTransportService::android/com.android.internal.backup.LocalTransport = android.app.backup.BackupTransport$TransportImpl@77653e4
11-04 10:16:51.146  1487  2246 V ActivityManager: Enqueueing parallel broadcast BroadcastRecord{836ca50 u-1 android.intent.action.ANY_DATA_STATE} intent Intent { act=android.intent.action.ANY_DATA_STATE flg=0x10 (has extras) }
11-04 10:16:51.149  1771  1771 V KeyguardStatusView: Enable transport text marquee
11-04 10:16:51.150  1771  1771 D KeyguardViewMediator: handleNotifyScreenTurningOn
11-04 10:16:51.154  1487  1506 V ActivityManager: Enqueueing parallel broadcast BroadcastRecord{ad8b449 u-1 android.intent.action.ANY_DATA_STATE} intent Intent { act=android.intent.action.ANY_DATA_STATE flg=0x10 (has extras) }
11-04 10:16:51.157  1487  2443 V KeyValueBackupJob: Scheduling k/v pass in 247 minutes
11-04 10:16:51.171  1771  1771 D KeyguardViewMediator: handleNotifyScreenTurnedOn
11-04 10:16:51.172  1487  2273 I chatty  : uid=1000(system) Binder:1487_A expire 1 line
11-04 10:16:51.175  1487  2273 D WindowManager: mKeyguardDelegate.ShowListener.onDrawn.
11-04 10:16:51.176  1487  1996 V ActivityManager: Enqueueing parallel broadcast BroadcastRecord{aeb145a u0 amazon.intent.action.ACTION_IMPRESSION_CHANGE} intent Intent { act=amazon.intent.action.ACTION_IMPRESSION_CHANGE flg=0x10 (has extras) }
11-04 10:16:51.177  1487  2246 V ActivityManager: Enqueueing parallel broadcast BroadcastRecord{d799368 u-1 android.intent.action.ANY_DATA_STATE} intent Intent { act=android.intent.action.ANY_DATA_STATE flg=0x10 (has extras) }
11-04 10:16:51.179  1771  1771 D PhxFingerprintUnlockMgr: onScreenTurnedOn()
11-04 10:16:51.180  1771  1771 D PhxFpsUnlockState: setUptimeMillisOfScreenOn(45307)
11-04 10:16:51.180  1771  1771 D PhxFpsUnlockState: notifyListeners()
11-04 10:16:51.183  2401  2409 D Feedback_smcd: In ramDumpFolderCheck line 533, command stattus:WIFEXITED(ret) = 1, WEXITSTATUS(ret) = 0, WIFSIGNALED(ret) = 0,WTERMSIG(ret) = 0, WIFSTOPPED(ret) = 0, WSTOPSIG(ret) = 0
11-04 10:16:51.195  1487  2017 V ActivityManager: Enqueueing parallel broadcast BroadcastRecord{87e14 u-1 android.intent.action.ANY_DATA_STATE} intent Intent { act=android.intent.action.ANY_DATA_STATE flg=0x10 (has extras) }
11-04 10:16:51.214  1487  2271 V ActivityManager: Enqueueing parallel broadcast BroadcastRecord{1156ef1 u-1 android.intent.action.ANY_DATA_STATE} intent Intent { act=android.intent.action.ANY_DATA_STATE flg=0x10 (has extras) }
11-04 10:16:51.216  2445  2463 D SmartContainerConfig: Configured features : all
11-04 10:16:51.227  1701  1701 D HeadsetPhoneState: Enter onSignalStrengthsChanged
11-04 10:16:51.228  1771  1771 D KeyguardUpdateMonitor: handleRingerModeChange(2)
11-04 10:16:51.229  1771  1771 D KeyguardUpdateMonitor: handleSimStateChange(subId=2147483643, slotId=0, state=UNKNOWN)
11-04 10:16:51.231  1701  1701 D HeadsetPhoneState: Exit onSignalStrengthsChanged
11-04 10:16:51.252  2445  2456 I art     : Debugger is no longer active
11-04 10:16:51.252  2445  2456 I art     : Starting a blocking GC Instrumentation
11-04 10:16:51.259  1487  1531 V ActivityManager: Enqueueing ordered broadcast BroadcastRecord{9e3979d u0 android.appwidget.action.APPWIDGET_ENABLED}: prev had 4
11-04 10:16:51.259  1487  1531 I ActivityManager: Enqueueing broadcast android.appwidget.action.APPWIDGET_ENABLED
11-04 10:16:51.259  1487  1531 V ActivityManager: Enqueueing ordered broadcast BroadcastRecord{e879412 u0 android.appwidget.action.APPWIDGET_UPDATE}: prev had 5
11-04 10:16:51.260  1487  1531 I ActivityManager: Enqueueing broadcast android.appwidget.action.APPWIDGET_UPDATE
11-04 10:16:51.271  1997  1997 D PhoneApp: Radio technology switched. Now CDMA (0) is active.
11-04 10:16:51.274   781   781 I AudioPolicyManagerCustom: FLAG None hence request for a primary output
11-04 10:16:51.277   781  1424 I AudioPolicyManagerCustom: Direct PCM is disabled for this request
11-04 10:16:51.278   781  1425 D compress_voip: voice_extn_compress_voip_out_get_parameters: enter
11-04 10:16:51.283  1997  1997 D AudioTrack: Client defaulted notificationFrames to 192 for frameCount 960
11-04 10:16:51.285  1997  1997 D CallNotifier: CallNotifier: mSignalInfoToneGenerator created when toneplay
11-04 10:16:51.312  1487  1531 I ActivityManager: Start proc 2467:com.google.android.googlequicksearchbox:interactor/u0a64 for service com.google.android.googlequicksearchbox/com.google.android.voiceinteraction.GsaVoiceInteractionService
11-04 10:16:51.313  1487  1532 W WindowManager: Setting mKeyguardDrawComplete
11-04 10:16:51.317  1487  1531 I ActivityManager: Loading recents for user 0 into memory.
11-04 10:16:51.331  1487  1487 D DisplayPowerController: requestPowerState: policy=BRIGHT, useProximitySensor=false, screenBrightness=102, screenAutoBrightnessAdjustment=0.0, brightnessSetByUser=true, useAutoBrightness=false, blockScreenOn=false, lowPowerMode=false, boostScreenBrightness=false, dozeScreenBrightness=-1, dozeScreenState=UNKNOWN, forceWakeUpEnable=false, useTwilight=false, waitForNegativeProximity=false
11-04 10:16:51.333  1487  1540 D PowerManagerService: handle sandman startDreaming=false isDreaming=false mSandmanSummoned=false  mWakefulness1 wakefulness=1
11-04 10:16:51.339  1701  1701 D HeadsetPhoneState: Enter listenForPhoneState
11-04 10:16:51.339  1701  1701 D HeadsetPhoneState: Enter stopListenForPhoneState
11-04 10:16:51.345  1701  1701 D HeadsetPhoneState: Exit stopListenForPhoneState
11-04 10:16:51.345  1701  1701 D HeadsetPhoneState: Exit listenForPhoneState
11-04 10:16:51.346  1701  1701 D HeadsetPhoneState: Enter listenForPhoneState
11-04 10:16:51.346  1701  1701 D HeadsetPhoneState: Enter startListenForPhoneState
11-04 10:16:51.364  2445  2445 W System  : ClassLoader referenced unknown path: /system/priv-app/GmsCore/lib/arm64
11-04 10:16:51.410  1487  2443 I BackupManagerService: Found stale backup journal, scheduling
11-04 10:16:51.415  1487  1531 I ActivityManager: Start proc 2482:com.redbend.app/1000 for added application com.redbend.app
11-04 10:16:51.452  1487  1531 I ActivityManager: Start proc 2496:com.qualcomm.qti.rcsbootstraputil/1001 for added application com.qualcomm.qti.rcsbootstraputil
11-04 10:16:51.493  1487  1531 I ActivityManager: Start proc 2510:com.quicinc.wbcserviceapp/1000 for added application com.quicinc.wbcserviceapp
11-04 10:16:51.493  2445  2445 I LoadedApk: No resource references to update in package FFFFFFFFFFFFFFFFFFFFFF
11-04 10:16:51.536  1487  1531 I ActivityManager: Start proc 2524:com.qualcomm.qti.services.secureui:sui_service/1000 for added application com.qualcomm.qti.services.secureui:sui_service
11-04 10:16:51.578  1487  1531 I ActivityManager: Start proc 2538:com.tcl.dmvzwclient.model/1000 for added application com.tcl.dmvzwclient.model
11-04 10:16:51.585  1487  1531 V ActivityManager: Enqueueing parallel broadcast BroadcastRecord{11484a4 u0 android.intent.action.USER_UNLOCKED} intent Intent { act=android.intent.action.USER_UNLOCKED flg=0x50000010 (has extras) }
11-04 10:16:51.585  1487  1531 D ActivityManager: Sending BOOT_COMPLETE user #0
11-04 10:16:51.589  1487  1531 V ActivityManager: Enqueueing ordered broadcast BroadcastRecord{fea20d u0 android.intent.action.BOOT_COMPLETED}: prev had 6
11-04 10:16:51.589  1487  1531 I ActivityManager: Enqueueing broadcast android.intent.action.BOOT_COMPLETED
11-04 10:16:51.592  1487  1770 V ActivityManager: Enqueueing ordered broadcast BroadcastRecord{4d925c2 u0 android.intent.action.ACTION_SUBINFO_RECORD_UPDATED}: prev had 7
11-04 10:16:51.592  1487  1770 I ActivityManager: Enqueueing broadcast android.intent.action.ACTION_SUBINFO_RECORD_UPDATED
11-04 10:16:51.661  2496  2496 W System  : ClassLoader referenced unknown path: /system/app/RCSBootstraputil/lib/arm64
11-04 10:16:51.675  1487  1530 I ActivityManager: Start proc 2563:com.android.printspooler/u0a106 for service com.android.printspooler/.model.PrintSpoolerService
11-04 10:16:51.680  2524  2524 W System  : ClassLoader referenced unknown path: /system/app/com.qualcomm.qti.services.secureui/lib/arm64
11-04 10:16:51.689  2467  2480 D SmartContainerConfig: Configured features : all
11-04 10:16:51.696  2510  2510 W System  : ClassLoader referenced unknown path: /system/app/com.quicinc.wbcserviceapp/lib/arm64
11-04 10:16:51.697  1701  1701 D HeadsetPhoneState: Exit startListenForPhoneState
11-04 10:16:51.697  1487  2548 V ActivityManager: Enqueueing parallel broadcast BroadcastRecord{117dc0e u-1 android.intent.action.ACTION_DEFAULT_VOICE_SUBSCRIPTION_CHANGED} intent Intent { act=android.intent.action.ACTION_DEFAULT_VOICE_SUBSCRIPTION_CHANGED flg=0x20000010 (has extras) }
11-04 10:16:51.698  1701  1701 D HeadsetPhoneState: Exit listenForPhoneState
11-04 10:16:51.698  1701  1701 D HeadsetPhoneState: Enter onServiceStateChanged
11-04 10:16:51.699  1701  1701 D HeadsetPhoneState: sendDeviceStateChanged. mService=0 mSignal=0 mRoam=0 mBatteryCharge=5
11-04 10:16:51.699  1701  1701 D HeadsetPhoneState: Exit onServiceStateChanged
11-04 10:16:51.699  1701  2274 D HeadsetStateMachine: Disconnected process message: 11, size: 0
11-04 10:16:51.701  1701  1701 D HeadsetPhoneState: Enter onSignalStrengthsChanged
11-04 10:16:51.701  1701  1701 D HeadsetPhoneState: Exit onSignalStrengthsChanged
11-04 10:16:51.711  1997  1997 D MccTable: updateMccMncConfiguration mccmnc='' fromServiceState=false
11-04 10:16:51.711  2482  2482 D OmaApplication: com.redbend.app.OmaApplication@19cda3fonCreate: first line, user_id = 0
11-04 10:16:51.714  2510  2510 D WbcSvcApp: Wipower not supported
11-04 10:16:51.718  2401  2401 E Feedback_smcd: In renameAllFile line 593, Can't open dir /sdcard/BugReport/Logcat/,errno 2,No such file or directory
11-04 10:16:51.720  1771  1771 D KeyguardUpdateMonitor: received broadcast android.intent.action.SIM_STATE_CHANGED
11-04 10:16:51.720  2401  2401 E Feedback_smcd: In renameAllFile line 607, Can't open dir /sdcard/BugReport/Kernel/,errno 2,No such file or directory
11-04 10:16:51.720  1771  1771 V KeyguardUpdateMonitor: action android.intent.action.SIM_STATE_CHANGED state: ABSENT slotId: 0 subid: 2147483643
11-04 10:16:51.723  1771  2088 D NetworkController: DATA_CONNECTION apnType = ims
11-04 10:16:51.724  1771  2088 D NetworkController: DATA_CONNECTION state = DISCONNECTED
11-04 10:16:51.724  1771  2088 D NetworkController: DATA_CONNECTION mIsMobileMMS = false
11-04 10:16:51.740  1771  2088 D NetworkController: DATA_CONNECTION apnType = default
11-04 10:16:51.741  1771  1771 D ImageWallpaper: onVisibilityChanged: mVisible, visible=false, true
11-04 10:16:51.741  1771  1771 D ImageWallpaper: Visibility changed to visible=true
11-04 10:16:51.743  1771  2088 D NetworkController: DATA_CONNECTION state = DISCONNECTED
11-04 10:16:51.745  1771  2088 D NetworkController: DATA_CONNECTION mIsMobileMMS = false
11-04 10:16:51.745  1771  1771 D ImageWallpaper: Skipping loadWallpaper, already in flight 
11-04 10:16:51.745  1771  1771 D ImageWallpaper: Reloading, redoing updateSurfaceSize later.
11-04 10:16:51.751  1771  1771 D ImageWallpaper: onSurfaceRedrawNeeded
11-04 10:16:51.758  1771  2088 D NetworkController: DATA_CONNECTION apnType = mms
11-04 10:16:51.758  1771  2088 D NetworkController: DATA_CONNECTION state = DISCONNECTED
11-04 10:16:51.758  1771  2088 D NetworkController: DATA_CONNECTION mIsMobileMMS = false
11-04 10:16:51.759  1771  2088 D NetworkController: DATA_CONNECTION apnType = cbs
11-04 10:16:51.759  1771  2088 D NetworkController: DATA_CONNECTION state = DISCONNECTED
11-04 10:16:51.759  1771  2088 D NetworkController: DATA_CONNECTION mIsMobileMMS = false
11-04 10:16:51.763  1771  1771 D ImageWallpaper: Skipping loadWallpaper, already in flight 
11-04 10:16:51.764  1771  2088 D NetworkController: DATA_CONNECTION apnType = fota
11-04 10:16:51.764  1771  2088 D NetworkController: DATA_CONNECTION state = DISCONNECTED
11-04 10:16:51.765  1771  2088 D NetworkController: DATA_CONNECTION mIsMobileMMS = false
11-04 10:16:51.765  1771  2088 D NetworkController: DATA_CONNECTION apnType = supl
11-04 10:16:51.765  1771  2088 D NetworkController: DATA_CONNECTION state = DISCONNECTED
11-04 10:16:51.765  1771  2088 D NetworkController: DATA_CONNECTION mIsMobileMMS = false
11-04 10:16:51.766  1771  1771 D ImageWallpaper: Reloading, redoing updateSurfaceSize later.
11-04 10:16:51.768  1771  2088 D NetworkController: DATA_CONNECTION apnType = emergency
11-04 10:16:51.770  1771  2088 D NetworkController: DATA_CONNECTION state = DISCONNECTED
11-04 10:16:51.770  1771  2088 D NetworkController: DATA_CONNECTION mIsMobileMMS = false
11-04 10:16:51.772  2538  2538 W System  : ClassLoader referenced unknown path: /system/app/DMDataProvider/lib/arm64
11-04 10:16:51.773  1487  1531 W BroadcastQueue: Permission Denial: broadcasting Intent { act=amazon.intent.action.ACTION_IMPRESSION_CHANGE flg=0x10 (has extras) } from com.android.systemui (pid=1771, uid=10056) requires com.amazon.phoenix.permission.SYSTEM_IMPRESSION_EVENT due to registered receiver BroadcastFilter{d5c786a u0 ReceiverList{5167655 1771 com.android.systemui/10056/u0 remote:6615d0c}}
11-04 10:16:51.777  1771  1771 D ImageWallpaper: onOffsetsChanged: xOffset=0.0, yOffset=0.0, xOffsetStep=0.0, yOffsetStep=0.0, xPixels=0, yPixels=0
11-04 10:16:51.778  1771  1771 D ImageWallpaper: Offsets changed to (0.0,0.0).
11-04 10:16:51.778  1771  2088 D NetworkController: DATA_CONNECTION apnType = dun
11-04 10:16:51.778  1771  2088 D NetworkController: DATA_CONNECTION state = DISCONNECTED
11-04 10:16:51.778  1771  2088 D NetworkController: DATA_CONNECTION mIsMobileMMS = false
11-04 10:16:51.779  1487  1538 I WindowManager: Destroying surface Surface(name=KeyguardScrim) called by com.android.server.wm.WindowStateAnimator.destroySurface:2042 com.android.server.wm.WindowStateAnimator.destroySurfaceLocked:893 com.android.server.wm.WindowState.destroyOrSaveSurface:2108 com.android.server.wm.WindowSurfacePlacer.performSurfacePlacementInner:433 com.android.server.wm.WindowSurfacePlacer.performSurfacePlacementLoop:236 com.android.server.wm.WindowSurfacePlacer.performSurfacePlacement:184 com.android.server.wm.WindowManagerService$H.handleMessage:8670 android.os.Handler.dispatchMessage:102 
11-04 10:16:51.783  1771  1771 D ImageWallpaper: Skipping loadWallpaper, already in flight 
11-04 10:16:51.784  1771  1771 D ImageWallpaper: Reloading, redoing updateSurfaceSize later.
11-04 10:16:51.785  1771  1771 D KeyguardUpdateMonitor: received broadcast android.intent.action.SERVICE_STATE
11-04 10:16:51.786  1771  1771 V KeyguardUpdateMonitor: action android.intent.action.SERVICE_STATE serviceState=1 1 voice home data home null null null null null null  Unknown Unknown CSS not supported -1 -1 RoamInd=-1 DefRoamInd=-1 EmergOnly=false IsDataRoamingFromRegistration=false IsUsingCarrierAggregation=false mRilImsRadioTechnology=0 subId=2147483643 phoneId=0
11-04 10:16:51.786  1771  1771 D ImageWallpaper: Wallpaper loaded: android.graphics.Bitmap@615c9f7
11-04 10:16:51.788  1771  2088 D NetworkController: DATA_CONNECTION apnType = hipri
11-04 10:16:51.788  1771  2088 D NetworkController: DATA_CONNECTION state = DISCONNECTED
11-04 10:16:51.788  1771  2088 D NetworkController: DATA_CONNECTION mIsMobileMMS = false
11-04 10:16:51.791  1771  1771 D ImageWallpaper: Redrawing wallpaper
11-04 10:16:51.801  1771  2088 D NetworkController: DATA_CONNECTION apnType = ims
11-04 10:16:51.806  1771  2088 D NetworkController: DATA_CONNECTION state = DISCONNECTED
11-04 10:16:51.807  1771  2088 D NetworkController: DATA_CONNECTION mIsMobileMMS = false
11-04 10:16:51.819   588  2328 I SurfaceFlinger: SurfaceFlinger::LucidMessage
11-04 10:16:51.824  2467  2467 I art     : Starting a blocking GC AddRemoveAppImageSpace
11-04 10:16:51.825  2482  2482 D OmaApplication: get processname=com.redbend.app; packagename = com.redbend.app
11-04 10:16:51.826  2482  2482 W OmaApplication: current app is com.redbend.app!!!
11-04 10:16:51.840  2467  2467 W System  : ClassLoader referenced unknown path: /system/priv-app/Velvet/lib/arm64
11-04 10:16:51.841  1487  1996 V ActivityManager: Enqueueing parallel broadcast BroadcastRecord{424e828 u-1 android.intent.action.ACTION_DEFAULT_SUBSCRIPTION_CHANGED} intent Intent { act=android.intent.action.ACTION_DEFAULT_SUBSCRIPTION_CHANGED flg=0x20000010 (has extras) }
11-04 10:16:51.844  2563  2579 D SmartContainerConfig: Configured features : all
11-04 10:16:51.850  2482  2482 W SetupWizard_SetupUtils: sim status is not ready! return false default.
11-04 10:16:51.852  1997  1997 D CarrierConfigLoader: update config for phoneId: 0 simState: ABSENT
11-04 10:16:51.854  1997  1997 D CarrierSvcBindHelper: update binding for phoneId: 0 simState: ABSENT
11-04 10:16:51.859  2482  2494 D SmartContainerConfig: Configured features : all
11-04 10:16:51.868  2482  2482 D OmaApplication: onCreate: card not ready
11-04 10:16:51.868  1997  1997 D QC_RIL_OEM_HOOK: Received Broadcast Intent ACTION_UNSOL_RESPONSE_OEM_HOOK_RAW
11-04 10:16:51.869  2482  2482 D OmaApplication: onCreate: remove from oma app, the device boot is so bad !!!
11-04 10:16:51.870  2482  2482 D OmaApplication: onCreate: on create is end
11-04 10:16:51.872  1809  1809 D FallbackHome: User unlocked and real home found; let's go!
11-04 10:16:51.875  1997  1997 D QC_RIL_OEM_HOOK: Oem ID in QCRILHOOK UNSOL RESP is QOEMHOOK
11-04 10:16:51.877  1487  1507 D DisplayPowerController: requestPowerState: policy=BRIGHT, useProximitySensor=false, screenBrightness=102, screenAutoBrightnessAdjustment=0.0, brightnessSetByUser=true, useAutoBrightness=false, blockScreenOn=false, lowPowerMode=false, boostScreenBrightness=false, dozeScreenBrightness=-1, dozeScreenState=UNKNOWN, forceWakeUpEnable=false, useTwilight=false, waitForNegativeProximity=false
11-04 10:16:51.878  1487  1540 D PowerManagerService: handle sandman startDreaming=false isDreaming=false mSandmanSummoned=false  mWakefulness1 wakefulness=1
11-04 10:16:51.884  1771  1771 I Choreographer: Skipped 169 frames!  The application may be doing too much work on its main thread.
11-04 10:16:51.889  1997  1997 D ApplicationLoaders: ignored Vulkan layer search path /system/vendor/app/ims/lib/arm64:/system/vendor/app/ims/ims.apk!/lib/arm64-v8a:/system/lib64:/vendor/lib64 for namespace 0x7f9ca051d0
11-04 10:16:51.897  1997  1997 I QImsService: ImsService : ImsService created!
11-04 10:16:51.907  1487  2048 I ActivityManager: Start proc 2600:com.android.keychain/1000 for service com.android.keychain/.KeyChainService
11-04 10:16:51.913  1997  1997 I QImsService: ImsSenderRxr : Starting IFMsg_Rxr[SUB0]
11-04 10:16:51.925  1997  1997 I QImsService: ImsServiceStateReceiver : updateHDIcon isVideo : false isVoice : false phoneId: -1 show HD Icon: true
11-04 10:16:51.925  1997  1997 I QImsService: ImsServiceStateReceiver : isShowHDIconSupported config showHDIcon : false
11-04 10:16:51.927  1997  2605 I QImsService: IFMsg_Rxr : Connecting to socket android.net.LocalSocket@3bae88e impl:android.net.LocalSocketImpl@54478af fd:java.io.FileDescriptor@146e4bc
11-04 10:16:51.927  1997  2605 I QImsService: IFMsg_Rxr : Connected to 'android.net.LocalSocket@3bae88e impl:android.net.LocalSocketImpl@54478af fd:java.io.FileDescriptor@146e4bc' socket
11-04 10:16:51.927  1997  2605 I QImsService: IFMsg_Rxr : For instance [0] connected to 'qmux_radio/rild_ims0' socket
11-04 10:16:51.928  1997  2605 I QImsService: ImsSenderRxr : Response data: [12, 13, -1, -1, -1, -1, 16, 3, 24, -43, 1, 32, 0, 8, 10][SUB0]
11-04 10:16:51.929  1997  1997 I QImsService: ImsSenderRxr : [0000]> REQUEST_QUERY_SERVICE_STATUS[SUB0]
11-04 10:16:51.929  1997  2605 I QImsService: ImsSenderRxr :  Tag -1 3 213 0[SUB0]
11-04 10:16:51.930  1997  1997 I QImsService: ImsSenderRxr : Message data: [0, 0, 0, 12, 11, 13, 0, 0, 0, 0, 16, 1, 24, 29, 32, 0][SUB0]
