11-04 10:16:45.072  1487  1646 I ActivityManager: Enqueueing broadcast com.android.server.action.NETWORK_STATS_POLL
11-04 10:16:45.073  1487  1646 D DisplayPowerController: requestPowerState: policy=BRIGHT, useProximitySensor=false, screenBrightness=102, screenAutoBrightnessAdjustment=0.0, brightnessSetByUser=false, useAutoBrightness=false, blockScreenOn=false, lowPowerMode=false, boostScreenBrightness=false, dozeScreenBrightness=-1, dozeScreenState=UNKNOWN, forceWakeUpEnable=false, useTwilight=false, waitForNegativeProximity=false
11-04 10:16:45.073  1487  1540 D PowerManagerService: handle sandman startDreaming=false isDreaming=false mSandmanSummoned=false  mWakefulness1 wakefulness=1
11-04 10:16:45.078  1487  1661 D DisplayPowerController: requestPowerState: policy=BRIGHT, useProximitySensor=false, screenBrightness=102, screenAutoBrightnessAdjustment=0.0, brightnessSetByUser=false, useAutoBrightness=false, blockScreenOn=false, lowPowerMode=false, boostScreenBrightness=false, dozeScreenBrightness=-1, dozeScreenState=UNKNOWN, forceWakeUpEnable=false, useTwilight=false, waitForNegativeProximity=false
11-04 10:16:45.078  1487  1540 D PowerManagerService: handle sandman startDreaming=false isDreaming=false mSandmanSummoned=false  mWakefulness1 wakefulness=1
11-04 10:16:45.089  1487  1532 W WindowManager: Keyguard drawn timeout. Setting mKeyguardDrawComplete
11-04 10:16:45.102   811   811 I MediaPlayerService: MediaPlayerService::getOMX
11-04 10:16:45.106   811   811 I OMXClient: MuxOMX ctor
11-04 10:16:45.107   788  1029 I OMXMaster: makeComponentInstance(OMX.google.flac.encoder) in mediacodec process
11-04 10:16:45.116  1487  1538 I WindowManager: All windows ready for display!
11-04 10:16:45.116  1487  1532 W WindowManager: Setting mWindowManagerDrawComplete
11-04 10:16:45.117  1487  1532 D WindowManager: finishScreenTurningOn: mAwake=false, mScreenOnEarly=true, mScreenOnFully=false, mKeyguardDrawComplete=true, mWindowManagerDrawComplete=true
11-04 10:16:45.117  1487  1532 I WindowManager: Finished screen turning on...
11-04 10:16:45.130  1809  1809 I SSIDPreloadReceiver: Preload wifi ssid not enabled
11-04 10:16:45.135   811   811 I MediaPlayerService: MediaPlayerService::getOMX
11-04 10:16:45.137   811   811 I OMXClient: MuxOMX ctor
11-04 10:16:45.138   788  1794 I OMXMaster: makeComponentInstance(OMX.google.gsm.decoder) in mediacodec process
11-04 10:16:45.140  1487  1661 D DisplayPowerController: requestPowerState: policy=BRIGHT, useProximitySensor=false, screenBrightness=102, screenAutoBrightnessAdjustment=0.0, brightnessSetByUser=false, useAutoBrightness=false, blockScreenOn=false, lowPowerMode=false, boostScreenBrightness=false, dozeScreenBrightness=-1, dozeScreenState=UNKNOWN, forceWakeUpEnable=false, useTwilight=false, waitForNegativeProximity=false
11-04 10:16:45.141  1487  1540 D PowerManagerService: handle sandman startDreaming=false isDreaming=false mSandmanSummoned=false  mWakefulness1 wakefulness=1
11-04 10:16:45.153   902   902 I MSM-irqbalance: Discovered a new IRQ: 192
11-04 10:16:45.159   811   811 I MediaPlayerService: MediaPlayerService::getOMX
11-04 10:16:45.161   811   811 I OMXClient: MuxOMX ctor
11-04 10:16:45.161   788   788 I OMXMaster: makeComponentInstance(OMX.qcom.video.encoder.hevc) in mediacodec process
11-04 10:16:45.190  1771  1874 I chatty  : uid=10056(com.android.systemui) SoundPoolThread expire 4 lines
11-04 10:16:45.196   788   788 I OMX-VENC: Video encode perflock acquired,handle=-1
11-04 10:16:45.198  1487  1661 D DisplayPowerController: requestPowerState: policy=BRIGHT, useProximitySensor=false, screenBrightness=102, screenAutoBrightnessAdjustment=0.0, brightnessSetByUser=false, useAutoBrightness=false, blockScreenOn=false, lowPowerMode=false, boostScreenBrightness=false, dozeScreenBrightness=-1, dozeScreenState=UNKNOWN, forceWakeUpEnable=false, useTwilight=false, waitForNegativeProximity=false
11-04 10:16:45.199  1487  1540 D PowerManagerService: handle sandman startDreaming=false isDreaming=false mSandmanSummoned=false  mWakefulness1 wakefulness=1
11-04 10:16:45.219  1701  1876 I chatty  : uid=1002(bluetooth) BT Service Call expire 3 lines
11-04 10:16:45.226  1487  1770 V ActivityManager: Enqueueing parallel broadcast BroadcastRecord{299d54a u-1 android.bluetooth.adapter.action.LOCAL_NAME_CHANGED} intent Intent { act=android.bluetooth.adapter.action.LOCAL_NAME_CHANGED flg=0x4000010 (has extras) }
11-04 10:16:45.228   804  1032 I ExtendedExtractor: QTIParser is prefered
11-04 10:16:45.230   804  1032 I ExtendedExtractor: ExtendedExtractor::create 0xf26070f0
11-04 10:16:45.235   831   831 I ServiceManager: Waiting for service AtCmdFwd...
11-04 10:16:45.255  1487  1487 D NetworkPolicy: setRestrictBackgroundUL(): false
11-04 10:16:45.312  1771  1884 I chatty  : uid=10056(com.android.systemui) VolumeDialogCon expire 8 lines
11-04 10:16:45.367   788   788 I OMX-VENC: Component_init : OMX.qcom.video.encoder.hevc : return = 0x0
11-04 10:16:45.369   811   811 W ACodec  : do not know color format 0x7fa30c04 = 2141391876
11-04 10:16:45.370   811   811 W ACodec  : do not know color format 0x7f000789 = 2130708361
11-04 10:16:45.373   788  1890 E OMX-VENC: async_venc_message_thread interrupted to be exited
11-04 10:16:45.376   788  1029 I OMX-VENC: Component Deinit
11-04 10:16:45.376   788  1029 I OMX-VENC: Video encode perflock released
11-04 10:16:45.380   811   811 I MediaPlayerService: MediaPlayerService::getOMX
11-04 10:16:45.381   811   811 I OMXClient: MuxOMX ctor
11-04 10:16:45.381   788   788 I OMXMaster: makeComponentInstance(OMX.qcom.video.encoder.avc) in mediacodec process
11-04 10:16:45.386   788   788 I OMX-VENC: Video encode perflock acquired,handle=-1
11-04 10:16:45.395   788   788 I OMX-VENC: Component_init : OMX.qcom.video.encoder.avc : return = 0x0
11-04 10:16:45.399   811   811 W ACodec  : do not know color format 0x7fa30c04 = 2141391876
11-04 10:16:45.400   811   811 W ACodec  : do not know color format 0x7f000789 = 2130708361
11-04 10:16:45.401   788  1894 E OMX-VENC: async_venc_message_thread interrupted to be exited
11-04 10:16:45.404   788  1029 I OMX-VENC: Component Deinit
11-04 10:16:45.404   788  1029 I OMX-VENC: Video encode perflock released
11-04 10:16:45.407   811   811 I MediaPlayerService: MediaPlayerService::getOMX
11-04 10:16:45.408   811   811 I OMXClient: MuxOMX ctor
11-04 10:16:45.409   788   788 I OMXMaster: makeComponentInstance(OMX.qcom.video.encoder.mpeg4) in mediacodec process
11-04 10:16:45.413   788   788 I OMX-VENC: Video encode perflock acquired,handle=-1
11-04 10:16:45.423   788   788 I OMX-VENC: Component_init : OMX.qcom.video.encoder.mpeg4 : return = 0x0
11-04 10:16:45.425   788  1794 E OMX-VENC: get_parameter: OMX_IndexParamVideoProfileLevelQuerySupported nProfileIndex ret NoMore 2
11-04 10:16:45.426   811   811 W ACodec  : do not know color format 0x7fa30c04 = 2141391876
11-04 10:16:45.428   811   811 W ACodec  : do not know color format 0x7f000789 = 2130708361
11-04 10:16:45.430   788  1898 E OMX-VENC: async_venc_message_thread interrupted to be exited
11-04 10:16:45.431   788  1794 I OMX-VENC: Component Deinit
11-04 10:16:45.432   788  1794 I OMX-VENC: Video encode perflock released
11-04 10:16:45.435   811   811 I MediaPlayerService: MediaPlayerService::getOMX
11-04 10:16:45.436   811   811 I OMXClient: MuxOMX ctor
11-04 10:16:45.436   788  1029 I OMXMaster: makeComponentInstance(OMX.qcom.video.encoder.h263) in mediacodec process
11-04 10:16:45.440   788  1029 I OMX-VENC: Video encode perflock acquired,handle=-1
11-04 10:16:45.449   788  1029 I OMX-VENC: Component_init : OMX.qcom.video.encoder.h263 : return = 0x0
11-04 10:16:45.453   788  1900 E OMX-VENC: get_parameter: OMX_IndexParamVideoProfileLevelQuerySupported nProfileIndex ret NoMore 1
11-04 10:16:45.459   811   811 W ACodec  : do not know color format 0x7fa30c04 = 2141391876
11-04 10:16:45.461   811   811 W ACodec  : do not know color format 0x7f000789 = 2130708361
11-04 10:16:45.466   788  1903 E OMX-VENC: async_venc_message_thread interrupted to be exited
11-04 10:16:45.469   788  1900 I OMX-VENC: Component Deinit
11-04 10:16:45.470   788  1900 I OMX-VENC: Video encode perflock released
11-04 10:16:45.473   811   811 I MediaPlayerService: MediaPlayerService::getOMX
11-04 10:16:45.475   811   811 I OMXClient: MuxOMX ctor
11-04 10:16:45.476   788  1794 I OMXMaster: makeComponentInstance(OMX.qcom.video.encoder.vp8) in mediacodec process
11-04 10:16:45.481   788  1794 I OMX-VENC: Video encode perflock acquired,handle=-1
11-04 10:16:45.485  1795  1906 I chatty  : uid=1010(wifi) /system/bin/wpa_supplicant expire 23 lines
11-04 10:16:45.487  1795  1907 I chatty  : uid=1010(wifi) /system/bin/wpa_supplicant expire 22 lines
11-04 10:16:45.492  1487  1666 V ActivityManager: Enqueueing parallel broadcast BroadcastRecord{39c9b80 u-1 android.net.wifi.WIFI_STATE_CHANGED} intent Intent { act=android.net.wifi.WIFI_STATE_CHANGED flg=0x4000010 (has extras) }
11-04 10:16:45.492  1487  1666 V ActivityManager: Enqueueing ordered broadcast BroadcastRecord{60f65b9 u-1 android.net.wifi.WIFI_STATE_CHANGED}: prev had 0
11-04 10:16:45.493  1487  1666 I ActivityManager: Enqueueing broadcast android.net.wifi.WIFI_STATE_CHANGED
11-04 10:16:45.495   788  1794 I OMX-VENC: Component_init : OMX.qcom.video.encoder.vp8 : return = 0x0
11-04 10:16:45.500  1809  1809 I SSIDPreloadReceiver: Preload wifi ssid not enabled
11-04 10:16:45.506   811   811 W ACodec  : do not know color format 0x7fa30c04 = 2141391876
11-04 10:16:45.508   811   811 W ACodec  : do not know color format 0x7f000789 = 2130708361
11-04 10:16:45.513   788  1913 E OMX-VENC: async_venc_message_thread interrupted to be exited
11-04 10:16:45.515   788  1029 I OMX-VENC: Component Deinit
11-04 10:16:45.518   788  1029 I OMX-VENC: Video encode perflock released
11-04 10:16:45.522   811   811 I MediaPlayerService: MediaPlayerService::getOMX
11-04 10:16:45.523   811   811 I OMXClient: MuxOMX ctor
11-04 10:16:45.523   788  1794 I OMXMaster: makeComponentInstance(OMX.qti.audio.decoder.flac) in mediacodec process
11-04 10:16:45.533   811   811 I MediaPlayerService: MediaPlayerService::getOMX
11-04 10:16:45.535   811   811 I OMXClient: MuxOMX ctor
11-04 10:16:45.536   788  1794 I OMXMaster: makeComponentInstance(OMX.qcom.video.decoder.avc) in mediacodec process
11-04 10:16:45.558   490  1659 I vold    : Trimmed 17572495360 bytes on /data in 2993ms
11-04 10:16:45.559  1487  1657 D VoldConnector: RCV <- {662 /data 17572495360 2993316874}
11-04 10:16:45.578   788  1794 E         : Service not available yet
11-04 10:16:45.588   788  1794 I OMX-VDEC-1080P: Video slvp perflock acquired
11-04 10:16:45.589   788  1794 I OMX-VDEC-1080P: component_init: OMX.qcom.video.decoder.avc : fd=8
11-04 10:16:45.596   788  1794 I OMX-VDEC-1080P: omx_vdec::component_init() success : fd=8
11-04 10:16:45.604  1487  1666 V ActivityManager: Enqueueing parallel broadcast BroadcastRecord{1dc445b u-1 android.net.wifi.CONFIGURED_NETWORKS_CHANGE} intent Intent { act=android.net.wifi.CONFIGURED_NETWORKS_CHANGE flg=0x4000010 (has extras) }
11-04 10:16:45.635  1487  1487 I SystemServiceManager: Starting phase 600
11-04 10:16:45.660  1487  1487 D SensorNotificationService: Cannot obtain dynamic meta sensor, not supported.
11-04 10:16:45.668  1487  1487 D edward  : the AOD_ENABLED is :1
11-04 10:16:45.670  1487  1506 I StatusBarManagerService: registerStatusBar bar=com.android.internal.statusbar.IStatusBar$Stub$Proxy@20dbd1f
11-04 10:16:45.697  1487  1487 D DisplayPowerController: requestPowerState: policy=BRIGHT, useProximitySensor=false, screenBrightness=102, screenAutoBrightnessAdjustment=0.0, brightnessSetByUser=false, useAutoBrightness=false, blockScreenOn=false, lowPowerMode=false, boostScreenBrightness=false, dozeScreenBrightness=-1, dozeScreenState=UNKNOWN, forceWakeUpEnable=false, useTwilight=false, waitForNegativeProximity=false
11-04 10:16:45.698  1487  1540 D PowerManagerService: handle sandman startDreaming=false isDreaming=false mSandmanSummoned=false  mWakefulness1 wakefulness=1
11-04 10:16:45.703  1487  1487 W LocationProviderProxy-network: Odd, no component found for service com.android.location.service.v3.NetworkLocationProvider
11-04 10:16:45.710  1487  1487 W GeocoderProxy: Odd, no component found for service com.android.location.service.GeocodeProvider
11-04 10:16:45.731  1487  1487 W FusedProxy: Odd, no component found for service com.android.location.service.FusedProvider
11-04 10:16:45.737  1487  1487 W GeofenceProxy: Odd, no component found for service com.android.location.service.GeofenceProvider
11-04 10:16:45.748  1487  1487 W ActivityRecognitionProxy: Odd, no component found for service com.android.location.service.ActivityRecognitionProvider
11-04 10:16:45.751  1487  1487 V ActivityManager: Enqueueing parallel broadcast BroadcastRecord{af4c9eb u-1 android.location.MODE_CHANGED} intent Intent { act=android.location.MODE_CHANGED flg=0x10 }
11-04 10:16:45.757  1487  1952 D DisplayPowerController: requestPowerState: policy=BRIGHT, useProximitySensor=false, screenBrightness=102, screenAutoBrightnessAdjustment=0.0, brightnessSetByUser=false, useAutoBrightness=false, blockScreenOn=false, lowPowerMode=false, boostScreenBrightness=false, dozeScreenBrightness=-1, dozeScreenState=UNKNOWN, forceWakeUpEnable=false, useTwilight=false, waitForNegativeProximity=false
11-04 10:16:45.757  1487  1540 D PowerManagerService: handle sandman startDreaming=false isDreaming=false mSandmanSummoned=false  mWakefulness1 wakefulness=1
11-04 10:16:45.758  1487  1952 D DisplayPowerController: requestPowerState: policy=BRIGHT, useProximitySensor=false, screenBrightness=102, screenAutoBrightnessAdjustment=0.0, brightnessSetByUser=false, useAutoBrightness=false, blockScreenOn=false, lowPowerMode=false, boostScreenBrightness=false, dozeScreenBrightness=-1, dozeScreenState=UNKNOWN, forceWakeUpEnable=false, useTwilight=false, waitForNegativeProximity=false
11-04 10:16:45.759  1487  1540 D PowerManagerService: handle sandman startDreaming=false isDreaming=false mSandmanSummoned=false  mWakefulness1 wakefulness=1
11-04 10:16:45.763  1487  1487 D DisplayPowerController: requestPowerState: policy=BRIGHT, useProximitySensor=false, screenBrightness=102, screenAutoBrightnessAdjustment=0.0, brightnessSetByUser=false, useAutoBrightness=false, blockScreenOn=false, lowPowerMode=false, boostScreenBrightness=false, dozeScreenBrightness=-1, dozeScreenState=UNKNOWN, forceWakeUpEnable=false, useTwilight=false, waitForNegativeProximity=false
11-04 10:16:45.764  1487  1540 D PowerManagerService: handle sandman startDreaming=false isDreaming=false mSandmanSummoned=false  mWakefulness1 wakefulness=1
11-04 10:16:45.764  1487  1530 D DisplayPowerController: requestPowerState: policy=BRIGHT, useProximitySensor=false, screenBrightness=102, screenAutoBrightnessAdjustment=0.0, brightnessSetByUser=false, useAutoBrightness=false, blockScreenOn=false, lowPowerMode=false, boostScreenBrightness=false, dozeScreenBrightness=-1, dozeScreenState=UNKNOWN, forceWakeUpEnable=false, useTwilight=false, waitForNegativeProximity=false
11-04 10:16:45.764  1487  1540 D PowerManagerService: handle sandman startDreaming=false isDreaming=false mSandmanSummoned=false  mWakefulness1 wakefulness=1
11-04 10:16:45.765  1487  1487 I MmsServiceBroker: Delay connecting to MmsService until an API is called
11-04 10:16:45.797   788  1029 I OMX-VDEC-1080P: Exit OMX vdec Destructor: fd=8
11-04 10:16:45.798   788  1029 I OMX-VDEC-1080P: Video slvp perflock released
11-04 10:16:45.801   811   811 I MediaPlayerService: MediaPlayerService::getOMX
11-04 10:16:45.802   811   811 I OMXClient: MuxOMX ctor
11-04 10:16:45.803   788   788 I OMXMaster: makeComponentInstance(OMX.qcom.video.decoder.h263) in mediacodec process
11-04 10:16:45.807   788   788 I OMX-VDEC-1080P: Video slvp perflock acquired
11-04 10:16:45.809   788   788 I OMX-VDEC-1080P: component_init: OMX.qcom.video.decoder.h263 : fd=8
11-04 10:16:45.811  1487  1943 D DisplayPowerController: requestPowerState: policy=BRIGHT, useProximitySensor=false, screenBrightness=102, screenAutoBrightnessAdjustment=0.0, brightnessSetByUser=false, useAutoBrightness=false, blockScreenOn=false, lowPowerMode=false, boostScreenBrightness=false, dozeScreenBrightness=-1, dozeScreenState=UNKNOWN, forceWakeUpEnable=false, useTwilight=false, waitForNegativeProximity=false
11-04 10:16:45.813  1487  1540 D PowerManagerService: handle sandman startDreaming=false isDreaming=false mSandmanSummoned=false  mWakefulness1 wakefulness=1
11-04 10:16:45.814  1487  1530 D DisplayPowerController: requestPowerState: policy=BRIGHT, useProximitySensor=false, screenBrightness=102, screenAutoBrightnessAdjustment=0.0, brightnessSetByUser=false, useAutoBrightness=false, blockScreenOn=false, lowPowerMode=false, boostScreenBrightness=false, dozeScreenBrightness=-1, dozeScreenState=UNKNOWN, forceWakeUpEnable=false, useTwilight=false, waitForNegativeProximity=false
11-04 10:16:45.815   788   788 I OMX-VDEC-1080P: omx_vdec::component_init() success : fd=8
11-04 10:16:45.816  1487  1540 D PowerManagerService: handle sandman startDreaming=false isDreaming=false mSandmanSummoned=false  mWakefulness1 wakefulness=1
11-04 10:16:45.818   788  1029 E OMX-VDEC-1080P: Extension: OMX.google.android.index.storeANWBufferInMetadata not implemented
11-04 10:16:45.818   788  1029 E OMX-VDEC-1080P: Extension: OMX.google.android.index.configureVideoTunnelMode not implemented
11-04 10:16:45.818   788  1029 E OMX-VDEC-1080P: Extension: OMX.google.android.index.useAndroidNativeBuffer is supported
11-04 10:16:45.820   788   788 E OMXNodeInstance: getParameter(314001a:qcom.decoder.h263, ??(0x7f000044)) ERROR: UnsupportedSetting(0x80001019)
11-04 10:16:45.822   788  1794 E OMXNodeInstance: getParameter(314001a:qcom.decoder.h263, ??(0x7f000044)) ERROR: UnsupportedSetting(0x80001019)
11-04 10:16:45.825   788   788 E OMX-VDEC-1080P: Extension: OMX.google.android.index.configureVideoTunnelMode not implemented
11-04 10:16:45.825   788   788 E OMXNodeInstance: getExtensionIndex(314001a:qcom.decoder.h263, OMX.google.android.index.configureVideoTunnelMode) ERROR: NotImplemented(0x80001006)
11-04 10:16:45.826   788  1900 E OMX-VDEC-1080P: Extension: OMX.google.android.index.storeANWBufferInMetadata not implemented
11-04 10:16:45.826   788  1029 I OMX-VDEC-1080P: omx_vdec::component_deinit() complete
11-04 10:16:45.836  1487  1487 I ActivityManager: Start proc 1961:.dataservices/1000 for added application .dataservices
11-04 10:16:45.836   788  1029 I OMX-VDEC-1080P: Exit OMX vdec Destructor: fd=8
11-04 10:16:45.837   788  1029 I OMX-VDEC-1080P: Video slvp perflock released
11-04 10:16:45.839   586   586 E SELinux : avc:  denied  { find } for service=batteryproperties pid=588 uid=1000 scontext=u:r:surfaceflinger:s0 tcontext=u:object_r:batteryproperties_service:s0 tclass=service_manager permissive=0
11-04 10:16:45.840   588   719 I ServiceManager: Waiting for service batteryproperties...
11-04 10:16:45.840   811   811 I MediaPlayerService: MediaPlayerService::getOMX
11-04 10:16:45.842   811   811 I OMXClient: MuxOMX ctor
11-04 10:16:45.844   788   788 I OMXMaster: makeComponentInstance(OMX.qcom.video.decoder.divx) in mediacodec process
11-04 10:16:45.848   788   788 I OMX-VDEC-1080P: Video slvp perflock acquired
11-04 10:16:45.849   788   788 I OMX-VDEC-1080P: component_init: OMX.qcom.video.decoder.divx : fd=8
11-04 10:16:45.850   788   788 E OMX-VDEC-1080P: DIVX 5/6 Decoder selected
11-04 10:16:45.854   788   788 I OMX-VDEC-1080P: omx_vdec::component_init() success : fd=8
11-04 10:16:45.855   788  1794 E OMX-VDEC-1080P: get_parameter: OMX_IndexParamVideoProfileLevelQuerySupported ret NoMore for codec: OMX.qcom.video.decoder.divx
11-04 10:16:45.856   788  1029 E OMX-VDEC-1080P: Extension: OMX.google.android.index.storeANWBufferInMetadata not implemented
11-04 10:16:45.856   788  1029 E OMX-VDEC-1080P: Extension: OMX.google.android.index.configureVideoTunnelMode not implemented
11-04 10:16:45.856   788  1029 E OMX-VDEC-1080P: Extension: OMX.google.android.index.useAndroidNativeBuffer is supported
11-04 10:16:45.858   788   788 E OMXNodeInstance: getParameter(314001b:qcom.decoder.divx, ??(0x7f000044)) ERROR: UnsupportedSetting(0x80001019)
11-04 10:16:45.859   788  1794 E OMXNodeInstance: getParameter(314001b:qcom.decoder.divx, ??(0x7f000044)) ERROR: UnsupportedSetting(0x80001019)
11-04 10:16:45.860   788   788 E OMX-VDEC-1080P: Extension: OMX.google.android.index.configureVideoTunnelMode not implemented
11-04 10:16:45.860   788   788 E OMXNodeInstance: getExtensionIndex(314001b:qcom.decoder.divx, OMX.google.android.index.configureVideoTunnelMode) ERROR: NotImplemented(0x80001006)
11-04 10:16:45.861   788  1900 E OMX-VDEC-1080P: Extension: OMX.google.android.index.storeANWBufferInMetadata not implemented
11-04 10:16:45.861   788  1029 I OMX-VDEC-1080P: omx_vdec::component_deinit() complete
11-04 10:16:45.864   788  1029 I OMX-VDEC-1080P: Exit OMX vdec Destructor: fd=8
11-04 10:16:45.865   788  1029 I OMX-VDEC-1080P: Video slvp perflock released
11-04 10:16:45.867   811   811 I MediaPlayerService: MediaPlayerService::getOMX
11-04 10:16:45.868   811   811 I OMXClient: MuxOMX ctor
11-04 10:16:45.868   788   788 I OMXMaster: makeComponentInstance(OMX.qcom.video.decoder.divx311) in mediacodec process
11-04 10:16:45.871   788   788 I OMX-VDEC-1080P: Video slvp perflock acquired
11-04 10:16:45.873   788   788 I OMX-VDEC-1080P: component_init: OMX.qcom.video.decoder.divx311 : fd=8
11-04 10:16:45.883  1487  1487 I ActivityManager: Start proc 1979:se.dirac.acs/u0a27 for added application se.dirac.acs
11-04 10:16:45.886   788   788 I OMX-VDEC-1080P: omx_vdec::component_init() success : fd=8
11-04 10:16:45.887   788  1794 E OMX-VDEC-1080P: get_parameter: OMX_IndexParamVideoProfileLevelQuerySupported ret NoMore for codec: OMX.qcom.video.decoder.divx311
11-04 10:16:45.889   788  1029 E OMX-VDEC-1080P: Extension: OMX.google.android.index.storeANWBufferInMetadata not implemented
11-04 10:16:45.889   788  1029 E OMX-VDEC-1080P: Extension: OMX.google.android.index.configureVideoTunnelMode not implemented
11-04 10:16:45.889   788  1029 E OMX-VDEC-1080P: Extension: OMX.google.android.index.useAndroidNativeBuffer is supported
11-04 10:16:45.891   788  1900 E OMXNodeInstance: getParameter(314001c:qcom.decoder.divx311, ??(0x7f000044)) ERROR: UnsupportedSetting(0x80001019)
11-04 10:16:45.893   788  1029 E OMXNodeInstance: getParameter(314001c:qcom.decoder.divx311, ??(0x7f000044)) ERROR: UnsupportedSetting(0x80001019)
11-04 10:16:45.897   788  1900 E OMX-VDEC-1080P: Extension: OMX.google.android.index.configureVideoTunnelMode not implemented
11-04 10:16:45.897   788  1900 E OMXNodeInstance: getExtensionIndex(314001c:qcom.decoder.divx311, OMX.google.android.index.configureVideoTunnelMode) ERROR: NotImplemented(0x80001006)
11-04 10:16:45.897   788   788 E OMX-VDEC-1080P: Extension: OMX.google.android.index.storeANWBufferInMetadata not implemented
11-04 10:16:45.898   788  1794 I OMX-VDEC-1080P: omx_vdec::component_deinit() complete
11-04 10:16:45.900   788  1794 I OMX-VDEC-1080P: Exit OMX vdec Destructor: fd=8
11-04 10:16:45.901   788  1794 I OMX-VDEC-1080P: Video slvp perflock released
11-04 10:16:45.903   811   811 I MediaPlayerService: MediaPlayerService::getOMX
11-04 10:16:45.904   811   811 I OMXClient: MuxOMX ctor
11-04 10:16:45.905   788  1900 I OMXMaster: makeComponentInstance(OMX.qcom.video.decoder.divx4) in mediacodec process
11-04 10:16:45.908   788  1900 I OMX-VDEC-1080P: Video slvp perflock acquired
11-04 10:16:45.910   788  1900 I OMX-VDEC-1080P: component_init: OMX.qcom.video.decoder.divx4 : fd=8
11-04 10:16:45.911   788  1900 E OMX-VDEC-1080P: DIVX 4 Decoder selected
11-04 10:16:45.916   788  1900 I OMX-VDEC-1080P: omx_vdec::component_init() success : fd=8
11-04 10:16:45.917   788  1794 E OMX-VDEC-1080P: get_parameter: OMX_IndexParamVideoProfileLevelQuerySupported ret NoMore for codec: OMX.qcom.video.decoder.divx4
11-04 10:16:45.918   788  1029 E OMX-VDEC-1080P: Extension: OMX.google.android.index.storeANWBufferInMetadata not implemented
11-04 10:16:45.918   788  1029 E OMX-VDEC-1080P: Extension: OMX.google.android.index.configureVideoTunnelMode not implemented
11-04 10:16:45.919   788  1029 E OMX-VDEC-1080P: Extension: OMX.google.android.index.useAndroidNativeBuffer is supported
11-04 10:16:45.920   788  1794 E OMXNodeInstance: getParameter(314001d:qcom.decoder.divx4, ??(0x7f000044)) ERROR: UnsupportedSetting(0x80001019)
11-04 10:16:45.921   788  1900 E OMXNodeInstance: getParameter(314001d:qcom.decoder.divx4, ??(0x7f000044)) ERROR: UnsupportedSetting(0x80001019)
11-04 10:16:45.923   788  1794 E OMX-VDEC-1080P: Extension: OMX.google.android.index.configureVideoTunnelMode not implemented
11-04 10:16:45.924   788  1794 E OMXNodeInstance: getExtensionIndex(314001d:qcom.decoder.divx4, OMX.google.android.index.configureVideoTunnelMode) ERROR: NotImplemented(0x80001006)
11-04 10:16:45.924   788  1029 E OMX-VDEC-1080P: Extension: OMX.google.android.index.storeANWBufferInMetadata not implemented
11-04 10:16:45.925   788   788 I OMX-VDEC-1080P: omx_vdec::component_deinit() complete
11-04 10:16:45.932   788   788 I OMX-VDEC-1080P: Exit OMX vdec Destructor: fd=8
11-04 10:16:45.932  1487  1487 I ActivityManager: Start proc 1997:com.android.phone/1001 for added application com.android.phone
11-04 10:16:45.934   788   788 I OMX-VDEC-1080P: Video slvp perflock released
11-04 10:16:45.937  1487  1487 I ActivityManager: START u0 {act=android.intent.action.MAIN cat=[android.intent.category.HOME] flg=0x10000100 cmp=com.android.settings/.FallbackHome} from uid 0 on display 0
11-04 10:16:45.939   811   811 I MediaPlayerService: MediaPlayerService::getOMX
11-04 10:16:45.942   811   811 I OMXClient: MuxOMX ctor
11-04 10:16:45.943   788  1794 I OMXMaster: makeComponentInstance(OMX.qcom.video.decoder.vp8) in mediacodec process
11-04 10:16:45.949   788  1794 I OMX-VDEC-1080P: Video slvp perflock acquired
11-04 10:16:45.952  1795  1795 D wpa_supplicant: P2P: Channels - hexdump(len=2): 28 30
11-04 10:16:45.952  1795  1795 D wpa_supplicant: P2P: Add operating class 124
11-04 10:16:45.952  1795  1795 D wpa_supplicant: P2P: Channels - hexdump(len=4): 95 99 9d a1
11-04 10:16:45.953  1795  1795 D wpa_supplicant: P2P: Add operating class 125
11-04 10:16:45.953   788  1794 I OMX-VDEC-1080P: component_init: OMX.qcom.video.decoder.vp8 : fd=8
11-04 10:16:45.953  1795  1795 D wpa_supplicant: P2P: Channels - hexdump(len=5): 95 99 9d a1 a5
11-04 10:16:45.953  1795  1795 D wpa_supplicant: P2P: Add operating class 126
11-04 10:16:45.953  1795  1795 D wpa_supplicant: P2P: Channels - hexdump(len=2): 95 9d
11-04 10:16:45.953  1795  1795 D wpa_supplicant: P2P: Add operating class 127
11-04 10:16:45.954  1795  1795 D wpa_supplicant: P2P: Channels - hexdump(len=2): 99 a1
11-04 10:16:45.954  1795  1795 D wpa_supplicant: P2P: Add operating class 130
11-04 10:16:45.954  1795  1795 D wpa_supplicant: P2P: Channels - hexdump(len=4): 24 28 2c 30
11-04 10:16:45.955  1795  1795 D wpa_supplicant: P2P: Update channel list
11-04 10:16:45.955  1795  1795 D wpa_supplicant: P2P: channels: 81:1,2,3,4,5,6,7,8,9,10,11,12,13 115:36,40,44,48 116:36,44 117:40,48 124:149,153,157,161 125:149,153,157,161,165 126:149,157 127:153,161 130:36,40,44,48
11-04 10:16:45.955  1795  1795 D wpa_supplicant: P2P: cli_channels:
11-04 10:16:45.957   788  1794 I OMX-VDEC-1080P: omx_vdec::component_init() success : fd=8
11-04 10:16:45.960  1795  1795 D wpa_supplicant: wlan0: Control interface command 'DRIVER BTCOEXSCAN-STOP'
11-04 10:16:45.960  1795  1795 D wpa_supplicant: wpa_driver_nl80211_driver_cmd BTCOEXSCAN-STOP len = 0, 4096
11-04 10:16:45.961  1795  1795 D wpa_supplicant: CTRL-DEBUG: global_ctrl_sock-sendto: sock=8 sndbuf=212992 outq=0 send_len=3
11-04 10:16:45.964   788  1029 E OMX-VDEC-1080P: Extension: OMX.google.android.index.storeANWBufferInMetadata not implemented
11-04 10:16:45.964   788  1029 E OMX-VDEC-1080P: Extension: OMX.google.android.index.configureVideoTunnelMode not implemented
11-04 10:16:45.964   788  1029 E OMX-VDEC-1080P: Extension: OMX.google.android.index.useAndroidNativeBuffer is supported
11-04 10:16:45.966   788  1900 E OMXNodeInstance: getParameter(314001e:qcom.decoder.vp8, ??(0x7f000044)) ERROR: UnsupportedSetting(0x80001019)
11-04 10:16:45.967   788   788 E OMXNodeInstance: getParameter(314001e:qcom.decoder.vp8, ??(0x7f000044)) ERROR: UnsupportedSetting(0x80001019)
11-04 10:16:45.968   788  1900 E OMX-VDEC-1080P: Extension: OMX.google.android.index.configureVideoTunnelMode not implemented
11-04 10:16:45.969   788  1900 E OMXNodeInstance: getExtensionIndex(314001e:qcom.decoder.vp8, OMX.google.android.index.configureVideoTunnelMode) ERROR: NotImplemented(0x80001006)
11-04 10:16:45.969   788  1794 E OMX-VDEC-1080P: Extension: OMX.google.android.index.storeANWBufferInMetadata not implemented
11-04 10:16:45.970   788  1029 I OMX-VDEC-1080P: omx_vdec::component_deinit() complete
11-04 10:16:45.970  1487  1487 I chatty  : uid=1000 system_server expire 88 lines
11-04 10:16:45.973   788  1029 I OMX-VDEC-1080P: Exit OMX vdec Destructor: fd=8
11-04 10:16:45.973   788  1029 I OMX-VDEC-1080P: Video slvp perflock released
11-04 10:16:45.976   811   811 I MediaPlayerService: MediaPlayerService::getOMX
11-04 10:16:45.977   811   811 I OMXClient: MuxOMX ctor
11-04 10:16:45.977   788  1900 I OMXMaster: makeComponentInstance(OMX.qcom.video.decoder.vp9) in mediacodec process
11-04 10:16:45.980   788  1900 I OMX-VDEC-1080P: Video slvp perflock acquired
11-04 10:16:45.982   788  1900 I OMX-VDEC-1080P: component_init: OMX.qcom.video.decoder.vp9 : fd=8
11-04 10:16:45.986   788  1900 I OMX-VDEC-1080P: omx_vdec::component_init() success : fd=8
11-04 10:16:45.988   788  1794 E OMX-VDEC-1080P: Extension: OMX.google.android.index.storeANWBufferInMetadata not implemented
11-04 10:16:45.988   788  1794 E OMX-VDEC-1080P: Extension: OMX.google.android.index.configureVideoTunnelMode not implemented
11-04 10:16:45.989   788  1794 E OMX-VDEC-1080P: Extension: OMX.google.android.index.useAndroidNativeBuffer is supported
11-04 10:16:45.990  1487  1487 I ActivityManager: Loaded persisted task ids for user 0
11-04 10:16:45.991   788   788 E OMXNodeInstance: getParameter(314001f:qcom.decoder.vp9, ??(0x7f000044)) ERROR: UnsupportedSetting(0x80001019)
11-04 10:16:45.992  1487  1487 D ActivityManager: setShowForAllUsers: flags=220 mShowForAllUsers = false callers=com.android.server.am.TaskRecord.setIntent:401 com.android.server.am.TaskRecord.<init>:291 com.android.server.am.ActivityStack.createTaskRecord:5298 com.android.server.am.ActivityStarter.setTaskFromReuseOrCreateNewTask:1718 
11-04 10:16:45.993   788  1029 E OMXNodeInstance: getParameter(314001f:qcom.decoder.vp9, ??(0x7f000044)) ERROR: UnsupportedSetting(0x80001019)
11-04 10:16:45.994  1487  1487 D ActivityManager: setShowForAllUsers: flags=220 mShowForAllUsers = false callers=com.android.server.am.TaskRecord.setIntent:401 com.android.server.am.TaskRecord.setIntent:396 com.android.server.am.TaskRecord.updateEffectiveIntent:1143 com.android.server.am.TaskRecord.addActivityAtIndex:795 
11-04 10:16:45.994   788   788 E OMX-VDEC-1080P: Extension: OMX.google.android.index.configureVideoTunnelMode not implemented
11-04 10:16:45.994   788   788 E OMXNodeInstance: getExtensionIndex(314001f:qcom.decoder.vp9, OMX.google.android.index.configureVideoTunnelMode) ERROR: NotImplemented(0x80001006)
11-04 10:16:45.996   788  1900 E OMX-VDEC-1080P: Extension: OMX.google.android.index.storeANWBufferInMetadata not implemented
11-04 10:16:45.996   788  1900 I OMX-VDEC-1080P: omx_vdec::component_deinit() complete
11-04 10:16:45.998  1487  1487 V cheng== : prev no finish  csbst
11-04 10:16:45.999   788  1900 I OMX-VDEC-1080P: Exit OMX vdec Destructor: fd=8
11-04 10:16:45.999   788  1900 I OMX-VDEC-1080P: Video slvp perflock released
11-04 10:16:46.002   811   811 I MediaPlayerService: MediaPlayerService::getOMX
11-04 10:16:46.003   811   811 I OMXClient: MuxOMX ctor
11-04 10:16:46.004   788   788 I OMXMaster: makeComponentInstance(OMX.qcom.video.decoder.hevc) in mediacodec process
11-04 10:16:46.007   788   788 I OMX-VDEC-1080P: Video slvp perflock acquired
11-04 10:16:46.008  1487  1487 V ActivityManager: Enqueueing parallel broadcast BroadcastRecord{433baf0 u0 android.intent.action.USER_STARTED} intent Intent { act=android.intent.action.USER_STARTED flg=0x50000010 (has extras) }
11-04 10:16:46.008  1487  1487 V ActivityManager: Enqueueing ordered broadcast BroadcastRecord{29be869 u-1 android.intent.action.USER_STARTING}: prev had 0
11-04 10:16:46.008  1487  1487 I ActivityManager: Enqueueing broadcast android.intent.action.USER_STARTING
11-04 10:16:46.009   788   788 I OMX-VDEC-1080P: component_init: OMX.qcom.video.decoder.hevc : fd=8
11-04 10:16:46.009  1487  1487 V ActivityManager: Enqueueing parallel broadcast BroadcastRecord{76822ee u0 android.intent.action.USER_FOREGROUND} intent Intent { act=android.intent.action.USER_FOREGROUND flg=0x50000010 (has extras) }
11-04 10:16:46.009  1487  1487 V ActivityManager: Enqueueing parallel broadcast BroadcastRecord{40f938f u-1 android.intent.action.USER_SWITCHED} intent Intent { act=android.intent.action.USER_SWITCHED flg=0x50000010 (has extras) }
11-04 10:16:46.010  1487  1487 I SystemServer: Enabled StrictMode for system server main thread.
11-04 10:16:46.011  1487  1507 I chatty  : uid=1000(system) Binder:1487_2 expire 1 line
11-04 10:16:46.012  1487  1517 I chatty  : uid=1000(system) Binder:1487_3 expire 1 line
11-04 10:16:46.013  1487  1666 V ActivityManager: Enqueueing parallel broadcast BroadcastRecord{931961c u-1 android.net.wifi.STATE_CHANGE} intent Intent { act=android.net.wifi.STATE_CHANGE flg=0x4000010 (has extras) }
11-04 10:16:46.013  1795  1795 D wpa_supplicant: wlan0: Control interface command 'DRIVER RXFILTER-STOP'
11-04 10:16:46.014  1795  1795 D wpa_supplicant: wpa_driver_nl80211_driver_cmd RXFILTER-STOP len = 0, 4096
11-04 10:16:46.014  1795  1795 D wpa_supplicant: CTRL-DEBUG: global_ctrl_sock-sendto: sock=8 sndbuf=212992 outq=0 send_len=3
11-04 10:16:46.015  1795  1795 D wpa_supplicant: wlan0: Control interface command 'DRIVER RXFILTER-ADD 2'
11-04 10:16:46.015  1795  1795 D wpa_supplicant: wpa_driver_nl80211_driver_cmd RXFILTER-ADD 2 len = 0, 4096
11-04 10:16:46.015  1795  1795 D wpa_supplicant: CTRL-DEBUG: global_ctrl_sock-sendto: sock=8 sndbuf=212992 outq=0 send_len=3
11-04 10:16:46.016  1795  1795 D wpa_supplicant: wlan0: Control interface command 'DRIVER RXFILTER-START'
11-04 10:16:46.017  1795  1795 D wpa_supplicant: wpa_driver_nl80211_driver_cmd RXFILTER-START len = 0, 4096
11-04 10:16:46.017  1795  1795 D wpa_supplicant: CTRL-DEBUG: global_ctrl_sock-sendto: sock=8 sndbuf=212992 outq=0 send_len=3
11-04 10:16:46.018   788   788 I OMX-VDEC-1080P: omx_vdec::component_init() success : fd=8
11-04 10:16:46.018  1795  1795 D wpa_supplicant: wlan0: Control interface command 'DRIVER RXFILTER-STOP'
11-04 10:16:46.019  1795  1795 D wpa_supplicant: wpa_driver_nl80211_driver_cmd RXFILTER-STOP len = 0, 4096
11-04 10:16:46.019  1795  1795 D wpa_supplicant: CTRL-DEBUG: global_ctrl_sock-sendto: sock=8 sndbuf=212992 outq=0 send_len=3
11-04 10:16:46.020  1795  1795 D wpa_supplicant: wlan0: Control interface command 'DRIVER RXFILTER-ADD 3'
11-04 10:16:46.020  1795  1795 D wpa_supplicant: wpa_driver_nl80211_driver_cmd RXFILTER-ADD 3 len = 0, 4096
11-04 10:16:46.021  1795  1795 D wpa_supplicant: CTRL-DEBUG: global_ctrl_sock-sendto: sock=8 sndbuf=212992 outq=0 send_len=3
11-04 10:16:46.022  1795  1795 D wpa_supplicant: wlan0: Control interface command 'DRIVER RXFILTER-START'
11-04 10:16:46.022  1795  1795 D wpa_supplicant: wpa_driver_nl80211_driver_cmd RXFILTER-START len = 0, 4096
11-04 10:16:46.022  1795  1795 D wpa_supplicant: CTRL-DEBUG: global_ctrl_sock-sendto: sock=8 sndbuf=212992 outq=0 send_len=3
11-04 10:16:46.024  1795  1795 D wpa_supplicant: EAPOL: EAP Session-Id not available
11-04 10:16:46.024  1795  1795 D wpa_supplicant: CTRL-DEBUG: ctrl_sock-sendmsg: sock=8 sndbuf=212992 outq=0 send_len=67
11-04 10:16:46.024  1795  1795 D wpa_supplicant: CTRL_IFACE monitor sent successfully to /data/misc/wifi/sockets/wpa_ctrl_1487-2\x00
11-04 10:16:46.024  1795  1795 D wpa_supplicant: CTRL-DEBUG: global_ctrl_sock-sendto: sock=8 sndbuf=212992 outq=768 send_len=102
11-04 10:16:46.029  1487  1540 D DisplayPowerController: requestPowerState: policy=BRIGHT, useProximitySensor=false, screenBrightness=102, screenAutoBrightnessAdjustment=0.0, brightnessSetByUser=false, useAutoBrightness=false, blockScreenOn=false, lowPowerMode=false, boostScreenBrightness=false, dozeScreenBrightness=-1, dozeScreenState=UNKNOWN, forceWakeUpEnable=false, useTwilight=false, waitForNegativeProximity=false
11-04 10:16:46.030  1487  1540 D PowerManagerService: handle sandman startDreaming=false isDreaming=false mSandmanSummoned=false  mWakefulness1 wakefulness=1
11-04 10:16:46.030  1487  1530 W LocationProviderProxy-network: Odd, no component found for service com.android.location.service.v3.NetworkLocationProvider
11-04 10:16:46.031  1487  1530 W GeocoderProxy: Odd, no component found for service com.android.location.service.GeocodeProvider
11-04 10:16:46.034   788  1794 E OMX-VDEC-1080P: Extension: OMX.google.android.index.storeANWBufferInMetadata not implemented
11-04 10:16:46.034   788  1794 E OMX-VDEC-1080P: Extension: OMX.google.android.index.configureVideoTunnelMode not implemented
11-04 10:16:46.034   788  1794 E OMX-VDEC-1080P: Extension: OMX.google.android.index.useAndroidNativeBuffer is supported
11-04 10:16:46.036   788  1900 E OMXNodeInstance: getParameter(3140020:qcom.decoder.hevc, ??(0x7f000044)) ERROR: UnsupportedSetting(0x80001019)
11-04 10:16:46.037  1487  1536 D edward  : the AOD_ENABLED is :1
11-04 10:16:46.042  1487  1530 W FusedProxy: Odd, no component found for service com.android.location.service.FusedProvider
11-04 10:16:46.042  1487  1530 W GeofenceProxy: Odd, no component found for service com.android.location.service.GeofenceProvider
11-04 10:16:46.042  1487  1530 W ActivityRecognitionProxy: Odd, no component found for service com.android.location.service.ActivityRecognitionProvider
11-04 10:16:46.045   788   788 E OMXNodeInstance: getParameter(3140020:qcom.decoder.hevc, ??(0x7f000044)) ERROR: UnsupportedSetting(0x80001019)
11-04 10:16:46.046  1795  1795 D wpa_supplicant: wlan0: Control interface command 'SET ps 1'
11-04 10:16:46.047  1795  1795 D wpa_supplicant: CTRL_IFACE SET 'ps'='1'
11-04 10:16:46.047  1795  1795 D wpa_supplicant: nl80211: set_p2p_powersave (legacy_ps=1 opp_ps=-1 ctwindow=-1)
11-04 10:16:46.047  1795  1795 D wpa_supplicant: CTRL-DEBUG: global_ctrl_sock-sendto: sock=8 sndbuf=212992 outq=0 send_len=3
11-04 10:16:46.052   788   788 E OMX-VDEC-1080P: Extension: OMX.google.android.index.configureVideoTunnelMode not implemented
11-04 10:16:46.052   788   788 E OMXNodeInstance: getExtensionIndex(3140020:qcom.decoder.hevc, OMX.google.android.index.configureVideoTunnelMode) ERROR: NotImplemented(0x80001006)
11-04 10:16:46.053   788  1900 E OMX-VDEC-1080P: Extension: OMX.google.android.index.storeANWBufferInMetadata not implemented
11-04 10:16:46.054   815  1527 D CommandListener: Setting iface cfg
11-04 10:16:46.055   788  1029 I OMX-VDEC-1080P: omx_vdec::component_deinit() complete
11-04 10:16:46.056   815  1527 D CommandListener: Trying to bring up p2p0
11-04 10:16:46.058   788  1029 I OMX-VDEC-1080P: Exit OMX vdec Destructor: fd=8
11-04 10:16:46.058  1487  1664 I chatty  : uid=1000(system) WifiP2pService expire 6 lines
11-04 10:16:46.058  1487  1666 V ActivityManager: Enqueueing parallel broadcast BroadcastRecord{81c6587 u-1 wifi_scan_available} intent Intent { act=wifi_scan_available flg=0x4000010 (has extras) }
11-04 10:16:46.059   788  1029 I OMX-VDEC-1080P: Video slvp perflock released
11-04 10:16:46.061  1487  1664 V ActivityManager: Enqueueing parallel broadcast BroadcastRecord{a02f0dd u-1 android.net.wifi.p2p.STATE_CHANGED} intent Intent { act=android.net.wifi.p2p.STATE_CHANGED flg=0x4000010 (has extras) }
11-04 10:16:46.064  1487  1538 V ActivityManager: Enqueueing parallel broadcast BroadcastRecord{9cfd323 u-1 android.hardware.display.action.WIFI_DISPLAY_STATUS_CHANGED} intent Intent { act=android.hardware.display.action.WIFI_DISPLAY_STATUS_CHANGED flg=0x40000010 (has extras) }
11-04 10:16:46.066   811   811 I MediaPlayerService: MediaPlayerService::getOMX
11-04 10:16:46.067  1487  1487 V ActivityManager: Enqueueing parallel broadcast BroadcastRecord{fe3c020 u-1 android.intent.action.BATTERY_CHANGED} intent Intent { act=android.intent.action.BATTERY_CHANGED flg=0x60000010 (has extras) }
11-04 10:16:46.068  1487  1540 D PowerManagerService: handle sandman startDreaming=false isDreaming=false mSandmanSummoned=false  mWakefulness1 wakefulness=1
11-04 10:16:46.070  1961  1961 W System  : ClassLoader referenced unknown path: /system/priv-app/CNEService/lib/arm64
11-04 10:16:46.071  1487  1664 V ActivityManager: Enqueueing parallel broadcast BroadcastRecord{142bdd9 u-1 android.net.wifi.p2p.CONNECTION_STATE_CHANGE} intent Intent { act=android.net.wifi.p2p.CONNECTION_STATE_CHANGE flg=0x24000010 (has extras) }
11-04 10:16:46.073  1979  1979 I art     : Starting a blocking GC AddRemoveAppImageSpace
11-04 10:16:46.075  1979  1979 W System  : ClassLoader referenced unknown path: /system/priv-app/DiracAudio/lib/arm64
11-04 10:16:46.078   811   811 I OMXClient: MuxOMX ctor
11-04 10:16:46.078   788   788 I OMXMaster: makeComponentInstance(OMX.qcom.video.decoder.hevc.secure) in mediacodec process
11-04 10:16:46.078  1487  1487 D ConditionProviders.SCP: onConnected
11-04 10:16:46.079  1487  1487 D ZenLog  : set_zen_mode: off,readXml
11-04 10:16:46.085   788   788 I OMX-VDEC-1080P: Video slvp perflock acquired
11-04 10:16:46.087   788   788 I OMX-VDEC-1080P: component_init: OMX.qcom.video.decoder.hevc : fd=8
11-04 10:16:46.090  1997  1997 W System  : ClassLoader referenced unknown path: /system/priv-app/TeleService/lib/arm64
11-04 10:16:46.090  1795  1795 D wpa_supplicant: RX global ctrl_iface - hexdump(len=26): 53 45 54 20 70 65 72 73 69 73 74 65 6e 74 5f 72 65 63 6f 6e 6e 65 63 74 20 31
11-04 10:16:46.090  1795  1795 D wpa_supplicant: GLOBAL_CTRL_IFACE SET 'persistent_reconnect'='1'
11-04 10:16:46.091  1795  1795 D wpa_supplicant: p2p0: Control interface command 'SET persistent_reconnect 1'
11-04 10:16:46.091  1795  1795 D wpa_supplicant: CTRL_IFACE SET 'persistent_reconnect'='1'
11-04 10:16:46.091  1795  1795 D wpa_supplicant: persistent_reconnect=1
11-04 10:16:46.091  1795  1795 D wpa_supplicant: P2P: New SSID postfix: -alcatel IDOL5S
11-04 10:16:46.092  1795  1795 D wpa_supplicant: CTRL-DEBUG: global_ctrl_sock-sendto: sock=8 sndbuf=212992 outq=0 send_len=3
11-04 10:16:46.097  1795  1795 D wpa_supplicant: wlan0: Control interface command 'DISABLE_NETWORK 0'
11-04 10:16:46.097  1795  1795 D wpa_supplicant: CTRL_IFACE: DISABLE_NETWORK id=0
11-04 10:16:46.098  1795  1795 D wpa_supplicant: CTRL-DEBUG: global_ctrl_sock-sendto: sock=8 sndbuf=212992 outq=0 send_len=3
11-04 10:16:46.099  1795  1795 D wpa_supplicant: wlan0: Control interface command 'SAVE_CONFIG'
11-04 10:16:46.099  1795  1795 D wpa_supplicant: Writing configuration file '/data/misc/wifi/wpa_supplicant.conf.tmp'
11-04 10:16:46.100   788   788 I OMX-VDEC-1080P: omx_vdec::component_init() success : fd=8
11-04 10:16:46.108  1795  1795 D wpa_supplicant: Configuration file '/data/misc/wifi/wpa_supplicant.conf' written successfully
11-04 10:16:46.108  1795  1795 D wpa_supplicant: CTRL_IFACE: SAVE_CONFIG - Configuration updated
11-04 10:16:46.109  1795  1795 D wpa_supplicant: CTRL-DEBUG: global_ctrl_sock-sendto: sock=8 sndbuf=212992 outq=0 send_len=3
11-04 10:16:46.110  1795  1795 D wpa_supplicant: RX global ctrl_iface - hexdump(len=30): 53 45 54 20 64 65 76 69 63 65 5f 6e 61 6d 65 20 61 6c 63 61 74 65 6c 20 49 44 4f 4c 35 53
11-04 10:16:46.110  1795  1795 D wpa_supplicant: GLOBAL_CTRL_IFACE SET 'device_name'='alcatel IDOL5S'
11-04 10:16:46.110  1961  1961 D CNEServiceApp: start cne
11-04 10:16:46.110  1795  1795 D wpa_supplicant: p2p0: Control interface command 'SET device_name alcatel IDOL5S'
11-04 10:16:46.110  1487  1666 V ActivityManager: Enqueueing parallel broadcast BroadcastRecord{a03be77 u-1 android.net.wifi.WIFI_STATE_CHANGED} intent Intent { act=android.net.wifi.WIFI_STATE_CHANGED flg=0x4000010 (has extras) }
11-04 10:16:46.111  1795  1795 D wpa_supplicant: CTRL_IFACE SET 'device_name'='alcatel IDOL5S'
11-04 10:16:46.111  1487  1666 V ActivityManager: Enqueueing ordered broadcast BroadcastRecord{eaa8ae4 u-1 android.net.wifi.WIFI_STATE_CHANGED}: prev had 1
11-04 10:16:46.111  1795  1795 D wpa_supplicant: device_name='alcatel IDOL5S'
11-04 10:16:46.111  1487  1666 I ActivityManager: Enqueueing broadcast android.net.wifi.WIFI_STATE_CHANGED
11-04 10:16:46.111  1795  1795 D wpa_supplicant: CTRL-DEBUG: global_ctrl_sock-sendto: sock=8 sndbuf=212992 outq=0 send_len=3
11-04 10:16:46.112  1795  1795 D wpa_supplicant: RX global ctrl_iface - hexdump(len=36): 53 45 54 20 70 32 70 5f 73 73 69 64 5f 70 6f 73 74 66 69 78 20 2d 61 6c 63 61 74 65 6c 20 49 44 ...
11-04 10:16:46.113  1795  1795 D wpa_supplicant: GLOBAL_CTRL_IFACE SET 'p2p_ssid_postfix'='-alcatel IDOL5S'
11-04 10:16:46.113  1795  1795 D wpa_supplicant: p2p0: Control interface command 'SET p2p_ssid_postfix -alcatel IDOL5S'
11-04 10:16:46.113  1795  1795 D wpa_supplicant: CTRL_IFACE SET 'p2p_ssid_postfix'='-alcatel IDOL5S'
11-04 10:16:46.113  1795  1795 D wpa_supplicant: p2p_ssid_postfix='-alcatel IDOL5S'
11-04 10:16:46.113  1795  1795 D wpa_supplicant: P2P: New SSID postfix: -alcatel IDOL5S
11-04 10:16:46.113  1795  1795 D wpa_supplicant: CTRL-DEBUG: global_ctrl_sock-sendto: sock=8 sndbuf=212992 outq=0 send_len=3
11-04 10:16:46.114  1487  1666 V ActivityManager: Enqueueing parallel broadcast BroadcastRecord{546cb4d u-1 android.net.wifi.WIFI_STATE_CHANGED} intent Intent { act=android.net.wifi.WIFI_STATE_CHANGED flg=0x4000010 (has extras) }
11-04 10:16:46.115  1487  1666 V ActivityManager: Enqueueing ordered broadcast BroadcastRecord{ba43602 u-1 android.net.wifi.WIFI_STATE_CHANGED}: prev had 2
11-04 10:16:46.115  1487  1666 I ActivityManager: Enqueueing broadcast android.net.wifi.WIFI_STATE_CHANGED
11-04 10:16:46.115  1795  1795 D wpa_supplicant: RX global ctrl_iface - hexdump(len=29): 53 45 54 20 64 65 76 69 63 65 5f 74 79 70 65 20 31 30 2d 30 30 35 30 46 32 30 34 2d 35
11-04 10:16:46.116  1795  1795 D wpa_supplicant: GLOBAL_CTRL_IFACE SET 'device_type'='10-0050F204-5'
11-04 10:16:46.116  1795  1795 D wpa_supplicant: p2p0: Control interface command 'SET device_type 10-0050F204-5'
11-04 10:16:46.116  1795  1795 D wpa_supplicant: CTRL_IFACE SET 'device_type'='10-0050F204-5'
11-04 10:16:46.116  1795  1795 D wpa_supplicant: CTRL-DEBUG: global_ctrl_sock-sendto: sock=8 sndbuf=212992 outq=0 send_len=3
11-04 10:16:46.118  1795  1795 D wpa_supplicant: RX global ctrl_iface - hexdump(len=62): 53 45 54 20 63 6f 6e 66 69 67 5f 6d 65 74 68 6f 64 73 20 76 69 72 74 75 61 6c 5f 70 75 73 68 5f ...
11-04 10:16:46.118  1795  1795 D wpa_supplicant: GLOBAL_CTRL_IFACE SET 'config_methods'='virtual_push_button physical_display keypad'
11-04 10:16:46.118  1795  1795 D wpa_supplicant: p2p0: Control interface command 'SET config_methods virtual_push_button physical_display keypad'
11-04 10:16:46.119  1795  1795 D wpa_supplicant: CTRL_IFACE SET 'config_methods'='virtual_push_button physical_display keypad'
11-04 10:16:46.119  1795  1795 D wpa_supplicant: config_methods='virtual_push_button physical_display keypad'
11-04 10:16:46.119  1795  1795 D wpa_supplicant: CTRL-DEBUG: global_ctrl_sock-sendto: sock=8 sndbuf=212992 outq=0 send_len=3
11-04 10:16:46.121  1795  1795 D wpa_supplicant: p2p0: Control interface command 'P2P_SET conc_pref sta'
11-04 10:16:46.121  1795  1795 D wpa_supplicant: Single channel concurrency preference: sta
11-04 10:16:46.121  1795  1795 D wpa_supplicant: CTRL-DEBUG: global_ctrl_sock-sendto: sock=8 sndbuf=212992 outq=0 send_len=3
11-04 10:16:46.122  1795  1795 D wpa_supplicant: wlan0: Control interface command 'LIST_NETWORKS LAST_ID=-1'
11-04 10:16:46.123  1795  1795 D wpa_supplicant: CTRL-DEBUG: global_ctrl_sock-sendto: sock=8 sndbuf=212992 outq=0 send_len=78
11-04 10:16:46.124  1795  1795 D wpa_supplicant: RX global ctrl_iface - hexdump(len=6): 53 54 41 54 55 53
11-04 10:16:46.124  1795  1795 D wpa_supplicant: CTRL-DEBUG: global_ctrl_sock-sendto: sock=8 sndbuf=212992 outq=0 send_len=144
11-04 10:16:46.125   788   788 E OMX-VDEC-1080P: Extension: OMX.google.android.index.storeANWBufferInMetadata not implemented
11-04 10:16:46.125  1795  1795 D wpa_supplicant: CTRL-DEBUG: global_ctrl_sock-sendto: sock=8 sndbuf=212992 outq=0 send_len=14
11-04 10:16:46.126  1487  1664 V ActivityManager: Enqueueing parallel broadcast BroadcastRecord{4ebcb13 u-1 android.net.wifi.p2p.THIS_DEVICE_CHANGED} intent Intent { act=android.net.wifi.p2p.THIS_DEVICE_CHANGED flg=0x4000010 (has extras) }
11-04 10:16:46.126  1487  1487 D ConditionProviders: Subscribing to condition://android/event?userId=-10000&calendar=&reply=1 with ComponentInfo{android/com.android.server.notification.EventConditionProvider}
11-04 10:16:46.127  1795  1795 D wpa_supplicant: CTRL-DEBUG: global_ctrl_sock-sendto: sock=8 sndbuf=212992 outq=0 send_len=17
11-04 10:16:46.127  1487  1487 D ZenLog  : subscribe: condition://android/event?userId=-10000&calendar=&reply=1,ok
11-04 10:16:46.127  1795  1795 D wpa_supplicant: CTRL-DEBUG: global_ctrl_sock-sendto: sock=8 sndbuf=212992 outq=0 send_len=1
11-04 10:16:46.127   788   788 E OMX-VDEC-1080P: Extension: OMX.google.android.index.configureVideoTunnelMode not implemented
11-04 10:16:46.128   788   788 E OMX-VDEC-1080P: Extension: OMX.google.android.index.useAndroidNativeBuffer is supported
