11-04 10:16:46.128  1487  1487 D ConditionProviders: Subscribing to condition://android/schedule?days=6.7&start=23.30&end=10.0&exitAtAlarm=false with ComponentInfo{android/com.android.server.notification.ScheduleConditionProvider}
11-04 10:16:46.128  1795  1795 D wpa_supplicant: CTRL-DEBUG: global_ctrl_sock-sendto: sock=8 sndbuf=212992 outq=0 send_len=1
11-04 10:16:46.128  1487  1487 D ZenLog  : subscribe: condition://android/schedule?days=6.7&start=23.30&end=10.0&exitAtAlarm=false,ok
11-04 10:16:46.129  1795  1795 D wpa_supplicant: CTRL-DEBUG: global_ctrl_sock-sendto: sock=8 sndbuf=212992 outq=0 send_len=1
11-04 10:16:46.129  1487  1487 D ConditionProviders: Subscribing to condition://android/schedule?days=1.2.3.4.5&start=22.0&end=7.0&exitAtAlarm=false with ComponentInfo{android/com.android.server.notification.ScheduleConditionProvider}
11-04 10:16:46.129  1487  1487 D ZenLog  : subscribe: condition://android/schedule?days=1.2.3.4.5&start=22.0&end=7.0&exitAtAlarm=false,ok
11-04 10:16:46.129  1795  1795 D wpa_supplicant: CTRL-DEBUG: global_ctrl_sock-sendto: sock=8 sndbuf=212992 outq=0 send_len=1
11-04 10:16:46.130  1795  1795 D wpa_supplicant: CTRL-DEBUG: global_ctrl_sock-sendto: sock=8 sndbuf=212992 outq=0 send_len=1
11-04 10:16:46.130  1795  1795 D wpa_supplicant: CTRL-DEBUG: global_ctrl_sock-sendto: sock=8 sndbuf=212992 outq=0 send_len=5
11-04 10:16:46.131  1795  1795 D wpa_supplicant: p2p0: Control interface command 'P2P_FLUSH'
11-04 10:16:46.131  1795  1795 D wpa_supplicant: P2P: Stopping find
11-04 10:16:46.131  1795  1795 D wpa_supplicant: P2P: Clear timeout (state=IDLE)
11-04 10:16:46.131  1795  1795 D wpa_supplicant: P2P: State IDLE -> IDLE
11-04 10:16:46.132  1795  1795 D wpa_supplicant: P2P: Disabling Extended Listen Timing
11-04 10:16:46.132  1795  1795 D wpa_supplicant: P2P: Stopping find
11-04 10:16:46.132  1795  1795 D wpa_supplicant: P2P: Clear timeout (state=IDLE)
11-04 10:16:46.132  1795  1795 D wpa_supplicant: P2P: State IDLE -> IDLE
11-04 10:16:46.133  1795  1795 D wpa_supplicant: CTRL-DEBUG: global_ctrl_sock-sendto: sock=8 sndbuf=212992 outq=0 send_len=3
11-04 10:16:46.134  1795  1795 D wpa_supplicant: p2p0: Control interface command 'P2P_SERVICE_FLUSH'
11-04 10:16:46.134  1961  1961 I QCNEJ   : |CORE| phoneCount: 1
11-04 10:16:46.135  1795  1795 D wpa_supplicant: P2P: All ASP advertisements flushed
11-04 10:16:46.135  1795  1795 D wpa_supplicant: CTRL-DEBUG: global_ctrl_sock-sendto: sock=8 sndbuf=212992 outq=0 send_len=3
11-04 10:16:46.136  1795  1795 D wpa_supplicant: CTRL-DEBUG: global_ctrl_sock-sendto: sock=8 sndbuf=212992 outq=0 send_len=5
11-04 10:16:46.136  1795  1795 D wpa_supplicant: CTRL-DEBUG: global_ctrl_sock-sendto: sock=8 sndbuf=212992 outq=0 send_len=5
11-04 10:16:46.137  1795  1795 D wpa_supplicant: CTRL-DEBUG: global_ctrl_sock-sendto: sock=8 sndbuf=212992 outq=0 send_len=5
11-04 10:16:46.137  1961  1961 I QCNEJ   : |CORE| subs for 0th slot: null
11-04 10:16:46.138  1795  1795 D wpa_supplicant: CTRL-DEBUG: global_ctrl_sock-sendto: sock=8 sndbuf=212992 outq=0 send_len=5
11-04 10:16:46.139  1795  1795 D wpa_supplicant: CTRL-DEBUG: global_ctrl_sock-sendto: sock=8 sndbuf=212992 outq=0 send_len=5
11-04 10:16:46.140  1795  1795 D wpa_supplicant: CTRL-DEBUG: global_ctrl_sock-sendto: sock=8 sndbuf=212992 outq=0 send_len=1
11-04 10:16:46.141  1795  1795 D wpa_supplicant: CTRL-DEBUG: global_ctrl_sock-sendto: sock=8 sndbuf=212992 outq=0 send_len=5
11-04 10:16:46.142  1795  1795 D wpa_supplicant: p2p0: Control interface command 'LIST_NETWORKS'
11-04 10:16:46.143  1795  1795 D wpa_supplicant: CTRL-DEBUG: global_ctrl_sock-sendto: sock=8 sndbuf=212992 outq=0 send_len=34
11-04 10:16:46.143   788  1900 E OMXNodeInstance: getParameter(3140021:qcom.decoder.hevc.secure, ??(0x7f000044)) ERROR: UnsupportedSetting(0x80001019)
11-04 10:16:46.144  1795  1795 D wpa_supplicant: RX global ctrl_iface - hexdump(len=11): 53 41 56 45 5f 43 4f 4e 46 49 47
11-04 10:16:46.144  1795  1795 D wpa_supplicant: Writing configuration file '/data/misc/wifi/wpa_supplicant.conf.tmp'
11-04 10:16:46.149  1487  1487 W ContextImpl: Calling a method in the system process without a qualified user: android.app.ContextImpl.sendBroadcast:888 com.android.server.notification.NotificationManagerService.handleSavePolicyFile:443 com.android.server.notification.NotificationManagerService.-wrap27:-1 com.android.server.notification.NotificationManagerService$WorkerHandler.handleMessage:3323 android.os.Handler.dispatchMessage:102 
11-04 10:16:46.151  1795  1795 D wpa_supplicant: Configuration file '/data/misc/wifi/wpa_supplicant.conf' written successfully
11-04 10:16:46.151  1795  1795 D wpa_supplicant: wlan0: CTRL_IFACE: SAVE_CONFIG - Configuration updated
11-04 10:16:46.151  1961  1974 D SmartContainerConfig: Configured features : all
11-04 10:16:46.151  1795  1795 D wpa_supplicant: Writing configuration file '/data/misc/wifi/p2p_supplicant.conf.tmp'
11-04 10:16:46.153  1961  2035 W QCNEJ   : |CORE| CNE received unexpected action: android.intent.action.BATTERY_CHANGED
11-04 10:16:46.155  1961  2036 I QCNEJ   : |CORE:COM:RCVR| CNE creating socket
11-04 10:16:46.158  1961  2036 I QCNEJ   : |CORE:COM:RCVR| Connected to 'cnd' socket
11-04 10:16:46.160  1961  2036 I QCNEJ   : |CORE| received protobuf msg: 
11-04 10:16:46.161  1961  2036 W QCNEJ   : |CORE| UNKOWN Unsolicited Event 8
11-04 10:16:46.162   788  1029 E OMXNodeInstance: getParameter(3140021:qcom.decoder.hevc.secure, ??(0x7f000044)) ERROR: UnsupportedSetting(0x80001019)
11-04 10:16:46.165  1997  1997 W System  : ClassLoader referenced unknown path: /system/priv-app/TelephonyProvider/lib/arm64
11-04 10:16:46.165  1961  2036 I QCNEJ   : |CORE| received protobuf msg: 
11-04 10:16:46.165  1795  1795 D wpa_supplicant: Configuration file '/data/misc/wifi/p2p_supplicant.conf' written successfully
11-04 10:16:46.165  1961  2036 I QCNEJ   : |CORE| NOTIFY_FEATURE_STATUS received
11-04 10:16:46.165  1795  1795 D wpa_supplicant: p2p0: CTRL_IFACE: SAVE_CONFIG - Configuration updated
11-04 10:16:46.165  1487  1668 I chatty  : uid=1000(system) WifiScanningSer expire 3 lines
11-04 10:16:46.166  1487  1669 I chatty  : uid=1000(system) WifiRttService expire 2 lines
11-04 10:16:46.166  1487  1487 D ZenLog  : set_zen_mode: off,cleanUpZenRules
11-04 10:16:46.167  1961  2036 I QCNEJ   : |CORE| received protobuf msg: 
11-04 10:16:46.167  1961  2036 I QCNEJ   : |CORE| NOTIFY_FEATURE_STATUS received
11-04 10:16:46.167  1795  1795 D wpa_supplicant: CTRL-DEBUG: global_ctrl_sock-sendto: sock=8 sndbuf=212992 outq=0 send_len=3
11-04 10:16:46.168  1997  1997 D ApplicationLoaders: ignored Vulkan layer search path /system/priv-app/TelephonyProvider/lib/arm64:/system/priv-app/TelephonyProvider/TelephonyProvider.apk!/lib/arm64-v8a:/system/lib64:/vendor/lib64 for namespace 0x7f9ca050f0
11-04 10:16:46.168  1795  1795 D wpa_supplicant: EAPOL: disable timer tick
11-04 10:16:46.169  1795  1795 D wpa_supplicant: Do not allow key_data field to be exposed
11-04 10:16:46.169  1795  1795 D wpa_supplicant: CTRL-DEBUG: global_ctrl_sock-sendto: sock=8 sndbuf=212992 outq=0 send_len=1
11-04 10:16:46.169  1487  1664 V ActivityManager: Enqueueing parallel broadcast BroadcastRecord{4387514 u-1 android.net.wifi.p2p.STATE_CHANGED} intent Intent { act=android.net.wifi.p2p.STATE_CHANGED flg=0x4000010 (has extras) }
11-04 10:16:46.170  1795  1795 D wpa_supplicant: CTRL-DEBUG: global_ctrl_sock-sendto: sock=8 sndbuf=212992 outq=0 send_len=12
11-04 10:16:46.171  1795  1795 D wpa_supplicant: CTRL-DEBUG: global_ctrl_sock-sendto: sock=8 sndbuf=212992 outq=0 send_len=7
11-04 10:16:46.171  1795  1795 D wpa_supplicant: CTRL-DEBUG: global_ctrl_sock-sendto: sock=8 sndbuf=212992 outq=0 send_len=5
11-04 10:16:46.173  1795  1795 D wpa_supplicant: CTRL-DEBUG: global_ctrl_sock-sendto: sock=8 sndbuf=212992 outq=0 send_len=14
11-04 10:16:46.173  1795  1795 D wpa_supplicant: CTRL-DEBUG: global_ctrl_sock-sendto: sock=8 sndbuf=212992 outq=0 send_len=14
11-04 10:16:46.174  1795  1795 D wpa_supplicant: CTRL-DEBUG: global_ctrl_sock-sendto: sock=8 sndbuf=212992 outq=0 send_len=5
11-04 10:16:46.175  1795  1795 D wpa_supplicant: CTRL-DEBUG: global_ctrl_sock-sendto: sock=8 sndbuf=212992 outq=0 send_len=5
11-04 10:16:46.175  1795  1795 D wpa_supplicant: CTRL-DEBUG: global_ctrl_sock-sendto: sock=8 sndbuf=212992 outq=0 send_len=5
11-04 10:16:46.176  1487  1538 V ActivityManager: Enqueueing parallel broadcast BroadcastRecord{12e21bd u-1 android.hardware.display.action.WIFI_DISPLAY_STATUS_CHANGED} intent Intent { act=android.hardware.display.action.WIFI_DISPLAY_STATUS_CHANGED flg=0x40000010 (has extras) }
11-04 10:16:46.176  1795  1795 D wpa_supplicant: CTRL-DEBUG: global_ctrl_sock-sendto: sock=8 sndbuf=212992 outq=0 send_len=5
11-04 10:16:46.177  1795  1795 D wpa_supplicant: CTRL-DEBUG: global_ctrl_sock-sendto: sock=8 sndbuf=212992 outq=0 send_len=5
11-04 10:16:46.177  1795  1795 D wpa_supplicant: CTRL-DEBUG: global_ctrl_sock-sendto: sock=8 sndbuf=212992 outq=0 send_len=5
11-04 10:16:46.178  1795  1795 D wpa_supplicant: CTRL-DEBUG: global_ctrl_sock-sendto: sock=8 sndbuf=212992 outq=0 send_len=1
11-04 10:16:46.179  1795  1795 D wpa_supplicant: CTRL-DEBUG: global_ctrl_sock-sendto: sock=8 sndbuf=212992 outq=0 send_len=5
11-04 10:16:46.179  1961  1961 E QCNEJ   : |CORE| Feature WQE is not enabled
11-04 10:16:46.179  1795  1795 D wpa_supplicant: CTRL-DEBUG: global_ctrl_sock-sendto: sock=8 sndbuf=212992 outq=0 send_len=5
11-04 10:16:46.180  1795  1795 D wpa_supplicant: CTRL-DEBUG: global_ctrl_sock-sendto: sock=8 sndbuf=212992 outq=0 send_len=5
11-04 10:16:46.180  1795  1795 D wpa_supplicant: CTRL-DEBUG: global_ctrl_sock-sendto: sock=8 sndbuf=212992 outq=0 send_len=5
11-04 10:16:46.181  1795  1795 D wpa_supplicant: CTRL-DEBUG: global_ctrl_sock-sendto: sock=8 sndbuf=212992 outq=0 send_len=5
11-04 10:16:46.183  1795  1795 D wpa_supplicant: CTRL-DEBUG: global_ctrl_sock-sendto: sock=8 sndbuf=212992 outq=0 send_len=5
11-04 10:16:46.184  1795  1795 D wpa_supplicant: CTRL-DEBUG: global_ctrl_sock-sendto: sock=8 sndbuf=212992 outq=0 send_len=5
11-04 10:16:46.184  1997  1997 I RcsMmsSmsConstants: RcsMmsSmsConstants.init
11-04 10:16:46.184   788  1900 E OMX-VDEC-1080P: Extension: OMX.google.android.index.configureVideoTunnelMode not implemented
11-04 10:16:46.184   788  1900 E OMXNodeInstance: getExtensionIndex(3140021:qcom.decoder.hevc.secure, OMX.google.android.index.configureVideoTunnelMode) ERROR: NotImplemented(0x80001006)
11-04 10:16:46.185  1795  1795 D wpa_supplicant: CTRL-DEBUG: global_ctrl_sock-sendto: sock=8 sndbuf=212992 outq=0 send_len=95
11-04 10:16:46.186   788   788 E OMX-VDEC-1080P: Extension: OMX.google.android.index.storeANWBufferInMetadata not implemented
11-04 10:16:46.187  1795  1795 D wpa_supplicant: wlan0: Control interface command 'LIST_NETWORKS LAST_ID=0'
11-04 10:16:46.187  1795  1795 D wpa_supplicant: CTRL-DEBUG: global_ctrl_sock-sendto: sock=8 sndbuf=212992 outq=0 send_len=34
11-04 10:16:46.190   788  1794 I OMX-VDEC-1080P: omx_vdec::component_deinit() complete
11-04 10:16:46.191  1487  1666 V ActivityManager: Enqueueing parallel broadcast BroadcastRecord{41a23b2 u-1 android.net.wifi.CONFIGURED_NETWORKS_CHANGE} intent Intent { act=android.net.wifi.CONFIGURED_NETWORKS_CHANGE flg=0x4000010 (has extras) }
11-04 10:16:46.193   788  1794 I OMX-VDEC-1080P: Exit OMX vdec Destructor: fd=8
11-04 10:16:46.194   788  1794 I OMX-VDEC-1080P: Video slvp perflock released
11-04 10:16:46.196  1961  1961 D CNEServiceApp: broadcast cne started
11-04 10:16:46.196   815  1527 D CommandListener: Setting iface cfg
11-04 10:16:46.196  1961  1961 W ContextImpl: Calling a method in the system process without a qualified user: android.app.ContextImpl.sendBroadcast:888 android.content.ContextWrapper.sendBroadcast:427 com.quicinc.cne.CNEService.CNEServiceApp.broadcastCNEStarted:103 com.quicinc.cne.CNEService.CNEServiceApp.startCne:123 com.quicinc.cne.CNEService.CNEServiceApp.onCreate:94 
11-04 10:16:46.197  1795  1795 D wpa_supplicant: wlan0: Control interface command 'DRIVER SETSUSPENDMODE 0'
11-04 10:16:46.197   815  1527 D CommandListener: Trying to bring up p2p0
11-04 10:16:46.197  1795  1795 D wpa_supplicant: wpa_driver_nl80211_driver_cmd SETSUSPENDMODE 0 len = 0, 4096
11-04 10:16:46.197  1795  1795 D wpa_supplicant: CTRL-DEBUG: global_ctrl_sock-sendto: sock=8 sndbuf=212992 outq=0 send_len=3
11-04 10:16:46.199  1487  1664 V ActivityManager: Enqueueing parallel broadcast BroadcastRecord{3ad9f03 u-1 android.net.wifi.p2p.STATE_CHANGED} intent Intent { act=android.net.wifi.p2p.STATE_CHANGED flg=0x4000010 (has extras) }
11-04 10:16:46.200  1487  1538 V ActivityManager: Enqueueing parallel broadcast BroadcastRecord{da01cb9 u-1 android.hardware.display.action.WIFI_DISPLAY_STATUS_CHANGED} intent Intent { act=android.hardware.display.action.WIFI_DISPLAY_STATUS_CHANGED flg=0x40000010 (has extras) }
11-04 10:16:46.202  1487  1664 V ActivityManager: Enqueueing parallel broadcast BroadcastRecord{602c8fe u-1 android.net.wifi.p2p.CONNECTION_STATE_CHANGE} intent Intent { act=android.net.wifi.p2p.CONNECTION_STATE_CHANGE flg=0x24000010 (has extras) }
11-04 10:16:46.208  1487  1487 V ActivityManager: Enqueueing parallel broadcast BroadcastRecord{ae1285f u-1 android.intent.action.BATTERY_CHANGED} intent Intent { act=android.intent.action.BATTERY_CHANGED flg=0x60000010 (has extras) }
11-04 10:16:46.208  1487  1540 D PowerManagerService: handle sandman startDreaming=false isDreaming=false mSandmanSummoned=false  mWakefulness1 wakefulness=1
11-04 10:16:46.209   811   811 I MediaPlayerService: MediaPlayerService::getOMX
11-04 10:16:46.214  1961  2035 W QCNEJ   : |CORE| CNE received unexpected action: android.intent.action.BATTERY_CHANGED
11-04 10:16:46.214   811   811 I OMXClient: MuxOMX ctor
11-04 10:16:46.216   788  1900 I OMXMaster: makeComponentInstance(OMX.google.mpeg4.decoder) in mediacodec process
11-04 10:16:46.219  1997  1997 I RcsMessageProvider: mHasDeliveryColumn = true
11-04 10:16:46.220  1795  1795 D wpa_supplicant: RX global ctrl_iface - hexdump(len=26): 53 45 54 20 70 65 72 73 69 73 74 65 6e 74 5f 72 65 63 6f 6e 6e 65 63 74 20 31
11-04 10:16:46.220  1795  1795 D wpa_supplicant: GLOBAL_CTRL_IFACE SET 'persistent_reconnect'='1'
11-04 10:16:46.220  1795  1795 D wpa_supplicant: p2p0: Control interface command 'SET persistent_reconnect 1'
11-04 10:16:46.221  1795  1795 D wpa_supplicant: CTRL_IFACE SET 'persistent_reconnect'='1'
11-04 10:16:46.221  1997  1997 I RcsMmsSmsConstants: RcsMmsSmsConstants.upgradeDatabaseToVersion.begin.version = 68
11-04 10:16:46.221  1795  1795 D wpa_supplicant: persistent_reconnect=1
11-04 10:16:46.221  1795  1795 D wpa_supplicant: CTRL-DEBUG: global_ctrl_sock-sendto: sock=8 sndbuf=212992 outq=0 send_len=3
11-04 10:16:46.221  1487  1534 E BatteryStatsService: no controller energy info supplied
11-04 10:16:46.223  1795  1795 D wpa_supplicant: RX global ctrl_iface - hexdump(len=30): 53 45 54 20 64 65 76 69 63 65 5f 6e 61 6d 65 20 61 6c 63 61 74 65 6c 20 49 44 4f 4c 35 53
11-04 10:16:46.223  1795  1795 D wpa_supplicant: GLOBAL_CTRL_IFACE SET 'device_name'='alcatel IDOL5S'
11-04 10:16:46.223  1795  1795 D wpa_supplicant: p2p0: Control interface command 'SET device_name alcatel IDOL5S'
11-04 10:16:46.223  1997  1997 D MmsSmsDatabaseHelper: [MmsSmsDb] tableName: threads hasAutoIncrement: CREATE TABLE threads (_id INTEGER PRIMARY KEY AUTOINCREMENT,date INTEGER DEFAULT 0,message_count INTEGER DEFAULT 0,recipient_ids TEXT,snippet TEXT,snippet_cs INTEGER DEFAULT 0,read INTEGER DEFAULT 1,archived INTEGER DEFAULT 0,type INTEGER DEFAULT 0,error INTEGER DEFAULT 0,has_attachment INTEGER DEFAULT 0,time_zone TEXT,attachment_info TEXT,notification INTEGER DEFAULT 0) result: true
11-04 10:16:46.223  1795  1795 D wpa_supplicant: CTRL_IFACE SET 'device_name'='alcatel IDOL5S'
11-04 10:16:46.224  1795  1795 D wpa_supplicant: device_name='alcatel IDOL5S'
11-04 10:16:46.224  1795  1795 D wpa_supplicant: CTRL-DEBUG: global_ctrl_sock-sendto: sock=8 sndbuf=212992 outq=0 send_len=3
11-04 10:16:46.225  1795  1795 D wpa_supplicant: RX global ctrl_iface - hexdump(len=36): 53 45 54 20 70 32 70 5f 73 73 69 64 5f 70 6f 73 74 66 69 78 20 2d 61 6c 63 61 74 65 6c 20 49 44 ...
11-04 10:16:46.225  1997  1997 D MmsSmsDatabaseHelper: [MmsSmsDb] tableName: canonical_addresses hasAutoIncrement: CREATE TABLE canonical_addresses (_id INTEGER PRIMARY KEY AUTOINCREMENT,address TEXT) result: true
11-04 10:16:46.225  1795  1795 D wpa_supplicant: GLOBAL_CTRL_IFACE SET 'p2p_ssid_postfix'='-alcatel IDOL5S'
11-04 10:16:46.225  1795  1795 D wpa_supplicant: p2p0: Control interface command 'SET p2p_ssid_postfix -alcatel IDOL5S'
11-04 10:16:46.226  1795  1795 D wpa_supplicant: CTRL_IFACE SET 'p2p_ssid_postfix'='-alcatel IDOL5S'
11-04 10:16:46.226  1795  1795 D wpa_supplicant: p2p_ssid_postfix='-alcatel IDOL5S'
11-04 10:16:46.226  1795  1795 D wpa_supplicant: P2P: New SSID postfix: -alcatel IDOL5S
11-04 10:16:46.226  1795  1795 D wpa_supplicant: CTRL-DEBUG: global_ctrl_sock-sendto: sock=8 sndbuf=212992 outq=0 send_len=3
11-04 10:16:46.227  1795  1795 D wpa_supplicant: RX global ctrl_iface - hexdump(len=29): 53 45 54 20 64 65 76 69 63 65 5f 74 79 70 65 20 31 30 2d 30 30 35 30 46 32 30 34 2d 35
11-04 10:16:46.227  1795  1795 D wpa_supplicant: GLOBAL_CTRL_IFACE SET 'device_type'='10-0050F204-5'
11-04 10:16:46.227  1997  1997 D MmsSmsDatabaseHelper: [MmsSmsDb] tableName: part hasAutoIncrement: CREATE TABLE part (_id INTEGER PRIMARY KEY AUTOINCREMENT,mid INTEGER,seq INTEGER DEFAULT 0,ct TEXT,name TEXT,chset INTEGER,cd TEXT,fn TEXT,cid TEXT,cl TEXT,ctt_s INTEGER,ctt_t TEXT,_data TEXT,text TEXT) result: true
11-04 10:16:46.227  1795  1795 D wpa_supplicant: p2p0: Control interface command 'SET device_type 10-0050F204-5'
11-04 10:16:46.228  1795  1795 D wpa_supplicant: CTRL_IFACE SET 'device_type'='10-0050F204-5'
11-04 10:16:46.228  1795  1795 D wpa_supplicant: CTRL-DEBUG: global_ctrl_sock-sendto: sock=8 sndbuf=212992 outq=0 send_len=3
11-04 10:16:46.229  1795  1795 D wpa_supplicant: RX global ctrl_iface - hexdump(len=62): 53 45 54 20 63 6f 6e 66 69 67 5f 6d 65 74 68 6f 64 73 20 76 69 72 74 75 61 6c 5f 70 75 73 68 5f ...
11-04 10:16:46.229  1795  1795 D wpa_supplicant: GLOBAL_CTRL_IFACE SET 'config_methods'='virtual_push_button physical_display keypad'
11-04 10:16:46.229  1795  1795 D wpa_supplicant: p2p0: Control interface command 'SET config_methods virtual_push_button physical_display keypad'
11-04 10:16:46.229  1795  1795 D wpa_supplicant: CTRL_IFACE SET 'config_methods'='virtual_push_button physical_display keypad'
11-04 10:16:46.229  1997  1997 D MmsSmsDatabaseHelper: [MmsSmsDb] tableName: pdu hasAutoIncrement: CREATE TABLE pdu (_id INTEGER PRIMARY KEY AUTOINCREMENT,thread_id INTEGER,date INTEGER,date_sent INTEGER DEFAULT 0,msg_box INTEGER,read INTEGER DEFAULT 0,m_id TEXT,sub TEXT,sub_cs INTEGER,ct_t TEXT,ct_l TEXT,exp INTEGER,m_cls TEXT,m_type INTEGER,v INTEGER,m_size INTEGER,pri INTEGER,rr INTEGER,rpt_a INTEGER,resp_st INTEGER,st INTEGER,tr_id TEXT,retr_st INTEGER,retr_txt TEXT,retr_txt_cs INTEGER,read_status INTEGER,ct_cls INTEGER,resp_txt TEXT,d_tm INTEGER,d_rpt INTEGER,locked INTEGER DEFAULT 0,sub_id INTEGER DEFAULT -1, seen INTEGER DEFAULT 0,creator TEXT,text_only INTEGER DEFAULT 0, r_r_mod INTEGER DEFAULT 0, delivery_r INTEGER DEFAULT 0, timezone TEXT) result: true
11-04 10:16:46.229  1795  1795 D wpa_supplicant: config_methods='virtual_push_button physical_display keypad'
11-04 10:16:46.229  1795  1795 D wpa_supplicant: CTRL-DEBUG: global_ctrl_sock-sendto: sock=8 sndbuf=212992 outq=0 send_len=3
11-04 10:16:46.230  1997  1997 D MmsSmsDatabaseHelper: [getWritableDatabase] hasAutoIncrementThreads: true hasAutoIncrementAddresses: true hasAutoIncrementPart: true hasAutoIncrementPdu: true
11-04 10:16:46.230  1795  1795 D wpa_supplicant: p2p0: Control interface command 'P2P_SET conc_pref sta'
11-04 10:16:46.231  1795  1795 D wpa_supplicant: Single channel concurrency preference: sta
11-04 10:16:46.231  1795  1795 D wpa_supplicant: CTRL-DEBUG: global_ctrl_sock-sendto: sock=8 sndbuf=212992 outq=0 send_len=3
11-04 10:16:46.232  1795  1795 D wpa_supplicant: RX global ctrl_iface - hexdump(len=6): 53 54 41 54 55 53
11-04 10:16:46.232  1795  1795 D wpa_supplicant: CTRL-DEBUG: global_ctrl_sock-sendto: sock=8 sndbuf=212992 outq=0 send_len=144
11-04 10:16:46.233  1487  1664 V ActivityManager: Enqueueing parallel broadcast BroadcastRecord{83e770a u-1 android.net.wifi.p2p.THIS_DEVICE_CHANGED} intent Intent { act=android.net.wifi.p2p.THIS_DEVICE_CHANGED flg=0x4000010 (has extras) }
11-04 10:16:46.236  1795  1795 D wpa_supplicant: p2p0: Control interface command 'P2P_FLUSH'
11-04 10:16:46.236   831   831 W Atfwd_Sendcmd: AtCmdFwd service not published, waiting... retryCnt : 2
11-04 10:16:46.236  1795  1795 D wpa_supplicant: P2P: Stopping find
11-04 10:16:46.236  1795  1795 D wpa_supplicant: P2P: Clear timeout (state=IDLE)
11-04 10:16:46.236  1795  1795 D wpa_supplicant: P2P: State IDLE -> IDLE
11-04 10:16:46.237  1795  1795 D wpa_supplicant: P2P: Disabling Extended Listen Timing
11-04 10:16:46.237  1795  1795 D wpa_supplicant: P2P: Stopping find
11-04 10:16:46.237  1795  1795 D wpa_supplicant: P2P: Clear timeout (state=IDLE)
11-04 10:16:46.237  1795  1795 D wpa_supplicant: P2P: State IDLE -> IDLE
11-04 10:16:46.237  1795  1795 D wpa_supplicant: CTRL-DEBUG: global_ctrl_sock-sendto: sock=8 sndbuf=212992 outq=0 send_len=3
11-04 10:16:46.238   788  1900 E OMXNodeInstance: getExtensionIndex(3140022:google.mpeg4.decoder, OMX.google.android.index.configureVideoTunnelMode) ERROR: UnsupportedIndex(0x8000101a)
11-04 10:16:46.238  1795  1795 D wpa_supplicant: p2p0: Control interface command 'P2P_SERVICE_FLUSH'
11-04 10:16:46.238  1795  1795 D wpa_supplicant: P2P: All ASP advertisements flushed
11-04 10:16:46.238  1795  1795 D wpa_supplicant: CTRL-DEBUG: global_ctrl_sock-sendto: sock=8 sndbuf=212992 outq=0 send_len=3
11-04 10:16:46.239   788   788 W OMXNodeInstance: [3140022:google.mpeg4.decoder] component does not support metadata mode; using fallback
11-04 10:16:46.240  1795  1795 D wpa_supplicant: p2p0: Control interface command 'LIST_NETWORKS'
11-04 10:16:46.240  1795  1795 D wpa_supplicant: CTRL-DEBUG: global_ctrl_sock-sendto: sock=8 sndbuf=212992 outq=0 send_len=34
11-04 10:16:46.242  1795  1795 D wpa_supplicant: RX global ctrl_iface - hexdump(len=11): 53 41 56 45 5f 43 4f 4e 46 49 47
11-04 10:16:46.242  1795  1795 D wpa_supplicant: Writing configuration file '/data/misc/wifi/wpa_supplicant.conf.tmp'
11-04 10:16:46.248   811   811 I MediaPlayerService: MediaPlayerService::getOMX
11-04 10:16:46.249  1809  2043 I Adreno  : QUALCOMM build                   : ead2395, I23cc4685e6
11-04 10:16:46.249  1809  2043 I Adreno  : Build Date                       : 04/11/17
11-04 10:16:46.249  1809  2043 I Adreno  : OpenGL ES Shader Compiler Version: XE031.09.00.04
11-04 10:16:46.249  1809  2043 I Adreno  : Local Branch                     : 
11-04 10:16:46.249  1809  2043 I Adreno  : Remote Branch                    : quic/gfx-adreno.lnx.1.0.r5-rel
11-04 10:16:46.249  1809  2043 I Adreno  : Remote Branch                    : NONE
11-04 10:16:46.249  1809  2043 I Adreno  : Reconstruct Branch               : NOTHING
11-04 10:16:46.251  1795  1795 D wpa_supplicant: Configuration file '/data/misc/wifi/wpa_supplicant.conf' written successfully
11-04 10:16:46.251  1795  1795 D wpa_supplicant: wlan0: CTRL_IFACE: SAVE_CONFIG - Configuration updated
11-04 10:16:46.251  1795  1795 D wpa_supplicant: Writing configuration file '/data/misc/wifi/p2p_supplicant.conf.tmp'
11-04 10:16:46.253   811   811 I OMXClient: MuxOMX ctor
11-04 10:16:46.253   788   788 I OMXMaster: makeComponentInstance(OMX.google.mpeg4.decoder) in mediacodec process
11-04 10:16:46.257  1487  1537 D BluetoothManagerService: Message: 30
11-04 10:16:46.258  1795  1795 D wpa_supplicant: Configuration file '/data/misc/wifi/p2p_supplicant.conf' written successfully
11-04 10:16:46.259  1795  1795 D wpa_supplicant: p2p0: CTRL_IFACE: SAVE_CONFIG - Configuration updated
11-04 10:16:46.259  1795  1795 D wpa_supplicant: CTRL-DEBUG: global_ctrl_sock-sendto: sock=8 sndbuf=212992 outq=0 send_len=3
11-04 10:16:46.268  1487  1487 I Telecom : SystemStateProvider: Registering car mode receiver: android.content.IntentFilter@f67147: TS.init@AAA
11-04 10:16:46.268   788  1029 E OMXNodeInstance: getExtensionIndex(3140023:google.mpeg4.decoder, OMX.google.android.index.configureVideoTunnelMode) ERROR: UnsupportedIndex(0x8000101a)
11-04 10:16:46.275   788  1794 W OMXNodeInstance: [3140023:google.mpeg4.decoder] component does not support metadata mode; using fallback
11-04 10:16:46.281  1809  2043 I OpenGLRenderer: Initialized EGL, version 1.4
11-04 10:16:46.282  1809  2043 D OpenGLRenderer: Swap behavior 1
11-04 10:16:46.284  1487  1534 E BatteryStatsService: no controller energy info supplied
11-04 10:16:46.284   811   811 I MediaPlayerService: MediaPlayerService::getOMX
11-04 10:16:46.285   811   811 I OMXClient: MuxOMX ctor
11-04 10:16:46.288   788  1794 I OMXMaster: makeComponentInstance(OMX.google.h263.decoder) in mediacodec process
11-04 10:16:46.303  1487  2054 I Telecom : Telecom: Non-call EVENT: AUDIO_ROUTE, Entering state QuiescentEarpieceRoute
11-04 10:16:46.308  1487  2055 I Telecom : CallAudioModeStateMachine: Message received: null.: TS.init->CAMSM.pM_1@AAA_0
11-04 10:16:46.309   788  1029 E OMXNodeInstance: getExtensionIndex(3140024:google.h263.decoder, OMX.google.android.index.configureVideoTunnelMode) ERROR: UnsupportedIndex(0x8000101a)
11-04 10:16:46.311   788  1794 W OMXNodeInstance: [3140024:google.h263.decoder] component does not support metadata mode; using fallback
11-04 10:16:46.313  1487  1487 I Telecom : ViceNotificationImpl: ViceNotificationImpl: TS.init@AAA
11-04 10:16:46.314   588  1865 I SurfaceFlinger: SurfaceFlinger::LucidMessage
11-04 10:16:46.315   811   811 I MediaPlayerService: MediaPlayerService::getOMX
11-04 10:16:46.317   811   811 I OMXClient: MuxOMX ctor
11-04 10:16:46.318   788  1794 I OMXMaster: makeComponentInstance(OMX.google.h264.decoder) in mediacodec process
11-04 10:16:46.324  1487  2057 E ActivityThread: Failed to find provider info for call_log
11-04 10:16:46.325  1487  1537 D BluetoothManagerService: Message: 30
11-04 10:16:46.331  1487  1487 I Telecom : Class: TelecomSystem.INSTANCE being set
11-04 10:16:46.338  1487  1487 W ContextImpl: Calling a method in the system process without a qualified user: android.app.ContextImpl.startService:1368 android.content.ContextWrapper.startService:619 com.android.server.telecom.components.TelecomService.initializeTelecomSystem:186 com.android.server.telecom.components.TelecomService.onBind:63 android.app.ActivityThread.handleBindService:3315 
11-04 10:16:46.351  1487  1487 W ContextImpl: Calling a method in the system process without a qualified user: android.app.ContextImpl.startService:1368 com.android.server.content.SyncManager$13.run:659 android.os.Handler.handleCallback:751 android.os.Handler.dispatchMessage:95 android.os.Looper.loop:154 
11-04 10:16:46.363   811   811 W ACodec  : [OMX.google.h264.decoder] stopping checking profiles after 32: 2/8000
11-04 10:16:46.363  1487  1538 I chatty  : uid=1000(system) android.display expire 1 line
11-04 10:16:46.365  1487  1531 I chatty  : uid=1000(system) ActivityManager expire 3 lines
11-04 10:16:46.365   788   788 E OMXNodeInstance: getExtensionIndex(3140025:google.h264.decoder, OMX.google.android.index.configureVideoTunnelMode) ERROR: UnsupportedIndex(0x8000101a)
11-04 10:16:46.366   788  1900 W OMXNodeInstance: [3140025:google.h264.decoder] component does not support metadata mode; using fallback
11-04 10:16:46.368   811   811 I MediaPlayerService: MediaPlayerService::getOMX
11-04 10:16:46.369   811   811 I OMXClient: MuxOMX ctor
11-04 10:16:46.369   788  1900 I OMXMaster: makeComponentInstance(OMX.google.hevc.decoder) in mediacodec process
11-04 10:16:46.383  1487  1531 I WindowManager: Started waking up...
11-04 10:16:46.383   867   867 D FingerGoodix: fpcode, fingerprint_get_auth_id(0x7f7bc8d280) = 3735928559
11-04 10:16:46.385  1487  1487 V FingerprintService: startAuthentication(com.android.systemui)
11-04 10:16:46.386  1487  2071 E ActivityThread: Failed to find provider info for fingerprint.information
11-04 10:16:46.387  1487  2071 D FingerprintService: genFingerArray cursor null
11-04 10:16:46.387  1487  1487 V FingerprintService: starting client AuthenticationClient(com.android.systemui), initiatedByClient = true)
11-04 10:16:46.389   867   867 V fingerprintd: authenticate(sid=0, gid=0)
11-04 10:16:46.389   867   867 D FingerGoodix: fpcode, fingerprint_authenticate(0x7f7bc8d280, operation_id=0d, gid=0)
11-04 10:16:46.390   867   867 D FingerGoodix: fpcode, goodix sensor has already been inited!
11-04 10:16:46.390   867   867 D FingerGoodix: fingerprint_authenticate
11-04 10:16:46.390   867   867 D FingerGoodix: set_fpdb_to_ta,gFPExtDataFilePath:/data/system/users/0/fpdata/fpdb
11-04 10:16:46.390   867   867 D FingerGoodix: set_fpdb_path source path: /data/system/users/0/fpdata/fpdb
11-04 10:16:46.391   867   867 D FingerGoodix: set_fpdb_path /data/system/users/0/settings_fingerprint.xml
11-04 10:16:46.391   867   867 D FingerGoodix: load_all_fpdata
11-04 10:16:46.398  1487  1531 I WindowManager: Screen turning on...
11-04 10:16:46.399  1487  1531 W KeyguardServiceDelegate: onScreenTurningOn(): no keyguard service!
11-04 10:16:46.406   788  1900 E OMXNodeInstance: getExtensionIndex(3140026:google.hevc.decoder, OMX.google.android.index.configureVideoTunnelMode) ERROR: UnsupportedIndex(0x8000101a)
11-04 10:16:46.407   788  1794 W OMXNodeInstance: [3140026:google.hevc.decoder] component does not support metadata mode; using fallback
11-04 10:16:46.410   811   811 I MediaPlayerService: MediaPlayerService::getOMX
11-04 10:16:46.410  1487  1676 I chatty  : uid=1000(system) notification-sq expire 1 line
11-04 10:16:46.412   811   811 I OMXClient: MuxOMX ctor
11-04 10:16:46.413   788  1794 I OMXMaster: makeComponentInstance(OMX.google.vp8.decoder) in mediacodec process
11-04 10:16:46.427   788   788 E OMXNodeInstance: getExtensionIndex(3140027:google.vp8.decoder, OMX.google.android.index.configureVideoTunnelMode) ERROR: UnsupportedIndex(0x8000101a)
11-04 10:16:46.428   788  1794 W OMXNodeInstance: [3140027:google.vp8.decoder] component does not support metadata mode; using fallback
11-04 10:16:46.431   811   811 I MediaPlayerService: MediaPlayerService::getOMX
11-04 10:16:46.433   811   811 I OMXClient: MuxOMX ctor
11-04 10:16:46.433   788  1794 I OMXMaster: makeComponentInstance(OMX.google.vp9.decoder) in mediacodec process
11-04 10:16:46.438   788  1029 E OMXNodeInstance: getExtensionIndex(3140028:google.vp9.decoder, OMX.google.android.index.configureVideoTunnelMode) ERROR: UnsupportedIndex(0x8000101a)
11-04 10:16:46.440   788  1900 W OMXNodeInstance: [3140028:google.vp9.decoder] component does not support metadata mode; using fallback
11-04 10:16:46.444   811   811 I MediaPlayerService: MediaPlayerService::getOMX
11-04 10:16:46.445   811   811 I OMXClient: MuxOMX ctor
11-04 10:16:46.446   788  1794 I OMXMaster: makeComponentInstance(OMX.google.h263.encoder) in mediacodec process
11-04 10:16:46.453   788  1794 I SoftMPEG4Encoder: Construct SoftMPEG4Encoder
11-04 10:16:46.460   811   811 W ACodec  : do not know color format 0x7f000789 = 2130708361
11-04 10:16:46.463   788  1900 E OMXNodeInstance: getConfig(3140029:google.h263.encoder, ConfigAndroidIntraRefresh(0x6f60000a)) ERROR: Undefined(0x80001001)
11-04 10:16:46.465  1795  1795 D wpa_supplicant: EAPOL: disable timer tick
11-04 10:16:46.465   811   811 I MediaPlayerService: MediaPlayerService::getOMX
11-04 10:16:46.466   811   811 I OMXClient: MuxOMX ctor
11-04 10:16:46.467   788  1029 I OMXMaster: makeComponentInstance(OMX.google.h264.encoder) in mediacodec process
11-04 10:16:46.484  1487  1537 D BluetoothManagerService: Message: 20
11-04 10:16:46.484  1487  1537 D BluetoothManagerService: Added callback: android.bluetooth.IBluetoothManagerCallback$Stub$Proxy@35eafb:true
11-04 10:16:46.486  1487  1537 D BluetoothManagerService: Message: 30
11-04 10:16:46.493   811   811 W ACodec  : do not know color format 0x7f000789 = 2130708361
11-04 10:16:46.496   811   811 I MediaPlayerService: MediaPlayerService::getOMX
11-04 10:16:46.497   811   811 I OMXClient: MuxOMX ctor
11-04 10:16:46.498   788  1029 I OMXMaster: makeComponentInstance(OMX.google.mpeg4.encoder) in mediacodec process
11-04 10:16:46.501   788  1029 I SoftMPEG4Encoder: Construct SoftMPEG4Encoder
11-04 10:16:46.509   867   867 D FingerGoodix: loadFingerPrintPlatformDataIfNeed-->current_num:1
11-04 10:16:46.509   867   867 D FingerGoodix: loadFingerPrintPlatformDataIfNeed:1786481821,10,5858939751067279240
11-04 10:16:46.510   867   867 D FingerGoodix: loadFingerPrintPlatformDataIfNeed:0,0,0
11-04 10:16:46.510   867   867 D FingerGoodix: loadFingerPrintPlatformDataIfNeed:0,0,0
11-04 10:16:46.510   867   867 D FingerGoodix: loadFingerPrintPlatformDataIfNeed:0,0,0
11-04 10:16:46.510   867   867 D FingerGoodix: loadFingerPrintPlatformDataIfNeed:0,0,0
11-04 10:16:46.510   867   867 D FingerGoodix: gCheckFingerprintidsConsistence:0
11-04 10:16:46.511   867   867 D FingerGoodix: fpcode, fp cancel!
11-04 10:16:46.511   867  2091 D FingerGoodix: createDeleteThread
11-04 10:16:46.511   867  2091 D FingerGoodix: wait_for_boot_complete,0
11-04 10:16:46.511   867   867 D FingerGoodix: fpcode, setListenerState(0x7f7bc8d280, 3)
11-04 10:16:46.512   867   867 D FingerGoodix: fpcode, setListenerState(0x7f7bc8d280, 2)
11-04 10:16:46.512  1771  2088 I chatty  : uid=10056(com.android.systemui) PhoneStatusBar expire 1 line
11-04 10:16:46.512   867  2091 D FingerGoodix: wait_for_boot_complete,boot_complete_value:0
11-04 10:16:46.513   867   867 D FingerGoodix: fpcode, goodix_sensor_fp_match(), fingerId = 1786481821, operation_id = 0d
11-04 10:16:46.513   867   867 D FingerGoodix: init, g_need_clean_fp_data=0
11-04 10:16:46.513   811   811 W ACodec  : do not know color format 0x7f000789 = 2130708361
11-04 10:16:46.515   788   788 E OMXNodeInstance: getConfig(314002b:google.mpeg4.encoder, ConfigAndroidIntraRefresh(0x6f60000a)) ERROR: Undefined(0x80001001)
11-04 10:16:46.518   811   811 I MediaPlayerService: MediaPlayerService::getOMX
11-04 10:16:46.520   811   811 I OMXClient: MuxOMX ctor
11-04 10:16:46.520   788  1900 I OMXMaster: makeComponentInstance(OMX.google.vp8.encoder) in mediacodec process
11-04 10:16:46.529  1487  1537 D BluetoothManagerService: Message: 30
11-04 10:16:46.534  1487  1537 D BluetoothManagerService: Message: 30
11-04 10:16:46.535  1997  1997 I RcsGroupChatProvider: create trigger begin
11-04 10:16:46.535   811   811 W ACodec  : do not know color format 0x7f000789 = 2130708361
11-04 10:16:46.537   788  1794 E OMXNodeInstance: getConfig(314002c:google.vp8.encoder, ConfigAndroidIntraRefresh(0x6f60000a)) ERROR: Undefined(0x80001001)
11-04 10:16:46.539   811   811 I MediaPlayerService: MediaPlayerService::getOMX
11-04 10:16:46.541  1487  1537 D BluetoothManagerService: Message: 30
11-04 10:16:46.543   811   811 I OMXClient: MuxOMX ctor
11-04 10:16:46.546  1487  1537 D BluetoothManagerService: Message: 30
11-04 10:16:46.550   811   811 I MediaPlayerService: MediaPlayerService::getOMX
11-04 10:16:46.551   811   811 I OMXClient: MuxOMX ctor
11-04 10:16:46.551   811   811 W MediaCodecList: unable to open media codecs configuration xml file: /data/misc/media/media_codecs_profiling_results.xml
11-04 10:16:46.556   811  1797 I MediaPlayerService: MediaPlayerService::getOMX
11-04 10:16:46.556   811  1838 I MediaPlayerService: MediaPlayerService::getOMX
11-04 10:16:46.558  1487  1753 I chatty  : uid=1000 system_server expire 1 line
11-04 10:16:46.561  1771  1879 I chatty  : uid=10056(com.android.systemui) expire 1 line
11-04 10:16:46.564   788  1794 I OMXMaster: makeComponentInstance(OMX.google.vorbis.decoder) in mediacodec process
11-04 10:16:46.567  1997  1997 I RcsMmsSmsConstants: RcsMmsSmsConstants.upgradeDatabaseToVersion.end
11-04 10:16:46.569   788  1794 I OMXMaster: makeComponentInstance(OMX.google.vorbis.decoder) in mediacodec process
11-04 10:16:46.591  1997  1997 I RcsMmsSmsConstants: RcsMmsSmsConstants.init already init.return.
11-04 10:16:46.596  1771  1771 I chatty  : uid=10056(com.android.systemui) expire 1 line
11-04 10:16:46.601  1997  1997 D TelephonyProvider: dbh.onOpen: ok, queried table=siminfo
11-04 10:16:46.602  1997  1997 D TelephonyProvider: dbh.onOpen: ok, queried table=carriers
11-04 10:16:46.606   782  2101 I QCamera : <HAL><INFO> int qcamera::QCamera2Factory::getCameraInfo(int, struct camera_info *): 340: Camera id 1 API version 256
11-04 10:16:46.607   782  2101 I QCamera : <HAL><INFO> static int qcamera::QCamera3HardwareInterface::getCamInfo(uint32_t, struct camera_info *): 8780: camera 1 resource cost is 100
11-04 10:16:46.607   782  2101 I CameraService: getCameraCharacteristics: Switching to HAL1 shim implementation...
11-04 10:16:46.607   782  2101 I QCamera : <HAL><INFO> int qcamera::QCamera2Factory::getCameraInfo(int, struct camera_info *): 340: Camera id 1 API version 256
11-04 10:16:46.607   782  2101 I QCamera : <HAL><INFO> static int qcamera::QCamera3HardwareInterface::getCamInfo(uint32_t, struct camera_info *): 8780: camera 1 resource cost is 100
11-04 10:16:46.607   782  2101 I CameraService: CameraService::connect call (PID -1 "cameraserver", camera ID 1) for HAL version default and Camera API version 1
11-04 10:16:46.613   782  2101 E CameraService: getCameraPriorityFromProcState: Received invalid process state -1 from ActivityManagerService!
11-04 10:16:46.613   782  2101 I QCamera : <HAL><INFO> int qcamera::QCamera2Factory::getCameraInfo(int, struct camera_info *): 340: Camera id 1 API version 256
11-04 10:16:46.613   782  2101 I QCamera : <HAL><INFO> static int qcamera::QCamera3HardwareInterface::getCamInfo(uint32_t, struct camera_info *): 8780: camera 1 resource cost is 100
11-04 10:16:46.616  1997  1997 D RcsTelephonyProvider/IsdmParser: Fwk sdmid:config_use_strict_phone_number_comparation=false
11-04 10:16:46.620  1487  1996 D DisplayPowerController: requestPowerState: policy=BRIGHT, useProximitySensor=false, screenBrightness=102, screenAutoBrightnessAdjustment=0.0, brightnessSetByUser=false, useAutoBrightness=false, blockScreenOn=false, lowPowerMode=false, boostScreenBrightness=false, dozeScreenBrightness=-1, dozeScreenState=UNKNOWN, forceWakeUpEnable=false, useTwilight=false, waitForNegativeProximity=false
11-04 10:16:46.621  1487  1540 D PowerManagerService: handle sandman startDreaming=false isDreaming=false mSandmanSummoned=false  mWakefulness1 wakefulness=1
11-04 10:16:46.622  1487  1996 D DisplayPowerController: requestPowerState: policy=BRIGHT, useProximitySensor=false, screenBrightness=102, screenAutoBrightnessAdjustment=0.0, brightnessSetByUser=false, useAutoBrightness=false, blockScreenOn=false, lowPowerMode=false, boostScreenBrightness=false, dozeScreenBrightness=-1, dozeScreenState=UNKNOWN, forceWakeUpEnable=false, useTwilight=false, waitForNegativeProximity=false
11-04 10:16:46.622  1487  1540 D PowerManagerService: handle sandman startDreaming=false isDreaming=false mSandmanSummoned=false  mWakefulness1 wakefulness=1
11-04 10:16:46.623  1997  1997 D RcsMessageProvider: Registering RcsServiceStartUpReceiver
11-04 10:16:46.629  1487  1487 W FingerprintService: client com.android.systemui is authenticating...
11-04 10:16:46.631  1487  1487 D BluetoothManagerService: Bluetooth Adapter name changed to alcatel IDOL5S
11-04 10:16:46.631  1997  1997 I SmsServiceCenterProvider: onCreate
11-04 10:16:46.631  1487  1487 D BluetoothManagerService: Stored Bluetooth name: alcatel IDOL5S
11-04 10:16:46.632  1487  1487 D BluetoothManagerService: BluetoothServiceConnection: com.android.bluetooth.btservice.AdapterService
11-04 10:16:46.632  1487  1537 D BluetoothManagerService: Message: 40
11-04 10:16:46.633  1487  1537 D BluetoothManagerService: MESSAGE_BLUETOOTH_SERVICE_CONNECTED: 1
11-04 10:16:46.636   811  2108 E WVMExtractor: Failed to open libwvm.so: dlopen failed: library "libwvm.so" not found
11-04 10:16:46.636  1997  1997 I RcsMmsSmsConstants: RcsMmsSmsConstants.init already init.return.
11-04 10:16:46.638  1701  1714 I chatty  : uid=1002(bluetooth) Binder:1701_2 expire 2 lines
11-04 10:16:46.639  1487  1487 D DisplayPowerController: requestPowerState: policy=BRIGHT, useProximitySensor=false, screenBrightness=102, screenAutoBrightnessAdjustment=0.0, brightnessSetByUser=false, useAutoBrightness=false, blockScreenOn=false, lowPowerMode=false, boostScreenBrightness=false, dozeScreenBrightness=-1, dozeScreenState=UNKNOWN, forceWakeUpEnable=false, useTwilight=false, waitForNegativeProximity=false
11-04 10:16:46.640  1487  1540 D PowerManagerService: handle sandman startDreaming=false isDreaming=false mSandmanSummoned=false  mWakefulness1 wakefulness=1
11-04 10:16:46.642  1487  1537 D BluetoothManagerService: Calling onBluetoothServiceUp callbacks
11-04 10:16:46.643  1487  1537 D BluetoothManagerService: Broadcasting onBluetoothServiceUp() to 3 receivers.
11-04 10:16:46.643  1487  1537 I chatty  : uid=1000(system) android.io expire 1 line
11-04 10:16:46.646  1771  2045 I chatty  : uid=10056(com.android.systemui) Binder:1771_4 expire 1 line
11-04 10:16:46.648   811  2108 D         : The type of this file is not DRM, will return null
11-04 10:16:46.649  1701  2109 I chatty  : uid=1002(bluetooth) Binder:1701_3 expire 1 line
11-04 10:16:46.650  1701  1846 I chatty  : uid=1002(bluetooth) BluetoothAdapte expire 11 lines
11-04 10:16:46.653  1487  1537 D BluetoothManagerService: Message: 60
11-04 10:16:46.653  1487  1537 D BluetoothManagerService: MESSAGE_BLUETOOTH_STATE_CHANGE: prevState = 10, newState =14
11-04 10:16:46.654  1487  1537 D BluetoothManagerService: bluetoothStateChangeHandler: 10 ->  14
11-04 10:16:46.654  1487  1537 D BluetoothManagerService: BLE State Change Intent: 10 -> 14
11-04 10:16:46.659  1701  2110 I chatty  : uid=1002(bluetooth) BondStateMachin expire 1 line
11-04 10:16:46.677  1701  1701 I chatty  : uid=1002(bluetooth) com.android.bluetooth expire 17 lines
11-04 10:16:46.679  1487  1487 V WiredAccessoryManager: notifyWiredAccessoryChanged: when=0 bits= mask=10054
11-04 10:16:46.680  1487  1487 V WiredAccessoryManager: newName=h2w newState=0 headsetState=0 prev headsetState=0
11-04 10:16:46.680  1487  1487 V WiredAccessoryManager: init()
11-04 10:16:46.681  1487  1487 D DisplayPowerController: requestPowerState: policy=BRIGHT, useProximitySensor=false, screenBrightness=102, screenAutoBrightnessAdjustment=0.0, brightnessSetByUser=false, useAutoBrightness=false, blockScreenOn=false, lowPowerMode=false, boostScreenBrightness=false, dozeScreenBrightness=-1, dozeScreenState=UNKNOWN, forceWakeUpEnable=false, useTwilight=false, waitForNegativeProximity=false
11-04 10:16:46.681  1487  1540 D PowerManagerService: handle sandman startDreaming=false isDreaming=false mSandmanSummoned=false  mWakefulness1 wakefulness=1
11-04 10:16:46.698  1487  1487 D DisplayPowerController: requestPowerState: policy=BRIGHT, useProximitySensor=false, screenBrightness=102, screenAutoBrightnessAdjustment=0.0, brightnessSetByUser=false, useAutoBrightness=false, blockScreenOn=false, lowPowerMode=false, boostScreenBrightness=false, dozeScreenBrightness=-1, dozeScreenState=UNKNOWN, forceWakeUpEnable=false, useTwilight=false, waitForNegativeProximity=false
11-04 10:16:46.698  1487  1540 D PowerManagerService: handle sandman startDreaming=false isDreaming=false mSandmanSummoned=false  mWakefulness1 wakefulness=1
11-04 10:16:46.701   811  2108 D         : The type of this file is not DRM, will return null
11-04 10:16:46.712  1701  1849 I chatty  : uid=1002(bluetooth) stack_manager expire 21 lines
11-04 10:16:46.714   811  2108 D         : The type of this file is not DRM, will return null
11-04 10:16:46.717  1701  2119 I chatty  : uid=1002(bluetooth) btsnoop_net_lis expire 1 line
11-04 10:16:46.719  1701  2121 I chatty  : uid=1002(bluetooth) hci_thread expire 1 line
11-04 10:16:46.725  1487  1507 D DisplayPowerController: requestPowerState: policy=BRIGHT, useProximitySensor=false, screenBrightness=102, screenAutoBrightnessAdjustment=0.0, brightnessSetByUser=false, useAutoBrightness=false, blockScreenOn=false, lowPowerMode=false, boostScreenBrightness=false, dozeScreenBrightness=-1, dozeScreenState=UNKNOWN, forceWakeUpEnable=false, useTwilight=false, waitForNegativeProximity=false
11-04 10:16:46.726  1487  1540 D PowerManagerService: handle sandman startDreaming=false isDreaming=false mSandmanSummoned=false  mWakefulness1 wakefulness=1
11-04 10:16:46.728  1487  1506 D DisplayPowerController: requestPowerState: policy=BRIGHT, useProximitySensor=false, screenBrightness=102, screenAutoBrightnessAdjustment=0.0, brightnessSetByUser=false, useAutoBrightness=false, blockScreenOn=false, lowPowerMode=false, boostScreenBrightness=false, dozeScreenBrightness=-1, dozeScreenState=UNKNOWN, forceWakeUpEnable=false, useTwilight=false, waitForNegativeProximity=false
11-04 10:16:46.729   804   804 I ExtendedExtractor: QTIParser is prefered
11-04 10:16:46.729  1487  1540 D PowerManagerService: handle sandman startDreaming=false isDreaming=false mSandmanSummoned=false  mWakefulness1 wakefulness=1
11-04 10:16:46.733  1997  2012 D SmartContainerConfig: Configured features : all
11-04 10:16:46.733  1487  1507 D DisplayPowerController: requestPowerState: policy=BRIGHT, useProximitySensor=false, screenBrightness=102, screenAutoBrightnessAdjustment=0.0, brightnessSetByUser=false, useAutoBrightness=false, blockScreenOn=false, lowPowerMode=false, boostScreenBrightness=false, dozeScreenBrightness=-1, dozeScreenState=UNKNOWN, forceWakeUpEnable=false, useTwilight=false, waitForNegativeProximity=false
11-04 10:16:46.734  1487  1540 D PowerManagerService: handle sandman startDreaming=false isDreaming=false mSandmanSummoned=false  mWakefulness1 wakefulness=1
11-04 10:16:46.738  1487  2017 D DisplayPowerController: requestPowerState: policy=BRIGHT, useProximitySensor=false, screenBrightness=102, screenAutoBrightnessAdjustment=0.0, brightnessSetByUser=false, useAutoBrightness=false, blockScreenOn=false, lowPowerMode=false, boostScreenBrightness=false, dozeScreenBrightness=-1, dozeScreenState=UNKNOWN, forceWakeUpEnable=false, useTwilight=false, waitForNegativeProximity=false
11-04 10:16:46.739  1487  1540 D PowerManagerService: handle sandman startDreaming=false isDreaming=false mSandmanSummoned=false  mWakefulness1 wakefulness=1
11-04 10:16:46.739   804   804 I ExtendedExtractor: ExtendedExtractor::create 0xf26070a0
11-04 10:16:46.740  1487  1517 D DisplayPowerController: requestPowerState: policy=BRIGHT, useProximitySensor=false, screenBrightness=102, screenAutoBrightnessAdjustment=0.0, brightnessSetByUser=false, useAutoBrightness=false, blockScreenOn=false, lowPowerMode=false, boostScreenBrightness=false, dozeScreenBrightness=-1, dozeScreenState=UNKNOWN, forceWakeUpEnable=false, useTwilight=false, waitForNegativeProximity=false
11-04 10:16:46.741  1487  1540 D PowerManagerService: handle sandman startDreaming=false isDreaming=false mSandmanSummoned=false  mWakefulness1 wakefulness=1
11-04 10:16:46.743  1487  1770 D DisplayPowerController: requestPowerState: policy=BRIGHT, useProximitySensor=false, screenBrightness=102, screenAutoBrightnessAdjustment=0.0, brightnessSetByUser=false, useAutoBrightness=false, blockScreenOn=false, lowPowerMode=false, boostScreenBrightness=false, dozeScreenBrightness=-1, dozeScreenState=UNKNOWN, forceWakeUpEnable=false, useTwilight=false, waitForNegativeProximity=false
11-04 10:16:46.744  1487  1487 D AccessibilityManagerService: Ignoring non-encryption-aware service ComponentInfo{com.tct.endusertest/com.tct.endusertest.service.KeyEventListenerService}
11-04 10:16:46.744  1487  1487 D AccessibilityManagerService: Ignoring non-encryption-aware service ComponentInfo{com.qihoo.appstore/com.qihoo.appstore.accessibility.AppstoreAccessibility}
11-04 10:16:46.745  1487  1506 D DisplayPowerController: requestPowerState: policy=BRIGHT, useProximitySensor=false, screenBrightness=102, screenAutoBrightnessAdjustment=0.0, brightnessSetByUser=false, useAutoBrightness=false, blockScreenOn=false, lowPowerMode=false, boostScreenBrightness=false, dozeScreenBrightness=-1, dozeScreenState=UNKNOWN, forceWakeUpEnable=false, useTwilight=false, waitForNegativeProximity=false
11-04 10:16:46.745  1487  1540 D PowerManagerService: handle sandman startDreaming=false isDreaming=false mSandmanSummoned=false  mWakefulness1 wakefulness=1
11-04 10:16:46.751  1487  1487 V ActivityManager: Enqueueing parallel broadcast BroadcastRecord{e17628f u-1 android.media.RINGER_MODE_CHANGED} intent Intent { act=android.media.RINGER_MODE_CHANGED flg=0x34000010 (has extras) }
11-04 10:16:46.752  1487  1487 V ActivityManager: Enqueueing parallel broadcast BroadcastRecord{996b91c u-1 android.media.INTERNAL_RINGER_MODE_CHANGED_ACTION} intent Intent { act=android.media.INTERNAL_RINGER_MODE_CHANGED_ACTION flg=0x34000010 (has extras) }
11-04 10:16:46.758   781   781 D audio_hw_primary: adev_set_mic_mute state 0
11-04 10:16:46.762  1487  2017 D DisplayPowerController: requestPowerState: policy=BRIGHT, useProximitySensor=false, screenBrightness=102, screenAutoBrightnessAdjustment=0.0, brightnessSetByUser=false, useAutoBrightness=false, blockScreenOn=false, lowPowerMode=false, boostScreenBrightness=false, dozeScreenBrightness=-1, dozeScreenState=UNKNOWN, forceWakeUpEnable=false, useTwilight=false, waitForNegativeProximity=false
11-04 10:16:46.763  1487  1540 D PowerManagerService: handle sandman startDreaming=false isDreaming=false mSandmanSummoned=false  mWakefulness1 wakefulness=1
