11-04 10:16:47.619  1487  1540 D PowerManagerService: handle sandman startDreaming=false isDreaming=false mSandmanSummoned=false  mWakefulness1 wakefulness=1
11-04 10:16:47.621  1701  1876 D BluetoothAdapterProperties: Scan Mode:20
11-04 10:16:47.621  1701  1876 D BluetoothAdapterProperties: Discoverable Timeout:120
11-04 10:16:47.622  1701  1876 E bt_utils:  Can't copy it from Base file /etc/bluetooth/iot_devlist.conf
11-04 10:16:47.623  1701  1876 W bt_btif : ***********************************************
11-04 10:16:47.623  1701  1876 W bt_btif : BTIF init BDA was 00:a0:c6:01:1f:ce
11-04 10:16:47.623  1701  1876 W bt_btif : Controller BDA is 00:a0:c6:3b:be:6a
11-04 10:16:47.623  1701  1876 W bt_btif : ***********************************************
11-04 10:16:47.624  1701  1876 D BluetoothAdapterProperties: Address is:00:A0:C6:3B:BE:6A
11-04 10:16:47.624  1701  1876 D bt_hci  : do_postload posting postload work item
11-04 10:16:47.624  1701  2121 I bt_hci  : event_postload
11-04 10:16:47.624  1701  2121 I bt_vendor: sco_config_cb
11-04 10:16:47.625  1701  2121 I bt_hci  : sco_config_callback postload finished.
11-04 10:16:47.625  1701  2121 I bt_vendor: __op: property_get: persist.service.bdroid.lpmcfg: all
11-04 10:16:47.625  1701  2121 I bt_vendor: low_power_mode_cb
11-04 10:16:47.626  1701  2267 W bt_osi_thread: run_thread: thread id 2267, thread name btif_sock started
11-04 10:16:47.629  1701  1876 D bt_bte_conf: Device ID record 1 : primary
11-04 10:16:47.629  1701  1876 D bt_bte_conf:   vendorId            = 000f
11-04 10:16:47.629  1701  1876 D bt_bte_conf:   vendorIdSource      = 0001
11-04 10:16:47.629  1701  1876 D bt_bte_conf:   product             = 1200
11-04 10:16:47.630  1701  1876 D bt_bte_conf:   version             = 1436
11-04 10:16:47.630  1701  1876 D bt_bte_conf:   clientExecutableURL = 
11-04 10:16:47.631  1701  1876 D bt_bte_conf:   serviceDescription  = 
11-04 10:16:47.631  1701  1876 D bt_bte_conf:   documentationURL    = 
11-04 10:16:47.631  1701  1876 D bt_bte_conf: bte_load_did_conf no section named DID2.
11-04 10:16:47.632  1701  1849 I bt_stack_manager: event_start_up_stack finished
11-04 10:16:47.632  1701  1846 D BluetoothAdapterState: Current state: PENDING_COMMAND, message: 3
11-04 10:16:47.633  1701  1846 D BluetoothAdapterProperties: Setting state to 15
11-04 10:16:47.633  1701  1846 I BluetoothAdapterState: Bluetooth adapter state changed: 14-> 15
11-04 10:16:47.633  1701  1846 D BluetoothAdapterService: updateAdapterState() - Broadcasting state to 1 receivers.
11-04 10:16:47.634  1487  1537 D BluetoothManagerService: Message: 60
11-04 10:16:47.634  1701  1846 I BluetoothAdapterState: Entering BleOnState
11-04 10:16:47.634  1487  1537 D BluetoothManagerService: MESSAGE_BLUETOOTH_STATE_CHANGE: prevState = 14, newState =15
11-04 10:16:47.634  1487  1537 D BluetoothManagerService: bluetoothStateChangeHandler: 14 ->  15
11-04 10:16:47.634  1487  1537 D BluetoothManagerService: Bluetooth is in LE only mode
11-04 10:16:47.635  1487  1537 D BluetoothManagerService: Binding Bluetooth GATT service
11-04 10:16:47.636  1487  1537 D BluetoothManagerService: BLE State Change Intent: 14 -> 15
11-04 10:16:47.637  1487  1487 D BluetoothManagerService: BluetoothServiceConnection: com.android.bluetooth.gatt.GattService
11-04 10:16:47.638  1487  1537 D BluetoothManagerService: Message: 40
11-04 10:16:47.638  1487  1537 D BluetoothManagerService: MESSAGE_BLUETOOTH_SERVICE_CONNECTED: 2
11-04 10:16:47.639  1487  1537 D BluetoothManagerService: BluetoothGatt Service is Up
11-04 10:16:47.639  1487  1537 D BluetoothManagerService: isBleAppPresent() count: 0
11-04 10:16:47.646  1701  1846 D BluetoothAdapterState: Current state: BLE ON, message: 1
11-04 10:16:47.646  1487  1537 D BluetoothManagerService: Persisting Bluetooth Setting: 1
11-04 10:16:47.646  1701  1846 D BluetoothAdapterProperties: Setting state to 11
11-04 10:16:47.646  1701  1846 I BluetoothAdapterState: Bluetooth adapter state changed: 15-> 11
11-04 10:16:47.647  1701  1846 D BluetoothAdapterService: updateAdapterState() - Broadcasting state to 1 receivers.
11-04 10:16:47.648  1487  1537 D BluetoothManagerService: Message: 60
11-04 10:16:47.649  1487  1537 D BluetoothManagerService: MESSAGE_BLUETOOTH_STATE_CHANGE: prevState = 15, newState =11
11-04 10:16:47.649  1487  1537 D BluetoothManagerService: bluetoothStateChangeHandler: 15 ->  11
11-04 10:16:47.649  1487  1537 D BluetoothManagerService: BLE State Change Intent: 15 -> 11
11-04 10:16:47.650  1701  1846 D BluetoothAdapterService: startCoreServices()
11-04 10:16:47.650  1487  1537 V ActivityManager: Enqueueing parallel broadcast BroadcastRecord{ff5efc4 u-1 android.bluetooth.adapter.action.STATE_CHANGED} intent Intent { act=android.bluetooth.adapter.action.STATE_CHANGED flg=0x14000010 (has extras) }
11-04 10:16:47.650  1701  1846 W BluetoothAdapterService: Total profiles =9
11-04 10:16:47.650  1701  1846 W BluetoothAdapterService: setProfileServiceState() - Starting service com.android.bluetooth.hfp.HeadsetService
11-04 10:16:47.650  1487  1537 V ActivityManager: Enqueueing ordered broadcast BroadcastRecord{5cfead u-1 android.bluetooth.adapter.action.STATE_CHANGED}: prev had 0
11-04 10:16:47.651  1487  1537 I ActivityManager: Enqueueing broadcast android.bluetooth.adapter.action.STATE_CHANGED
11-04 10:16:47.651  1487  1770 D DisplayPowerController: requestPowerState: policy=BRIGHT, useProximitySensor=false, screenBrightness=102, screenAutoBrightnessAdjustment=0.0, brightnessSetByUser=false, useAutoBrightness=false, blockScreenOn=false, lowPowerMode=false, boostScreenBrightness=false, dozeScreenBrightness=-1, dozeScreenState=UNKNOWN, forceWakeUpEnable=false, useTwilight=false, waitForNegativeProximity=false
11-04 10:16:47.653  1487  1540 D PowerManagerService: handle sandman startDreaming=false isDreaming=false mSandmanSummoned=false  mWakefulness1 wakefulness=1
11-04 10:16:47.655  1997  1997 I Telephony: TtyManager: updateUiTtyMode -1 -> 0
11-04 10:16:47.659  1771  2088 I chatty  : uid=10056(com.android.systemui) PhoneStatusBar expire 1 line
11-04 10:16:47.661  1701  1701 D BluetoothPbapReceiver: PbapReceiver onReceive action = android.bluetooth.adapter.action.STATE_CHANGED
11-04 10:16:47.661  1701  1701 D BluetoothPbapReceiver: state = 11
11-04 10:16:47.662  1701  1701 I BluetoothPbapReceiver: Exit - onReceive for intent:android.bluetooth.adapter.action.STATE_CHANGED
11-04 10:16:47.665  1701  1846 W BluetoothAdapterService: setProfileServiceState() - Starting service com.android.bluetooth.a2dp.A2dpService
11-04 10:16:47.665  1487  1507 D DisplayPowerController: requestPowerState: policy=BRIGHT, useProximitySensor=false, screenBrightness=102, screenAutoBrightnessAdjustment=0.0, brightnessSetByUser=false, useAutoBrightness=false, blockScreenOn=false, lowPowerMode=false, boostScreenBrightness=false, dozeScreenBrightness=-1, dozeScreenState=UNKNOWN, forceWakeUpEnable=false, useTwilight=false, waitForNegativeProximity=false
11-04 10:16:47.666  1487  1540 D PowerManagerService: handle sandman startDreaming=false isDreaming=false mSandmanSummoned=false  mWakefulness1 wakefulness=1
11-04 10:16:47.666  1771  2257 I chatty  : uid=10056(com.android.systemui) QSTileHost expire 2 lines
11-04 10:16:47.675  1701  1846 W BluetoothAdapterService: setProfileServiceState() - Starting service com.android.bluetooth.hid.HidService
11-04 10:16:47.677  1701  1701 D BluetoothAdapterService: getAdapterService() - returning com.android.bluetooth.btservice.AdapterService@dd1ddd7
11-04 10:16:47.683  1771  2270 E ActivityThread: Failed to find provider info for com.android.contacts
11-04 10:16:47.684  1701  1846 W BluetoothAdapterService: setProfileServiceState() - Starting service com.android.bluetooth.hdp.HealthService
11-04 10:16:47.687  1701  1701 D HeadsetService: Received start request. Starting profile...
11-04 10:16:47.688  1701  1701 I BluetoothHeadsetServiceJni: classInitNative: succeeds
11-04 10:16:47.689  1701  1701 D HeadsetStateMachine: make
11-04 10:16:47.689  1701  1846 W BluetoothAdapterService: setProfileServiceState() - Starting service com.android.bluetooth.pan.PanService
11-04 10:16:47.697  1701  1846 W BluetoothAdapterService: setProfileServiceState() - Starting service com.android.bluetooth.map.BluetoothMapService
11-04 10:16:47.702  1701  1701 D HeadsetPhoneState: HeadsetPhoneState
11-04 10:16:47.711  1701  1846 W BluetoothAdapterService: setProfileServiceState() - Starting service com.android.bluetooth.avrcp.AvrcpControllerService
11-04 10:16:47.719  1701  1701 D HeadsetStateMachine: max_hf_connections = 1
11-04 10:16:47.719  1701  1701 I bt_btif : get_profile_interface handsfree
11-04 10:16:47.720  1701  1876 D bt_btif : btif_hf_execute_service: enable: 1
11-04 10:16:47.720  1701  1876 D bt_btif : btif_hf_execute_service: enable: 1 completed
11-04 10:16:47.720  1701  1876 I bt_btif_storage: btif_storage_get_adapter_property service_mask:0x20000040
11-04 10:16:47.720  1701  2258 D bt_btif : AG evt (hdl 0x0001): State 0, Event 0x0500
11-04 10:16:47.721  1701  1876 D bt_btif : btif_hf_upstreams_evt: event=BTA_AG_ENABLE_EVT
11-04 10:16:47.721  1701  2274 D HeadsetStateMachine: Enter Disconnected: -2, size: 0
11-04 10:16:47.721  1701  2274 D HeadsetPhoneState: Enter listenForPhoneState
11-04 10:16:47.721  1701  2274 D HeadsetPhoneState: Exit stopListenForPhoneState
11-04 10:16:47.721  1701  2274 D HeadsetPhoneState: Exit listenForPhoneState
11-04 10:16:47.722  1701  1876 D bt_btif : btif_hf_upstreams_evt: event=BTA_AG_REGISTER_EVT
11-04 10:16:47.728  1701  1846 W BluetoothAdapterService: setProfileServiceState() - Starting service com.android.bluetooth.sap.SapService
11-04 10:16:47.729  1701  1701 D HeadsetService:  profile started successfully
11-04 10:16:47.729  1701  1701 D BluetoothAdapterService: getAdapterService() - returning com.android.bluetooth.btservice.AdapterService@dd1ddd7
11-04 10:16:47.734  1487  2272 D DisplayPowerController: requestPowerState: policy=BRIGHT, useProximitySensor=false, screenBrightness=102, screenAutoBrightnessAdjustment=0.0, brightnessSetByUser=false, useAutoBrightness=false, blockScreenOn=false, lowPowerMode=false, boostScreenBrightness=false, dozeScreenBrightness=-1, dozeScreenState=UNKNOWN, forceWakeUpEnable=false, useTwilight=false, waitForNegativeProximity=false
11-04 10:16:47.734  1487  1540 D PowerManagerService: handle sandman startDreaming=false isDreaming=false mSandmanSummoned=false  mWakefulness1 wakefulness=1
11-04 10:16:47.735  1701  1846 I BluetoothAdapterState: Entering PendingCommandState
11-04 10:16:47.740  1701  1701 D BluetoothAdapterService: getAdapterService() - returning com.android.bluetooth.btservice.AdapterService@dd1ddd7
11-04 10:16:47.741  1487  2272 D DisplayPowerController: requestPowerState: policy=BRIGHT, useProximitySensor=false, screenBrightness=102, screenAutoBrightnessAdjustment=0.0, brightnessSetByUser=false, useAutoBrightness=false, blockScreenOn=false, lowPowerMode=false, boostScreenBrightness=false, dozeScreenBrightness=-1, dozeScreenState=UNKNOWN, forceWakeUpEnable=false, useTwilight=false, waitForNegativeProximity=false
11-04 10:16:47.741  1487  1540 D PowerManagerService: handle sandman startDreaming=false isDreaming=false mSandmanSummoned=false  mWakefulness1 wakefulness=1
11-04 10:16:47.743  1701  1701 D A2dpService: Received start request. Starting profile...
11-04 10:16:47.744  1487  1507 D DisplayPowerController: requestPowerState: policy=BRIGHT, useProximitySensor=false, screenBrightness=102, screenAutoBrightnessAdjustment=0.0, brightnessSetByUser=false, useAutoBrightness=false, blockScreenOn=false, lowPowerMode=false, boostScreenBrightness=false, dozeScreenBrightness=-1, dozeScreenState=UNKNOWN, forceWakeUpEnable=false, useTwilight=false, waitForNegativeProximity=false
11-04 10:16:47.744  1701  1701 D A2dpService: START of A2dpService
11-04 10:16:47.744  1701  1701 I A2dpService: offload cap not set
11-04 10:16:47.744  1487  1540 D PowerManagerService: handle sandman startDreaming=false isDreaming=false mSandmanSummoned=false  mWakefulness1 wakefulness=1
11-04 10:16:47.745  1701  1701 D A2dpService: maxA2dpConnections = 1
11-04 10:16:47.745  1771  1905 I chatty  : uid=10056(com.android.systemui) RenderThread expire 2 lines
11-04 10:16:47.745  1701  1701 D A2dpService: multiCastState = 0
11-04 10:16:47.746  1701  1701 I BluetoothA2dpServiceJni: classInitNative: succeeds
11-04 10:16:47.746  1701  1701 D A2dpStateMachine: make
11-04 10:16:47.747  1487  1770 D DisplayPowerController: requestPowerState: policy=BRIGHT, useProximitySensor=false, screenBrightness=102, screenAutoBrightnessAdjustment=0.0, brightnessSetByUser=false, useAutoBrightness=false, blockScreenOn=false, lowPowerMode=false, boostScreenBrightness=false, dozeScreenBrightness=-1, dozeScreenState=UNKNOWN, forceWakeUpEnable=false, useTwilight=false, waitForNegativeProximity=false
11-04 10:16:47.747  1701  1701 W BluetoothA2dpServiceJni: offload_cap is NULL
11-04 10:16:47.748  1701  1701 I bt_btif : get_profile_interface a2dp
11-04 10:16:47.748  1487  1540 D PowerManagerService: handle sandman startDreaming=false isDreaming=false mSandmanSummoned=false  mWakefulness1 wakefulness=1
11-04 10:16:47.748  1701  1701 D bt_btif : btif_av_state_idle_handler event:BTIF_SM_ENTER_EVT flags 0 on Index = 0
11-04 10:16:47.748  1701  1701 E bt_btif : btif_sm_get_state : Invalid handle
11-04 10:16:47.748  1701  1701 D bt_btif : ## ON A2DP IDLE ## peer_sep = 1
11-04 10:16:47.749  1701  1876 D bt_btif : btif_av_handle_event: BTIF_AV_INIT_REQ_EVT
11-04 10:16:47.749  1701  1876 D bt_btif : ## A2DP START MEDIA THREAD ##
11-04 10:16:47.749  1487  2246 D DisplayPowerController: requestPowerState: policy=BRIGHT, useProximitySensor=false, screenBrightness=102, screenAutoBrightnessAdjustment=0.0, brightnessSetByUser=false, useAutoBrightness=false, blockScreenOn=false, lowPowerMode=false, boostScreenBrightness=false, dozeScreenBrightness=-1, dozeScreenState=UNKNOWN, forceWakeUpEnable=false, useTwilight=false, waitForNegativeProximity=false
11-04 10:16:47.749  1487  1540 D PowerManagerService: handle sandman startDreaming=false isDreaming=false mSandmanSummoned=false  mWakefulness1 wakefulness=1
11-04 10:16:47.750  1701  2278 W bt_osi_thread: run_thread: thread id 2278, thread name media_worker started
11-04 10:16:47.750  1701  2278 D bt_btif :  btif_media_thread_init
11-04 10:16:47.750  1701  1876 D bt_btif : ## A2DP MEDIA THREAD STARTED ##
11-04 10:16:47.751  1701  1701 D A2dpService: setA2dpService(): set to: null
11-04 10:16:47.751  1701  2276 D A2dpStateMachine: Enter Disconnected: -2
11-04 10:16:47.751  1701  1876 D bt_btif : btif_av_state_idle_handler event:UNKNOWN_EVENT flags 0 on Index = 0
11-04 10:16:47.751  1701  1876 W bt_btif : btif_av_state_idle_handler : unhandled event:UNKNOWN_EVENT
11-04 10:16:47.751  1701  1876 D bt_btif : btif_av_execute_service: enable: 1
11-04 10:16:47.752  1487  1996 D DisplayPowerController: requestPowerState: policy=BRIGHT, useProximitySensor=false, screenBrightness=102, screenAutoBrightnessAdjustment=0.0, brightnessSetByUser=false, useAutoBrightness=false, blockScreenOn=false, lowPowerMode=false, boostScreenBrightness=false, dozeScreenBrightness=-1, dozeScreenState=UNKNOWN, forceWakeUpEnable=false, useTwilight=false, waitForNegativeProximity=false
11-04 10:16:47.753  1701  2258 W bt_l2cap: L2CAP - L2CA_Register() called for PSM: 0x0019
11-04 10:16:47.753  1701  2258 W bt_l2cap: L2CAP - L2CA_Register() called for PSM: 0x0017
11-04 10:16:47.753  1701  2258 W bt_l2cap: L2CAP - L2CA_Register() called for PSM: 0x001b
11-04 10:16:47.753  1701  1876 D bt_btif : btif_av_execute_service: enable: 1 completed
11-04 10:16:47.754  1701  1876 I bt_btif_storage: btif_storage_get_adapter_property service_mask:0x20000048
11-04 10:16:47.754  1701  1701 I BluetoothAvrcpServiceJni: classInitNative: succeeds
11-04 10:16:47.754  1701  1876 D bt_btif : btif_av_state_idle_handler event:BTA_AV_ENABLE_EVT flags 0 on Index = 0
11-04 10:16:47.754  1701  2276 D A2dpStateMachine: mConnectedDevicesList size: 0
11-04 10:16:47.755  1701  1701 V Avrcp   : make
11-04 10:16:47.755  1487  1540 D PowerManagerService: handle sandman startDreaming=false isDreaming=false mSandmanSummoned=false  mWakefulness1 wakefulness=1
11-04 10:16:47.755  1701  1701 V Avrcp   : Avrcp
11-04 10:16:47.757  1487  1517 D DisplayPowerController: requestPowerState: policy=BRIGHT, useProximitySensor=false, screenBrightness=102, screenAutoBrightnessAdjustment=0.0, brightnessSetByUser=false, useAutoBrightness=false, blockScreenOn=false, lowPowerMode=false, boostScreenBrightness=false, dozeScreenBrightness=-1, dozeScreenState=UNKNOWN, forceWakeUpEnable=false, useTwilight=false, waitForNegativeProximity=false
11-04 10:16:47.757  1701  1701 I bt_btif : get_profile_interface avrcp
11-04 10:16:47.758  1487  1540 D PowerManagerService: handle sandman startDreaming=false isDreaming=false mSandmanSummoned=false  mWakefulness1 wakefulness=1
11-04 10:16:47.768  1701  1701 V Avrcp   : start
11-04 10:16:47.768  1487  2017 D DisplayPowerController: requestPowerState: policy=BRIGHT, useProximitySensor=false, screenBrightness=102, screenAutoBrightnessAdjustment=0.0, brightnessSetByUser=false, useAutoBrightness=false, blockScreenOn=false, lowPowerMode=false, boostScreenBrightness=false, dozeScreenBrightness=-1, dozeScreenState=UNKNOWN, forceWakeUpEnable=false, useTwilight=false, waitForNegativeProximity=false
11-04 10:16:47.769  1487  1540 D PowerManagerService: handle sandman startDreaming=false isDreaming=false mSandmanSummoned=false  mWakefulness1 wakefulness=1
11-04 10:16:47.770  1771  2257 I chatty  : uid=10056(com.android.systemui) QSTileHost expire 2 lines
11-04 10:16:47.771  1701  1701 V Avrcp   : registerMediaPlayers
11-04 10:16:47.772  1701  1701 V Avrcp   : MediaPlayerInfo: mPlayerId = 0
11-04 10:16:47.772  1701  1701 V Avrcp   : mMajorPlayerType = 1 mPlayerSubType = 0
11-04 10:16:47.772  1701  1701 V Avrcp   : mPlayState = 2 mCharsetId = 106
11-04 10:16:47.772  1701  1701 V Avrcp   : mPlayerPackageName = com.android.music mDisplayableNameLength = 5
11-04 10:16:47.773  1701  1701 V Avrcp   : mItemLength = 33 mEntryLength = 34
11-04 10:16:47.773  1701  1701 V Avrcp   : mFeatureMask = 
11-04 10:16:47.773  1701  1701 V Avrcp   : mFeatureMask[0] = 0
11-04 10:16:47.773  1701  1701 V Avrcp   : mFeatureMask[1] = 0
11-04 10:16:47.773  1701  1701 V Avrcp   : mFeatureMask[2] = 0
11-04 10:16:47.774  1701  1701 V Avrcp   : mFeatureMask[3] = 0
11-04 10:16:47.774  1701  1701 V Avrcp   : mFeatureMask[4] = 12
11-04 10:16:47.774  1701  1701 V Avrcp   : mFeatureMask[5] = 55
11-04 10:16:47.774  1701  1701 V Avrcp   : mFeatureMask[6] = 0
11-04 10:16:47.775  1701  1701 V Avrcp   : mFeatureMask[7] = 141
11-04 10:16:47.775  1701  1701 V Avrcp   : mFeatureMask[8] = 26
11-04 10:16:47.775  1701  1701 V Avrcp   : mFeatureMask[9] = 0
11-04 10:16:47.775  1701  1701 V Avrcp   : mFeatureMask[10] = 0
11-04 10:16:47.775  1701  1701 V Avrcp   : mFeatureMask[11] = 0
11-04 10:16:47.775  1701  1701 V Avrcp   : mFeatureMask[12] = 0
11-04 10:16:47.775  1701  1701 V Avrcp   : mFeatureMask[13] = 0
11-04 10:16:47.776  1701  1701 V Avrcp   : mFeatureMask[14] = 0
11-04 10:16:47.776  1701  1701 V Avrcp   : mFeatureMask[15] = 0
11-04 10:16:47.777  1701  1701 V Avrcp   : mDisplayableName=
11-04 10:16:47.777  1701  1701 V Avrcp   : mDisplayableName[0] = 77
11-04 10:16:47.777  1701  2258 D bt_btif :  AVRC_Open AVRC_Open role: 1, control:3 status:0, handle:0
11-04 10:16:47.777  1701  1701 V Avrcp   : mDisplayableName[1] = 117
11-04 10:16:47.777  1701  2258 D bt_btif : rc_acp_handle: 0 idx: 1
11-04 10:16:47.777  1701  1701 V Avrcp   : mDisplayableName[2] = 115
11-04 10:16:47.777  1701  2258 D bt_btif : bta_av_rc_create 0, role: 1, shdl:0, rc_handle:0, lidx:3, status:0x10
11-04 10:16:47.777  1701  1701 V Avrcp   : mDisplayableName[3] = 105
11-04 10:16:47.777  1701  1701 V Avrcp   : mDisplayableName[4] = 99
11-04 10:16:47.778  1701  1701 V Avrcp   : MediaPlayerInfo: mPlayerId = 1
11-04 10:16:47.778  1701  1876 D bt_btif : btif_av_state_idle_handler event:BTA_AV_REGISTER_EVT flags 0 on Index = 0
11-04 10:16:47.778  1701  1701 V Avrcp   : mMajorPlayerType = 1 mPlayerSubType = 0
11-04 10:16:47.778  1701  1701 V Avrcp   : mPlayState = 2 mCharsetId = 106
11-04 10:16:47.778  1701  1701 V Avrcp   : mPlayerPackageName = com.google.android.music mDisplayableNameLength = 6
11-04 10:16:47.778  1701  1701 V Avrcp   : mItemLength = 34 mEntryLength = 35
11-04 10:16:47.778  1701  1701 V Avrcp   : mFeatureMask = 
11-04 10:16:47.779  1701  1701 V Avrcp   : mFeatureMask[0] = 0
11-04 10:16:47.779  1701  1701 V Avrcp   : mFeatureMask[1] = 0
11-04 10:16:47.779  1701  1701 V Avrcp   : mFeatureMask[2] = 0
11-04 10:16:47.779  1701  1701 V Avrcp   : mFeatureMask[3] = 0
11-04 10:16:47.779  1701  1701 V Avrcp   : mFeatureMask[4] = 12
11-04 10:16:47.779  1701  1701 V Avrcp   : mFeatureMask[5] = 55
11-04 10:16:47.780  1701  1701 V Avrcp   : mFeatureMask[6] = 0
11-04 10:16:47.780  1701  1701 V Avrcp   : mFeatureMask[7] = 0
11-04 10:16:47.780  1997  1997 D TelephonyManager: write RADIO      ON : time into /storage/emulated/0/powertime_slot0.txt,slotId=0
11-04 10:16:47.780  1701  1701 V Avrcp   : mFeatureMask[8] = 0
11-04 10:16:47.780  1701  1701 V Avrcp   : mFeatureMask[9] = 0
11-04 10:16:47.780  1701  1701 V Avrcp   : mFeatureMask[10] = 0
11-04 10:16:47.780  1701  1701 V Avrcp   : mFeatureMask[11] = 0
11-04 10:16:47.780  1701  1701 V Avrcp   : mFeatureMask[12] = 0
11-04 10:16:47.781  1701  1701 V Avrcp   : mFeatureMask[13] = 0
11-04 10:16:47.781  1701  1701 V Avrcp   : mFeatureMask[14] = 0
11-04 10:16:47.781  1701  1701 V Avrcp   : mFeatureMask[15] = 0
11-04 10:16:47.781  1701  1701 V Avrcp   : mDisplayableName=
11-04 10:16:47.781  1701  1701 V Avrcp   : mDisplayableName[0] = 77
11-04 10:16:47.782  1701  1701 V Avrcp   : mDisplayableName[1] = 117
11-04 10:16:47.782  1701  1701 V Avrcp   : mDisplayableName[2] = 115
11-04 10:16:47.782  1701  1701 V Avrcp   : mDisplayableName[3] = 105
11-04 10:16:47.782  1701  1701 V Avrcp   : mDisplayableName[4] = 99
11-04 10:16:47.783  1701  1701 V Avrcp   : mDisplayableName[5] = 50
11-04 10:16:47.783  1701  1701 D Avrcp   : Exit registerMediaPlayers()
11-04 10:16:47.787  1997  1997 D TelephonyManager: timeStr =  RADIO      ON :1104101647
11-04 10:16:47.789  2231  2231 D QcrilMsgTunnelIfaceManager: handleMessage what = 0
11-04 10:16:47.791  1487  1517 V ActivityManager: Enqueueing parallel broadcast BroadcastRecord{903578d u0 com.qualcomm.intent.action.ACTION_UNSOL_RESPONSE_OEM_HOOK_RAW} intent Intent { act=com.qualcomm.intent.action.ACTION_UNSOL_RESPONSE_OEM_HOOK_RAW flg=0x10 (has extras) }
11-04 10:16:47.791  1487  2271 D DisplayPowerController: requestPowerState: policy=BRIGHT, useProximitySensor=false, screenBrightness=102, screenAutoBrightnessAdjustment=0.0, brightnessSetByUser=false, useAutoBrightness=false, blockScreenOn=false, lowPowerMode=false, boostScreenBrightness=false, dozeScreenBrightness=-1, dozeScreenState=UNKNOWN, forceWakeUpEnable=false, useTwilight=false, waitForNegativeProximity=false
11-04 10:16:47.791  1487  1540 D PowerManagerService: handle sandman startDreaming=false isDreaming=false mSandmanSummoned=false  mWakefulness1 wakefulness=1
11-04 10:16:47.794  1487  2246 D DisplayPowerController: requestPowerState: policy=BRIGHT, useProximitySensor=false, screenBrightness=102, screenAutoBrightnessAdjustment=0.0, brightnessSetByUser=false, useAutoBrightness=false, blockScreenOn=false, lowPowerMode=false, boostScreenBrightness=false, dozeScreenBrightness=-1, dozeScreenState=UNKNOWN, forceWakeUpEnable=false, useTwilight=false, waitForNegativeProximity=false
11-04 10:16:47.795  1487  1540 D PowerManagerService: handle sandman startDreaming=false isDreaming=false mSandmanSummoned=false  mWakefulness1 wakefulness=1
11-04 10:16:47.799  1701  1701 D A2dpService: Exit START of A2dpService
11-04 10:16:47.799  1701  1701 D A2dpService:  profile started successfully
11-04 10:16:47.799  1701  1701 D BluetoothAdapterService: getAdapterService() - returning com.android.bluetooth.btservice.AdapterService@dd1ddd7
11-04 10:16:47.802  1701  1701 I BluetoothHidServiceJni: classInitNative: succeeds
11-04 10:16:47.803  1487  2246 D DisplayPowerController: requestPowerState: policy=BRIGHT, useProximitySensor=false, screenBrightness=102, screenAutoBrightnessAdjustment=0.0, brightnessSetByUser=false, useAutoBrightness=false, blockScreenOn=false, lowPowerMode=false, boostScreenBrightness=false, dozeScreenBrightness=-1, dozeScreenState=UNKNOWN, forceWakeUpEnable=false, useTwilight=false, waitForNegativeProximity=false
11-04 10:16:47.804  1487  1540 D PowerManagerService: handle sandman startDreaming=false isDreaming=false mSandmanSummoned=false  mWakefulness1 wakefulness=1
11-04 10:16:47.804  1487  1507 D DisplayPowerController: requestPowerState: policy=BRIGHT, useProximitySensor=false, screenBrightness=102, screenAutoBrightnessAdjustment=0.0, brightnessSetByUser=false, useAutoBrightness=false, blockScreenOn=false, lowPowerMode=false, boostScreenBrightness=false, dozeScreenBrightness=-1, dozeScreenState=UNKNOWN, forceWakeUpEnable=false, useTwilight=false, waitForNegativeProximity=false
11-04 10:16:47.806  1487  1540 D PowerManagerService: handle sandman startDreaming=false isDreaming=false mSandmanSummoned=false  mWakefulness1 wakefulness=1
11-04 10:16:47.808  1487  2273 D DisplayPowerController: requestPowerState: policy=BRIGHT, useProximitySensor=false, screenBrightness=102, screenAutoBrightnessAdjustment=0.0, brightnessSetByUser=false, useAutoBrightness=false, blockScreenOn=false, lowPowerMode=false, boostScreenBrightness=false, dozeScreenBrightness=-1, dozeScreenState=UNKNOWN, forceWakeUpEnable=false, useTwilight=false, waitForNegativeProximity=false
11-04 10:16:47.808  1487  1540 D PowerManagerService: handle sandman startDreaming=false isDreaming=false mSandmanSummoned=false  mWakefulness1 wakefulness=1
11-04 10:16:47.809  1701  1701 D BluetoothAdapterService: getAdapterService() - returning com.android.bluetooth.btservice.AdapterService@dd1ddd7
11-04 10:16:47.810  1487  2271 D DisplayPowerController: requestPowerState: policy=BRIGHT, useProximitySensor=false, screenBrightness=102, screenAutoBrightnessAdjustment=0.0, brightnessSetByUser=false, useAutoBrightness=false, blockScreenOn=false, lowPowerMode=false, boostScreenBrightness=false, dozeScreenBrightness=-1, dozeScreenState=UNKNOWN, forceWakeUpEnable=false, useTwilight=false, waitForNegativeProximity=false
11-04 10:16:47.811  1487  2272 D DisplayPowerController: requestPowerState: policy=BRIGHT, useProximitySensor=false, screenBrightness=102, screenAutoBrightnessAdjustment=0.0, brightnessSetByUser=false, useAutoBrightness=false, blockScreenOn=false, lowPowerMode=false, boostScreenBrightness=false, dozeScreenBrightness=-1, dozeScreenState=UNKNOWN, forceWakeUpEnable=false, useTwilight=false, waitForNegativeProximity=false
11-04 10:16:47.811  1487  1540 D PowerManagerService: handle sandman startDreaming=false isDreaming=false mSandmanSummoned=false  mWakefulness1 wakefulness=1
11-04 10:16:47.815  1487  1996 D DisplayPowerController: requestPowerState: policy=BRIGHT, useProximitySensor=false, screenBrightness=102, screenAutoBrightnessAdjustment=0.0, brightnessSetByUser=false, useAutoBrightness=false, blockScreenOn=false, lowPowerMode=false, boostScreenBrightness=false, dozeScreenBrightness=-1, dozeScreenState=UNKNOWN, forceWakeUpEnable=false, useTwilight=false, waitForNegativeProximity=false
11-04 10:16:47.816  1771  1771 I chatty  : uid=10056(com.android.systemui) expire 4 lines
11-04 10:16:47.816  1487  1540 D PowerManagerService: handle sandman startDreaming=false isDreaming=false mSandmanSummoned=false  mWakefulness1 wakefulness=1
11-04 10:16:47.818  1701  1701 D HidService: Received start request. Starting profile...
11-04 10:16:47.818  1701  1701 I bt_btif : get_profile_interface hidhost
11-04 10:16:47.818  1701  1701 D HidService:  profile started successfully
11-04 10:16:47.818  1701  1876 I bt_bta_hh: BTA_HhEnable sec_mask:0x36 p_cback:0xd45a1271
11-04 10:16:47.819  1701  1701 D BluetoothAdapterService: getAdapterService() - returning com.android.bluetooth.btservice.AdapterService@dd1ddd7
11-04 10:16:47.819  1701  1876 I bt_btif_storage: btif_storage_get_adapter_property service_mask:0x20100048
11-04 10:16:47.819  1701  2258 W bt_l2cap: L2CAP - L2CA_Register() called for PSM: 0x0011
11-04 10:16:47.819  1701  2258 W bt_l2cap: L2CAP - L2CA_Register() called for PSM: 0x0013
11-04 10:16:47.819  1701  1701 I BluetoothHealthServiceJni: classInitNative: succeeds
11-04 10:16:47.820  1701  1701 D BluetoothAdapterService: getAdapterService() - returning com.android.bluetooth.btservice.AdapterService@dd1ddd7
11-04 10:16:47.823  1701  1701 D HealthService: Received start request. Starting profile...
11-04 10:16:47.824  1701  1701 I bt_btif : get_profile_interface health
11-04 10:16:47.825  1701  1701 D HealthService:  profile started successfully
11-04 10:16:47.825  1701  1701 D BluetoothAdapterService: getAdapterService() - returning com.android.bluetooth.btservice.AdapterService@dd1ddd7
11-04 10:16:47.827  1487  2246 D DisplayPowerController: requestPowerState: policy=BRIGHT, useProximitySensor=false, screenBrightness=102, screenAutoBrightnessAdjustment=0.0, brightnessSetByUser=false, useAutoBrightness=false, blockScreenOn=false, lowPowerMode=false, boostScreenBrightness=false, dozeScreenBrightness=-1, dozeScreenState=UNKNOWN, forceWakeUpEnable=false, useTwilight=false, waitForNegativeProximity=false
11-04 10:16:47.828  1487  1540 D PowerManagerService: handle sandman startDreaming=false isDreaming=false mSandmanSummoned=false  mWakefulness1 wakefulness=1
11-04 10:16:47.829  1701  1701 I BluetoothPanServiceJni: classInitNative(L110): succeeds
11-04 10:16:47.836  1701  1701 D BluetoothAdapterService: getAdapterService() - returning com.android.bluetooth.btservice.AdapterService@dd1ddd7
11-04 10:16:47.836  1487  2246 D DisplayPowerController: requestPowerState: policy=BRIGHT, useProximitySensor=false, screenBrightness=102, screenAutoBrightnessAdjustment=0.0, brightnessSetByUser=false, useAutoBrightness=false, blockScreenOn=false, lowPowerMode=false, boostScreenBrightness=false, dozeScreenBrightness=-1, dozeScreenState=UNKNOWN, forceWakeUpEnable=false, useTwilight=false, waitForNegativeProximity=false
11-04 10:16:47.836  1487  1540 D PowerManagerService: handle sandman startDreaming=false isDreaming=false mSandmanSummoned=false  mWakefulness1 wakefulness=1
11-04 10:16:47.838  1487  1507 D DisplayPowerController: requestPowerState: policy=BRIGHT, useProximitySensor=false, screenBrightness=102, screenAutoBrightnessAdjustment=0.0, brightnessSetByUser=false, useAutoBrightness=false, blockScreenOn=false, lowPowerMode=false, boostScreenBrightness=false, dozeScreenBrightness=-1, dozeScreenState=UNKNOWN, forceWakeUpEnable=false, useTwilight=false, waitForNegativeProximity=false
11-04 10:16:47.838  1487  1540 D PowerManagerService: handle sandman startDreaming=false isDreaming=false mSandmanSummoned=false  mWakefulness1 wakefulness=1
11-04 10:16:47.840  1487  2271 D DisplayPowerController: requestPowerState: policy=BRIGHT, useProximitySensor=false, screenBrightness=102, screenAutoBrightnessAdjustment=0.0, brightnessSetByUser=false, useAutoBrightness=false, blockScreenOn=false, lowPowerMode=false, boostScreenBrightness=false, dozeScreenBrightness=-1, dozeScreenState=UNKNOWN, forceWakeUpEnable=false, useTwilight=false, waitForNegativeProximity=false
11-04 10:16:47.841  1487  1540 D PowerManagerService: handle sandman startDreaming=false isDreaming=false mSandmanSummoned=false  mWakefulness1 wakefulness=1
11-04 10:16:47.843  1487  1996 D DisplayPowerController: requestPowerState: policy=BRIGHT, useProximitySensor=false, screenBrightness=102, screenAutoBrightnessAdjustment=0.0, brightnessSetByUser=false, useAutoBrightness=false, blockScreenOn=false, lowPowerMode=false, boostScreenBrightness=false, dozeScreenBrightness=-1, dozeScreenState=UNKNOWN, forceWakeUpEnable=false, useTwilight=false, waitForNegativeProximity=false
11-04 10:16:47.843  1701  1701 D PanService: Received start request. Starting profile...
11-04 10:16:47.843  1701  1701 D BluetoothPanServiceJni: initializeNative(L115): pan
11-04 10:16:47.843  1701  1701 I bt_btif : get_profile_interface pan
11-04 10:16:47.845  1701  2258 W bt_l2cap: L2CAP - L2CA_Register() called for PSM: 0x000f
11-04 10:16:47.845  1701  1701 D PanService:  profile started successfully
11-04 10:16:47.845  1701  1701 D BluetoothAdapterService: getAdapterService() - returning com.android.bluetooth.btservice.AdapterService@dd1ddd7
11-04 10:16:47.846  1487  1540 D PowerManagerService: handle sandman startDreaming=false isDreaming=false mSandmanSummoned=false  mWakefulness1 wakefulness=1
11-04 10:16:47.847  1701  1876 D BluetoothPanServiceJni: control_state_callback(L61): state:0, local_role:3, ifname:bt-pan
11-04 10:16:47.851   586   586 E SELinux : avc:  denied  { find } for service=batteryproperties pid=588 uid=1000 scontext=u:r:surfaceflinger:s0 tcontext=u:object_r:batteryproperties_service:s0 tclass=service_manager permissive=0
11-04 10:16:47.851   588   719 I ServiceManager: Waiting for service batteryproperties...
11-04 10:16:47.854  1701  1701 D BluetoothAdapterService: getAdapterService() - returning com.android.bluetooth.btservice.AdapterService@dd1ddd7
11-04 10:16:47.858  1701  1701 D BluetoothMapService: Received start request. Starting profile...
11-04 10:16:47.858  1701  1701 D BluetoothMapService: start()
11-04 10:16:47.865  1701  1701 D BluetoothMapService: mSessionStatusHandler CREATE_MAS_INSTANCES 
11-04 10:16:47.865  1701  1701 D BluetoothMapService:  profile started successfully
11-04 10:16:47.865  1701  2295 D BluetoothMapService: Handler(): got msg=5
11-04 10:16:47.865  1701  1701 D BluetoothAdapterService: getAdapterService() - returning com.android.bluetooth.btservice.AdapterService@dd1ddd7
11-04 10:16:47.866  1701  2295 D BluetoothMapService: CREATE_MAS_INSTANCES 
11-04 10:16:47.866  1487  1996 D DisplayPowerController: requestPowerState: policy=BRIGHT, useProximitySensor=false, screenBrightness=102, screenAutoBrightnessAdjustment=0.0, brightnessSetByUser=false, useAutoBrightness=false, blockScreenOn=false, lowPowerMode=false, boostScreenBrightness=false, dozeScreenBrightness=-1, dozeScreenState=UNKNOWN, forceWakeUpEnable=false, useTwilight=false, waitForNegativeProximity=false
11-04 10:16:47.866  1701  2295 D BluetoothMapAppObserver: isDisabledNonAosp :false
11-04 10:16:47.866  1487  1540 D PowerManagerService: handle sandman startDreaming=false isDreaming=false mSandmanSummoned=false  mWakefulness1 wakefulness=1
11-04 10:16:47.867  1701  2295 D BluetoothMapAccountEmailLoader: mEmailContext Assigned 
11-04 10:16:47.867  1701  2295 D BluetoothMapAccountEmailLoader: Groups SIZE: 0
11-04 10:16:47.867  1701  2295 D BluetoothMapAccountEmailLoader: Found 0 applications - Support legacy default or primary email Account
11-04 10:16:47.867  1701  1701 D BluetoothOppReceiver: Enter - onReceive for intent:android.bluetooth.adapter.action.STATE_CHANGED
11-04 10:16:47.867  1701  1701 D BluetoothOppReceiver:  Bluetooth Adapter state = 11
11-04 10:16:47.867  1701  1701 D BluetoothOppReceiver: Exit - onReceive for intent:android.bluetooth.adapter.action.STATE_CHANGED
11-04 10:16:47.869  1701  2295 D BluetoothMapAccountEmailLoader: isEmailAppStarted: false
11-04 10:16:47.869  1701  1701 I BluetoothAvrcpControllerJni: classInitNative: succeeds
11-04 10:16:47.870  1701  1701 I bt_btif : get_profile_interface avrcp_ctrl
11-04 10:16:47.870  1701  2295 D BluetoothMapAppObserver: createReceiver()
11-04 10:16:47.873  1701  2295 D BluetoothMapAppObserver: initObservers()
11-04 10:16:47.873  1701  1701 D BluetoothAdapterService: getAdapterService() - returning com.android.bluetooth.btservice.AdapterService@dd1ddd7
11-04 10:16:47.876  1701  2295 D BluetoothMapAppObserver: getEnabledAccountItems()
11-04 10:16:47.876  1701  2295 W BluetoothMapAppObserver: getEnabledAccountItems() - No AccountList enabled
11-04 10:16:47.878  1701  1701 D AvrcpControllerService: Received start request. Starting profile...
11-04 10:16:47.879  1701  1701 D AvrcpControllerService: Start
11-04 10:16:47.880  1701  1701 D AvrcpControllerService: setAvrcpControllerService(): set to: null
11-04 10:16:47.880  1701  1701 D AvrcpControllerService:  profile started successfully
11-04 10:16:47.881  1701  1701 D BluetoothAdapterService: getAdapterService() - returning com.android.bluetooth.btservice.AdapterService@dd1ddd7
11-04 10:16:47.882  1701  1701 D BluetoothAdapterService: handleMessage() - Message: 1
11-04 10:16:47.882  1701  2274 D HeadsetStateMachine: Disconnected process message: 10, size: 0
11-04 10:16:47.882  1701  1701 D BluetoothAdapterService: handleMessage() - MESSAGE_PROFILE_SERVICE_STATE_CHANGED
11-04 10:16:47.882  1701  2274 D HeadsetStateMachine: Enter processIntentBatteryChanged()
11-04 10:16:47.883  1701  1701 W BluetoothAdapterService: onProfileServiceStateChange() serviceName=com.android.bluetooth.hfp.HeadsetService, state=12, doUpdate=true
11-04 10:16:47.883  1701  1701 V BluetoothAdapterState: isTurningOff()=false
11-04 10:16:47.883  1701  2274 D HeadsetPhoneState: sendDeviceStateChanged. mService=0 mSignal=0 mRoam=0 mBatteryCharge=5
11-04 10:16:47.883  1701  1701 V BluetoothAdapterState: isTurningOn()=true
11-04 10:16:47.883  1701  2274 D HeadsetStateMachine: Exit processIntentBatteryChanged()
11-04 10:16:47.884  1701  1701 V BluetoothAdapterState: isBleTurningOn()=false
11-04 10:16:47.884  1701  2274 D HeadsetStateMachine: Exit Disconnected processMessage() 
11-04 10:16:47.884  1701  1701 V BluetoothAdapterState: isBleTurningOff()=false
11-04 10:16:47.884  1701  2274 D HeadsetStateMachine: Disconnected process message: 11, size: 0
11-04 10:16:47.884  1701  1701 D BluetoothAdapterService: processProfileServiceStateChanged() - serviceName=com.android.bluetooth.hfp.HeadsetService isTurningOn=true isTurningOff=false isBleTurningOn=false isBleTurningOff=false
11-04 10:16:47.885  1701  2295 D BluetoothMapService: Handler(): got msg=1
11-04 10:16:47.887  1701  1701 D BluetoothAdapterService: Service: com.android.bluetooth.hid.HidService
11-04 10:16:47.888  1701  1701 W BluetoothAdapterService: onProfileServiceStateChange() - Profile still not running:com.android.bluetooth.hid.HidService
11-04 10:16:47.890  1701  1701 D BluetoothAdapterService: getAdapterService() - returning com.android.bluetooth.btservice.AdapterService@dd1ddd7
11-04 10:16:47.893  1487  1506 V ActivityManager: Enqueueing parallel broadcast BroadcastRecord{4251231 u-1 android.intent.action.ANY_DATA_STATE} intent Intent { act=android.intent.action.ANY_DATA_STATE flg=0x10 (has extras) }
11-04 10:16:47.894  1701  1701 D SapService: Received start request. Starting profile...
11-04 10:16:47.897  1771  2088 I chatty  : uid=10056(com.android.systemui) PhoneStatusBar expire 5 lines
11-04 10:16:47.899  1701  1701 D SapService:  profile started successfully
11-04 10:16:47.899  1701  1701 D BluetoothAdapterService: getAdapterService() - returning com.android.bluetooth.btservice.AdapterService@dd1ddd7
11-04 10:16:47.902  1701  1701 D BluetoothAdapterService: handleMessage() - Message: 1
11-04 10:16:47.902  1701  1701 D BluetoothAdapterService: handleMessage() - MESSAGE_PROFILE_SERVICE_STATE_CHANGED
11-04 10:16:47.903  1701  1701 W BluetoothAdapterService: onProfileServiceStateChange() serviceName=com.android.bluetooth.a2dp.A2dpService, state=12, doUpdate=true
11-04 10:16:47.903  1701  1701 V BluetoothAdapterState: isTurningOff()=false
11-04 10:16:47.903  1701  1701 V BluetoothAdapterState: isTurningOn()=true
11-04 10:16:47.903  1701  1701 V BluetoothAdapterState: isBleTurningOn()=false
11-04 10:16:47.904  1701  1701 V BluetoothAdapterState: isBleTurningOff()=false
11-04 10:16:47.904  1701  1701 D BluetoothAdapterService: processProfileServiceStateChanged() - serviceName=com.android.bluetooth.a2dp.A2dpService isTurningOn=true isTurningOff=false isBleTurningOn=false isBleTurningOff=false
11-04 10:16:47.904  1701  1701 D BluetoothAdapterService: Service: com.android.bluetooth.hid.HidService
11-04 10:16:47.904  1701  1701 W BluetoothAdapterService: onProfileServiceStateChange() - Profile still not running:com.android.bluetooth.hid.HidService
11-04 10:16:47.905  1701  1701 D BluetoothAdapterService: handleMessage() - Message: 1
11-04 10:16:47.905  1701  1701 D BluetoothAdapterService: handleMessage() - MESSAGE_PROFILE_SERVICE_STATE_CHANGED
11-04 10:16:47.905  1701  1701 W BluetoothAdapterService: onProfileServiceStateChange() serviceName=com.android.bluetooth.hid.HidService, state=12, doUpdate=true
11-04 10:16:47.905  1701  1701 V BluetoothAdapterState: isTurningOff()=false
11-04 10:16:47.905  1701  1701 V BluetoothAdapterState: isTurningOn()=true
11-04 10:16:47.905  1701  1701 V BluetoothAdapterState: isBleTurningOn()=false
11-04 10:16:47.906  1701  1701 V BluetoothAdapterState: isBleTurningOff()=false
11-04 10:16:47.906  1701  1701 D BluetoothAdapterService: processProfileServiceStateChanged() - serviceName=com.android.bluetooth.hid.HidService isTurningOn=true isTurningOff=false isBleTurningOn=false isBleTurningOff=false
11-04 10:16:47.906  1701  1701 D BluetoothAdapterService: Service: com.android.bluetooth.hid.HidService
11-04 10:16:47.906  1701  1701 D BluetoothAdapterService: Service: com.android.bluetooth.hfp.HeadsetService
11-04 10:16:47.906  1701  1701 D BluetoothAdapterService: Service: com.android.bluetooth.gatt.GattService
11-04 10:16:47.907  1701  1701 W BluetoothAdapterService: Skip GATT service - already started before
11-04 10:16:47.907  1701  1701 D BluetoothAdapterService: Service: com.android.bluetooth.avrcp.AvrcpControllerService
11-04 10:16:47.907  1701  1701 W BluetoothAdapterService: onProfileServiceStateChange() - Profile still not running:com.android.bluetooth.avrcp.AvrcpControllerService
11-04 10:16:47.907  1701  1701 D BluetoothAdapterService: handleMessage() - Message: 1
11-04 10:16:47.907  1701  1701 D BluetoothAdapterService: handleMessage() - MESSAGE_PROFILE_SERVICE_STATE_CHANGED
11-04 10:16:47.908  1701  1701 W BluetoothAdapterService: onProfileServiceStateChange() serviceName=com.android.bluetooth.hdp.HealthService, state=12, doUpdate=true
11-04 10:16:47.908  1701  1701 V BluetoothAdapterState: isTurningOff()=false
11-04 10:16:47.908  1701  1701 V BluetoothAdapterState: isTurningOn()=true
11-04 10:16:47.908  1701  1701 V BluetoothAdapterState: isBleTurningOn()=false
11-04 10:16:47.908  1701  1701 V BluetoothAdapterState: isBleTurningOff()=false
11-04 10:16:47.909  1701  1701 D BluetoothAdapterService: processProfileServiceStateChanged() - serviceName=com.android.bluetooth.hdp.HealthService isTurningOn=true isTurningOff=false isBleTurningOn=false isBleTurningOff=false
11-04 10:16:47.909  1701  1701 D BluetoothAdapterService: Service: com.android.bluetooth.hid.HidService
11-04 10:16:47.909  1701  1701 D BluetoothAdapterService: Service: com.android.bluetooth.hfp.HeadsetService
11-04 10:16:47.909  1701  1701 D BluetoothAdapterService: Service: com.android.bluetooth.gatt.GattService
11-04 10:16:47.909  1701  1701 W BluetoothAdapterService: Skip GATT service - already started before
11-04 10:16:47.909  1701  1701 D BluetoothAdapterService: Service: com.android.bluetooth.avrcp.AvrcpControllerService
11-04 10:16:47.910  1701  1701 W BluetoothAdapterService: onProfileServiceStateChange() - Profile still not running:com.android.bluetooth.avrcp.AvrcpControllerService
11-04 10:16:47.910  1701  1701 D BluetoothAdapterService: handleMessage() - Message: 1
11-04 10:16:47.910  1701  1701 D BluetoothAdapterService: handleMessage() - MESSAGE_PROFILE_SERVICE_STATE_CHANGED
11-04 10:16:47.910  1701  1701 W BluetoothAdapterService: onProfileServiceStateChange() serviceName=com.android.bluetooth.pan.PanService, state=12, doUpdate=true
11-04 10:16:47.911  1701  1701 V BluetoothAdapterState: isTurningOff()=false
11-04 10:16:47.911  1701  1701 V BluetoothAdapterState: isTurningOn()=true
11-04 10:16:47.911  1701  1701 V BluetoothAdapterState: isBleTurningOn()=false
11-04 10:16:47.911  1701  1701 V BluetoothAdapterState: isBleTurningOff()=false
11-04 10:16:47.911  1701  1701 D BluetoothAdapterService: processProfileServiceStateChanged() - serviceName=com.android.bluetooth.pan.PanService isTurningOn=true isTurningOff=false isBleTurningOn=false isBleTurningOff=false
11-04 10:16:47.912  1701  1701 D BluetoothAdapterService: Service: com.android.bluetooth.hid.HidService
11-04 10:16:47.912  1701  1701 D BluetoothAdapterService: Service: com.android.bluetooth.hfp.HeadsetService
11-04 10:16:47.912  1701  1701 D BluetoothAdapterService: Service: com.android.bluetooth.gatt.GattService
11-04 10:16:47.912  1701  1701 W BluetoothAdapterService: Skip GATT service - already started before
11-04 10:16:47.913  1701  1701 D BluetoothAdapterService: Service: com.android.bluetooth.avrcp.AvrcpControllerService
11-04 10:16:47.913  1701  1701 W BluetoothAdapterService: onProfileServiceStateChange() - Profile still not running:com.android.bluetooth.avrcp.AvrcpControllerService
11-04 10:16:47.913  1701  1701 D BluetoothAdapterService: handleMessage() - Message: 1
11-04 10:16:47.913  1701  1701 D BluetoothAdapterService: handleMessage() - MESSAGE_PROFILE_SERVICE_STATE_CHANGED
11-04 10:16:47.913  1701  1701 W BluetoothAdapterService: onProfileServiceStateChange() serviceName=com.android.bluetooth.map.BluetoothMapService, state=12, doUpdate=true
11-04 10:16:47.914  1701  1701 V BluetoothAdapterState: isTurningOff()=false
11-04 10:16:47.914  1701  1701 V BluetoothAdapterState: isTurningOn()=true
11-04 10:16:47.914  1701  1701 V BluetoothAdapterState: isBleTurningOn()=false
11-04 10:16:47.914  1701  1701 V BluetoothAdapterState: isBleTurningOff()=false
11-04 10:16:47.915  1701  1701 D BluetoothAdapterService: processProfileServiceStateChanged() - serviceName=com.android.bluetooth.map.BluetoothMapService isTurningOn=true isTurningOff=false isBleTurningOn=false isBleTurningOff=false
11-04 10:16:47.915  1701  1701 D BluetoothAdapterService: Service: com.android.bluetooth.hid.HidService
11-04 10:16:47.915  1701  1701 D BluetoothAdapterService: Service: com.android.bluetooth.hfp.HeadsetService
11-04 10:16:47.915  1701  1701 D BluetoothAdapterService: Service: com.android.bluetooth.gatt.GattService
11-04 10:16:47.916  1701  1701 W BluetoothAdapterService: Skip GATT service - already started before
11-04 10:16:47.916  1701  1701 D BluetoothAdapterService: Service: com.android.bluetooth.avrcp.AvrcpControllerService
11-04 10:16:47.916  1701  1701 W BluetoothAdapterService: onProfileServiceStateChange() - Profile still not running:com.android.bluetooth.avrcp.AvrcpControllerService
11-04 10:16:47.916  1701  1701 D BluetoothAdapterService: handleMessage() - Message: 1
11-04 10:16:47.916  1701  1701 D BluetoothAdapterService: handleMessage() - MESSAGE_PROFILE_SERVICE_STATE_CHANGED
11-04 10:16:47.916  1487  1507 V ActivityManager: Enqueueing parallel broadcast BroadcastRecord{40ad669 u-1 android.intent.action.ANY_DATA_STATE} intent Intent { act=android.intent.action.ANY_DATA_STATE flg=0x10 (has extras) }
11-04 10:16:47.917  1701  1701 W BluetoothAdapterService: onProfileServiceStateChange() serviceName=com.android.bluetooth.avrcp.AvrcpControllerService, state=12, doUpdate=true
11-04 10:16:47.917  1701  1701 V BluetoothAdapterState: isTurningOff()=false
11-04 10:16:47.917  1701  1701 V BluetoothAdapterState: isTurningOn()=true
11-04 10:16:47.917  1701  1701 V BluetoothAdapterState: isBleTurningOn()=false
11-04 10:16:47.918  1701  1701 V BluetoothAdapterState: isBleTurningOff()=false
11-04 10:16:47.918  1701  1701 D BluetoothAdapterService: processProfileServiceStateChanged() - serviceName=com.android.bluetooth.avrcp.AvrcpControllerService isTurningOn=true isTurningOff=false isBleTurningOn=false isBleTurningOff=false
11-04 10:16:47.918  1701  1701 D BluetoothAdapterService: Service: com.android.bluetooth.hid.HidService
11-04 10:16:47.918  1701  1701 D BluetoothAdapterService: Service: com.android.bluetooth.hfp.HeadsetService
11-04 10:16:47.918  1701  1701 D BluetoothAdapterService: Service: com.android.bluetooth.gatt.GattService
11-04 10:16:47.919  1701  1701 W BluetoothAdapterService: Skip GATT service - already started before
11-04 10:16:47.919  1701  1701 D BluetoothAdapterService: Service: com.android.bluetooth.avrcp.AvrcpControllerService
11-04 10:16:47.919  1701  1701 D BluetoothAdapterService: Service: com.android.bluetooth.map.BluetoothMapService
11-04 10:16:47.919  1701  1701 D BluetoothAdapterService: Service: com.android.bluetooth.sap.SapService
11-04 10:16:47.919  1701  1701 W BluetoothAdapterService: onProfileServiceStateChange() - Profile still not running:com.android.bluetooth.sap.SapService
11-04 10:16:47.920  1701  1701 D BluetoothAdapterService: handleMessage() - Message: 1
11-04 10:16:47.920  1701  1701 D BluetoothAdapterService: handleMessage() - MESSAGE_PROFILE_SERVICE_STATE_CHANGED
11-04 10:16:47.920  1701  1701 W BluetoothAdapterService: onProfileServiceStateChange() serviceName=com.android.bluetooth.sap.SapService, state=12, doUpdate=true
11-04 10:16:47.920  1771  2088 D NetworkController: DATA_CONNECTION mIsMobileMMS = false
11-04 10:16:47.920   804  2105 I ExtendedExtractor: QTIParser is prefered
11-04 10:16:47.921  1701  1701 V BluetoothAdapterState: isTurningOff()=false
11-04 10:16:47.921  1701  1701 V BluetoothAdapterState: isTurningOn()=true
11-04 10:16:47.921  1701  1701 V BluetoothAdapterState: isBleTurningOn()=false
11-04 10:16:47.921  1701  1701 V BluetoothAdapterState: isBleTurningOff()=false
11-04 10:16:47.921  1701  1701 D BluetoothAdapterService: processProfileServiceStateChanged() - serviceName=com.android.bluetooth.sap.SapService isTurningOn=true isTurningOff=false isBleTurningOn=false isBleTurningOff=false
